###############################################################################
#                                                                             #
# IAR ELF Linker V6.30.4.53288/W32 for ARM              14/Jul/2014  01:24:18 #
# Copyright 2007-2011 IAR Systems AB.                                         #
#                                                                             #
#    Output file  =  C:\Users\sony\Desktop\PE V1.4 2014.07.14  0-12           #
#                    tiaocan\bin\Flash\Exe\PE V1.4 2014.07.14  0-12           #
#                    tiaocan.out                                              #
#    Map file     =  C:\Users\sony\Desktop\PE V1.4 2014.07.14  0-12           #
#                    tiaocan\bin\Flash\List\PE V1.4 2014.07.14  0-12          #
#                    tiaocan.map                                              #
#    Command line =  "C:\Users\sony\Desktop\PE V1.4 2014.07.14  0-12          #
#                    tiaocan\bin\Flash\Obj\LQ12864.o"                         #
#                    "C:\Users\sony\Desktop\PE V1.4 2014.07.14  0-12          #
#                    tiaocan\bin\Flash\Obj\PID.o" "C:\Users\sony\Desktop\PE   #
#                    V1.4 2014.07.14  0-12 tiaocan\bin\Flash\Obj\adc.o"       #
#                    "C:\Users\sony\Desktop\PE V1.4 2014.07.14  0-12          #
#                    tiaocan\bin\Flash\Obj\button.o"                          #
#                    "C:\Users\sony\Desktop\PE V1.4 2014.07.14  0-12          #
#                    tiaocan\bin\Flash\Obj\common.o"                          #
#                    "C:\Users\sony\Desktop\PE V1.4 2014.07.14  0-12          #
#                    tiaocan\bin\Flash\Obj\control.o"                         #
#                    "C:\Users\sony\Desktop\PE V1.4 2014.07.14  0-12          #
#                    tiaocan\bin\Flash\Obj\crt0.o" "C:\Users\sony\Desktop\PE  #
#                    V1.4 2014.07.14  0-12 tiaocan\bin\Flash\Obj\decoder.o"   #
#                    "C:\Users\sony\Desktop\PE V1.4 2014.07.14  0-12          #
#                    tiaocan\bin\Flash\Obj\delay.o"                           #
#                    "C:\Users\sony\Desktop\PE V1.4 2014.07.14  0-12          #
#                    tiaocan\bin\Flash\Obj\gpio.o" "C:\Users\sony\Desktop\PE  #
#                    V1.4 2014.07.14  0-12 tiaocan\bin\Flash\Obj\i2c.o"       #
#                    "C:\Users\sony\Desktop\PE V1.4 2014.07.14  0-12          #
#                    tiaocan\bin\Flash\Obj\isr.o" "C:\Users\sony\Desktop\PE   #
#                    V1.4 2014.07.14  0-12 tiaocan\bin\Flash\Obj\light.o"     #
#                    "C:\Users\sony\Desktop\PE V1.4 2014.07.14  0-12          #
#                    tiaocan\bin\Flash\Obj\main.o" "C:\Users\sony\Desktop\PE  #
#                    V1.4 2014.07.14  0-12 tiaocan\bin\Flash\Obj\pit.o"       #
#                    "C:\Users\sony\Desktop\PE V1.4 2014.07.14  0-12          #
#                    tiaocan\bin\Flash\Obj\pwm.o" "C:\Users\sony\Desktop\PE   #
#                    V1.4 2014.07.14  0-12 tiaocan\bin\Flash\Obj\start.o"     #
#                    "C:\Users\sony\Desktop\PE V1.4 2014.07.14  0-12          #
#                    tiaocan\bin\Flash\Obj\sysinit.o"                         #
#                    "C:\Users\sony\Desktop\PE V1.4 2014.07.14  0-12          #
#                    tiaocan\bin\Flash\Obj\uart.o" "C:\Users\sony\Desktop\PE  #
#                    V1.4 2014.07.14  0-12 tiaocan\bin\Flash\Obj\vectors.o"   #
#                    "C:\Users\sony\Desktop\PE V1.4 2014.07.14  0-12          #
#                    tiaocan\bin\Flash\Obj\wdog.o" --redirect                 #
#                    _Printf=_PrintfFull --redirect _Scanf=_ScanfFull -o      #
#                    "C:\Users\sony\Desktop\PE V1.4 2014.07.14  0-12          #
#                    tiaocan\bin\Flash\Exe\PE V1.4 2014.07.14  0-12           #
#                    tiaocan.out" --map "C:\Users\sony\Desktop\PE V1.4        #
#                    2014.07.14  0-12 tiaocan\bin\Flash\List\PE V1.4          #
#                    2014.07.14  0-12 tiaocan.map" --config                   #
#                    "C:\Users\sony\Desktop\PE V1.4 2014.07.14  0-12          #
#                    tiaocan\src\Project_Settings\Link\Pflash.icf"            #
#                    --semihosting --entry __iar_program_start --vfe          #
#                                                                             #
#                                                                             #
###############################################################################

*******************************************************************************
*** RUNTIME MODEL ATTRIBUTES
***

CppFlavor       = *
__SystemLibrary = DLib


*******************************************************************************
*** PLACEMENT SUMMARY
***

"A1":  place at 0x00000000 { ro section .intvec };
"A2":  place at 0x00000410 { ro section .noinit };
"P1":  place in [from 0x00000000 to 0x00080000] { ro, block CodeRelocate };
"P2":  place in [from 0x1fff0410 to 0x20010000] {
          rw, block CodeRelocateRam, block CSTACK, block HEAP };

  Section              Kind        Address    Size  Object
  -------              ----        -------    ----  ------
"A1":                                        0x410
  .intvec              const    0x00000000   0x410  vectors.o [1]
                              - 0x00000410   0x410

"A2":                                         0x3c
  .noinit              ro code  0x00000410    0x3c  crt0.o [1]
                              - 0x0000044c    0x3c

"P1":                                       0x8224
  .text                ro code  0x0000044c  0x2cdc  main.o [1]
  .text                ro code  0x00003128    0xa8  PID.o [1]
  .text                ro code  0x000031d0   0x614  LQ12864.o [1]
  .text                ro code  0x000037e4   0x390  button.o [1]
  .text                ro code  0x00003b74    0x48  delay.o [1]
  .text                ro code  0x00003bbc    0xd8  FltMul.o [4]
  .text                ro code  0x00003c94    0x44  FltToS32.o [4]
  .text                ro code  0x00003cd8    0x4e  FltToDbl.o [4]
  .text                ro code  0x00003d26    0x22  zero_init3.o [5]
  .text                ro code  0x00003d48    0xe8  DblAdd.o [4]
  .text                ro code  0x00003e30    0x90  DblToFlt.o [4]
  .text                ro code  0x00003ec0  0x2624  control.o [1]
  .text                ro code  0x000064e4    0xa2  gpio.o [1]
  .text                ro code  0x00006586     0x2  vectors.o [1]
  .text                ro code  0x00006588   0x20c  uart.o [1]
  .text                ro code  0x00006794   0x6d4  pwm.o [1]
  .text                ro code  0x00006e68    0xb8  pit.o [1]
  .text                ro code  0x00006f20    0x2e  I32ToFlt.o [4]
  .text                ro code  0x00006f50    0xe6  FltSub.o [4]
  .text                ro code  0x00007038    0x84  FltAdd.o [4]
  .text                ro code  0x000070bc   0x16c  DblSub.o [4]
  .text                ro code  0x00007228   0x1dc  adc.o [1]
  .text                ro code  0x00007404     0x6  ABImemclr4.o [5]
  .text                ro code  0x0000740c   0x246  DblDiv.o [4]
  .text                ro code  0x00007654    0x2e  DblCmpGe.o [4]
  .text                ro code  0x00007684    0x2e  DblCmpLe.o [4]
  .text                ro code  0x000076b4    0xfc  FltDiv.o [4]
  .text                ro code  0x000077b0    0xb4  common.o [1]
  .text                ro code  0x00007864    0x32  ABImemset48.o [5]
  .rodata              const    0x00007898   0x5f0  LQ12864.o [1]
  Veneer               ro code  0x00007e88     0x8  - Linker created -
  .text                ro code  0x00007e90   0x210  sysinit.o [1]
  .text                ro code  0x000080a0   0x1b4  isr.o [1]
  .text                ro code  0x00008254    0xb0  start.o [1]
  .text                ro code  0x00008304    0x38  wdog.o [1]
  .data_init                    0x0000833c    0x7c  <Block>
    Initializer bytes  ro data  0x0000833c    0x7c  <for .data-1>
  CodeRelocate                  0x000083b8    0x4c  <Block>
    Initializer bytes  ro data  0x000083b8    0x4c  <for CodeRelocateRam-1>
  .text                ro code  0x00008404    0x2c  data_init3.o [5]
  .iar.init_table      const    0x00008430    0x10  - Linker created -
  .text                ro code  0x00008440    0x16  cmain.o [5]
  .text                ro code  0x00008456     0x4  low_level_init.o [3]
  .text                ro code  0x0000845a     0x4  exit.o [3]
  .text                ro code  0x00008460     0xa  cexit.o [5]
  .text                ro code  0x0000846c    0x14  exit.o [6]
  .rodata              const    0x00008480     0xc  main.o [1]
  .rodata              const    0x0000848c     0xc  main.o [1]
  .rodata              const    0x00008498     0xc  main.o [1]
  .rodata              const    0x000084a4     0xc  main.o [1]
  .rodata              const    0x000084b0     0xc  main.o [1]
  .rodata              const    0x000084bc     0xc  main.o [1]
  .rodata              const    0x000084c8     0xc  main.o [1]
  .rodata              const    0x000084d4     0xc  main.o [1]
  .rodata              const    0x000084e0     0xc  main.o [1]
  .text                ro code  0x000084ec     0xc  cstartup_M.o [5]
  .rodata              const    0x000084f8     0x8  main.o [1]
  .rodata              const    0x00008500     0x8  main.o [1]
  .rodata              const    0x00008508     0x8  main.o [1]
  .rodata              const    0x00008510     0x8  main.o [1]
  .rodata              const    0x00008518     0x8  main.o [1]
  .rodata              const    0x00008520     0x8  main.o [1]
  .rodata              const    0x00008528     0x8  main.o [1]
  .rodata              const    0x00008530     0x8  main.o [1]
  .rodata              const    0x00008538     0x8  main.o [1]
  .rodata              const    0x00008540     0x8  main.o [1]
  .rodata              const    0x00008548     0x8  main.o [1]
  .rodata              const    0x00008550     0x8  main.o [1]
  .rodata              const    0x00008558     0x8  main.o [1]
  .rodata              const    0x00008560     0x8  main.o [1]
  .rodata              const    0x00008568     0x8  main.o [1]
  .rodata              const    0x00008570     0x8  main.o [1]
  .rodata              const    0x00008578     0x8  main.o [1]
  .rodata              const    0x00008580     0x8  main.o [1]
  .rodata              const    0x00008588     0x8  main.o [1]
  .rodata              const    0x00008590     0x8  main.o [1]
  .rodata              const    0x00008598     0x8  main.o [1]
  .rodata              const    0x000085a0     0x8  main.o [1]
  .rodata              const    0x000085a8     0x8  main.o [1]
  .rodata              const    0x000085b0     0x8  main.o [1]
  .rodata              const    0x000085b8     0x8  main.o [1]
  .rodata              const    0x000085c0     0x8  main.o [1]
  .rodata              const    0x000085c8     0x8  main.o [1]
  .rodata              const    0x000085d0     0x8  main.o [1]
  .rodata              const    0x000085d8     0x8  main.o [1]
  .rodata              const    0x000085e0     0x8  main.o [1]
  .rodata              const    0x000085e8     0x8  main.o [1]
  .rodata              const    0x000085f0     0x8  main.o [1]
  .rodata              const    0x000085f8     0x8  main.o [1]
  .rodata              const    0x00008600     0x8  main.o [1]
  .rodata              const    0x00008608     0x8  main.o [1]
  .rodata              const    0x00008610     0x8  main.o [1]
  .rodata              const    0x00008618     0x8  main.o [1]
  .rodata              const    0x00008620     0x8  main.o [1]
  .rodata              const    0x00008628     0x8  main.o [1]
  .rodata              const    0x00008630     0x8  main.o [1]
  .rodata              const    0x00008638     0x8  main.o [1]
  .rodata              const    0x00008640     0x8  main.o [1]
  .rodata              const    0x00008648     0x8  main.o [1]
  .rodata              const    0x00008650     0x8  main.o [1]
  .rodata              const    0x00008658     0x8  main.o [1]
  .rodata              const    0x00008660     0x8  main.o [1]
  .rodata              const    0x00008668     0x8  main.o [1]
  .rodata              const    0x00008670     0x0  bwt_init3c.o [5]
                              - 0x00008670  0x8224

"P2", part 1 of 2:                            0xc8
  .data                         0x1fff0410    0x7c  <Block>
    .data-1                     0x1fff0410    0x7c  <Init block>
      .data            inited   0x1fff0410     0x4  PID.o [1]
      .data            inited   0x1fff0414     0x2  control.o [1]
      .data            inited   0x1fff0416     0x2  control.o [1]
      .data            inited   0x1fff0418     0x2  control.o [1]
      .data            inited   0x1fff041a     0x2  control.o [1]
      .data            inited   0x1fff041c     0x2  control.o [1]
      .data            inited   0x1fff041e     0x2  control.o [1]
      .data            inited   0x1fff0420     0x2  control.o [1]
      .data            inited   0x1fff0422     0x1  control.o [1]
      .data            inited   0x1fff0423     0x1  control.o [1]
      .data            inited   0x1fff0424     0x4  control.o [1]
      .data            inited   0x1fff0428     0x4  control.o [1]
      .data            inited   0x1fff042c     0x2  control.o [1]
      .data            inited   0x1fff042e     0x1  control.o [1]
      .data            inited   0x1fff042f     0x1  control.o [1]
      .data            inited   0x1fff0430     0x1  control.o [1]
      .data            inited   0x1fff0432     0x2  isr.o [1]
      .data            inited   0x1fff0434     0x1  main.o [1]
      .data            inited   0x1fff0436     0x2  main.o [1]
      .data            inited   0x1fff0438     0x2  main.o [1]
      .data            inited   0x1fff043c     0x4  main.o [1]
      .data            inited   0x1fff0440     0x4  main.o [1]
      .data            inited   0x1fff0444     0x4  main.o [1]
      .data            inited   0x1fff0448     0x4  main.o [1]
      .data            inited   0x1fff044c     0x4  main.o [1]
      .data            inited   0x1fff0450     0x4  main.o [1]
      .data            inited   0x1fff0454     0x4  main.o [1]
      .data            inited   0x1fff0458     0x4  main.o [1]
      .data            inited   0x1fff045c     0x4  main.o [1]
      .data            inited   0x1fff0460     0x4  main.o [1]
      .data            inited   0x1fff0464     0x4  main.o [1]
      .data            inited   0x1fff0468     0x4  main.o [1]
      .data            inited   0x1fff046c     0x4  main.o [1]
      .data            inited   0x1fff0470     0x4  main.o [1]
      .data            inited   0x1fff0474     0x2  main.o [1]
      .data            inited   0x1fff0476     0x2  main.o [1]
      .data            inited   0x1fff0478     0x2  main.o [1]
      .data            inited   0x1fff047a     0x2  main.o [1]
      .data            inited   0x1fff047c     0x2  main.o [1]
      .data            inited   0x1fff047e     0x2  main.o [1]
      .data            inited   0x1fff0480     0x2  main.o [1]
      .data            inited   0x1fff0482     0x1  main.o [1]
      .data            inited   0x1fff0483     0x1  main.o [1]
      .data            inited   0x1fff0484     0x1  main.o [1]
      .data            inited   0x1fff0485     0x1  main.o [1]
      .data            inited   0x1fff0486     0x1  main.o [1]
      .data            inited   0x1fff0488     0x4  main.o [1]
  CodeRelocateRam               0x1fff048c    0x4c  <Block>
    CodeRelocateRam-1           0x1fff048c    0x4c  <Init block>
      .textrw          inited   0x1fff048c    0x4c  sysinit.o [1]
                              - 0x1fff04d8    0xc8

"P2", part 2 of 2:                           0x422
  .bss                          0x1fff04d8   0x422  <Block>
    .bss               zero     0x1fff04d8     0x8  control.o [1]
    .bss               zero     0x1fff04e0    0x1c  PID.o [1]
    .bss               zero     0x1fff04fc     0x4  PID.o [1]
    .bss               zero     0x1fff0500     0x4  PID.o [1]
    .bss               zero     0x1fff0504    0x10  adc.o [1]
    .bss               zero     0x1fff0514     0x4  control.o [1]
    .bss               zero     0x1fff0518     0x4  control.o [1]
    .bss               zero     0x1fff051c    0xc8  control.o [1]
    .bss               zero     0x1fff05e4    0xc8  control.o [1]
    .bss               zero     0x1fff06ac     0x4  control.o [1]
    .bss               zero     0x1fff06b0     0x4  control.o [1]
    .bss               zero     0x1fff06b4    0x80  isr.o [1]
    .bss               zero     0x1fff0734    0x80  isr.o [1]
    .bss               zero     0x1fff07b4     0x4  isr.o [1]
    .bss               zero     0x1fff07b8     0x4  main.o [1]
    .bss               zero     0x1fff07bc     0x4  main.o [1]
    .bss               zero     0x1fff07c0     0x4  main.o [1]
    .bss               zero     0x1fff07c4     0x4  pwm.o [1]
    .bss               zero     0x1fff07c8     0x4  pwm.o [1]
    .bss               zero     0x1fff07cc     0x4  pwm.o [1]
    .bss               zero     0x1fff07d0     0x4  sysinit.o [1]
    .bss               zero     0x1fff07d4     0x4  sysinit.o [1]
    .bss               zero     0x1fff07d8     0x4  sysinit.o [1]
    .bss               zero     0x1fff07dc     0x2  control.o [1]
    .bss               zero     0x1fff07de     0x2  control.o [1]
    .bss               zero     0x1fff07e0     0x2  control.o [1]
    .bss               zero     0x1fff07e2     0x2  control.o [1]
    .bss               zero     0x1fff07e4     0x2  control.o [1]
    .bss               zero     0x1fff07e6     0x2  control.o [1]
    .bss               zero     0x1fff07e8     0x2  control.o [1]
    .bss               zero     0x1fff07ea     0x2  control.o [1]
    .bss               zero     0x1fff07ec     0x2  control.o [1]
    .bss               zero     0x1fff07ee     0x2  control.o [1]
    .bss               zero     0x1fff07f0     0x2  control.o [1]
    .bss               zero     0x1fff07f2     0x2  control.o [1]
    .bss               zero     0x1fff07f4     0x2  control.o [1]
    .bss               zero     0x1fff07f6     0x2  control.o [1]
    .bss               zero     0x1fff07f8     0x2  control.o [1]
    .bss               zero     0x1fff07fa     0x2  control.o [1]
    .bss               zero     0x1fff07fc     0x2  control.o [1]
    .bss               zero     0x1fff07fe     0x2  control.o [1]
    .bss               zero     0x1fff0800     0x2  control.o [1]
    .bss               zero     0x1fff0802     0x2  control.o [1]
    .bss               zero     0x1fff0804     0x2  control.o [1]
    .bss               zero     0x1fff0806     0x2  control.o [1]
    .bss               zero     0x1fff0808     0x2  control.o [1]
    .bss               zero     0x1fff080a     0x2  control.o [1]
    .bss               zero     0x1fff080c     0x2  control.o [1]
    .bss               zero     0x1fff080e     0x2  control.o [1]
    .bss               zero     0x1fff0810     0x2  control.o [1]
    .bss               zero     0x1fff0812     0x2  control.o [1]
    .bss               zero     0x1fff0814     0x2  control.o [1]
    .bss               zero     0x1fff0816     0x2  control.o [1]
    .bss               zero     0x1fff0818     0x2  control.o [1]
    .bss               zero     0x1fff081a     0x2  control.o [1]
    .bss               zero     0x1fff081c     0x2  control.o [1]
    .bss               zero     0x1fff081e     0x2  control.o [1]
    .bss               zero     0x1fff0820     0x2  control.o [1]
    .bss               zero     0x1fff0822     0x2  control.o [1]
    .bss               zero     0x1fff0824     0x2  control.o [1]
    .bss               zero     0x1fff0826     0x2  control.o [1]
    .bss               zero     0x1fff0828     0x2  control.o [1]
    .bss               zero     0x1fff082a     0x2  control.o [1]
    .bss               zero     0x1fff082c     0x2  control.o [1]
    .bss               zero     0x1fff082e     0x2  control.o [1]
    .bss               zero     0x1fff0830     0x2  control.o [1]
    .bss               zero     0x1fff0832     0x2  control.o [1]
    .bss               zero     0x1fff0834     0x2  control.o [1]
    .bss               zero     0x1fff0836     0x2  control.o [1]
    .bss               zero     0x1fff0838     0x2  control.o [1]
    .bss               zero     0x1fff083a     0x2  control.o [1]
    .bss               zero     0x1fff083c     0x2  control.o [1]
    .bss               zero     0x1fff083e     0x2  control.o [1]
    .bss               zero     0x1fff0840     0x2  control.o [1]
    .bss               zero     0x1fff0842     0x2  control.o [1]
    .bss               zero     0x1fff0844     0x2  control.o [1]
    .bss               zero     0x1fff0846     0x2  control.o [1]
    .bss               zero     0x1fff0848     0x2  control.o [1]
    .bss               zero     0x1fff084a     0x2  control.o [1]
    .bss               zero     0x1fff084c     0x2  control.o [1]
    .bss               zero     0x1fff084e     0x2  control.o [1]
    .bss               zero     0x1fff0850     0x2  control.o [1]
    .bss               zero     0x1fff0852     0x2  control.o [1]
    .bss               zero     0x1fff0854     0x2  control.o [1]
    .bss               zero     0x1fff0856     0x2  control.o [1]
    .bss               zero     0x1fff0858     0x2  control.o [1]
    .bss               zero     0x1fff085a     0x2  control.o [1]
    .bss               zero     0x1fff085c     0x2  control.o [1]
    .bss               zero     0x1fff085e     0x2  control.o [1]
    .bss               zero     0x1fff0860     0x2  control.o [1]
    .bss               zero     0x1fff0862     0x2  control.o [1]
    .bss               zero     0x1fff0864     0x2  control.o [1]
    .bss               zero     0x1fff0866     0x2  control.o [1]
    .bss               zero     0x1fff0868     0x2  control.o [1]
    .bss               zero     0x1fff086a     0x2  control.o [1]
    .bss               zero     0x1fff086c     0x2  control.o [1]
    .bss               zero     0x1fff086e     0x2  control.o [1]
    .bss               zero     0x1fff0870     0x2  control.o [1]
    .bss               zero     0x1fff0872     0x2  control.o [1]
    .bss               zero     0x1fff0874     0x2  control.o [1]
    .bss               zero     0x1fff0876     0x2  control.o [1]
    .bss               zero     0x1fff0878     0x2  control.o [1]
    .bss               zero     0x1fff087a     0x2  control.o [1]
    .bss               zero     0x1fff087c     0x2  control.o [1]
    .bss               zero     0x1fff087e     0x2  control.o [1]
    .bss               zero     0x1fff0880     0x2  control.o [1]
    .bss               zero     0x1fff0882     0x2  control.o [1]
    .bss               zero     0x1fff0884     0x2  control.o [1]
    .bss               zero     0x1fff0886     0x2  control.o [1]
    .bss               zero     0x1fff0888     0x2  control.o [1]
    .bss               zero     0x1fff088a     0x2  control.o [1]
    .bss               zero     0x1fff088c     0x2  control.o [1]
    .bss               zero     0x1fff088e     0x2  control.o [1]
    .bss               zero     0x1fff0890     0x2  control.o [1]
    .bss               zero     0x1fff0892     0x2  control.o [1]
    .bss               zero     0x1fff0894     0x2  control.o [1]
    .bss               zero     0x1fff0896     0x2  control.o [1]
    .bss               zero     0x1fff0898     0x2  control.o [1]
    .bss               zero     0x1fff089a     0x2  control.o [1]
    .bss               zero     0x1fff089c     0x2  control.o [1]
    .bss               zero     0x1fff089e     0x2  control.o [1]
    .bss               zero     0x1fff08a0     0x2  control.o [1]
    .bss               zero     0x1fff08a2     0x2  control.o [1]
    .bss               zero     0x1fff08a4     0x2  control.o [1]
    .bss               zero     0x1fff08a6     0x2  control.o [1]
    .bss               zero     0x1fff08a8     0x2  control.o [1]
    .bss               zero     0x1fff08aa     0x2  control.o [1]
    .bss               zero     0x1fff08ac     0x2  control.o [1]
    .bss               zero     0x1fff08ae     0x2  control.o [1]
    .bss               zero     0x1fff08b0     0x2  control.o [1]
    .bss               zero     0x1fff08b2     0x2  control.o [1]
    .bss               zero     0x1fff08b4     0x2  control.o [1]
    .bss               zero     0x1fff08b6     0x2  control.o [1]
    .bss               zero     0x1fff08b8     0x2  control.o [1]
    .bss               zero     0x1fff08ba     0x2  control.o [1]
    .bss               zero     0x1fff08bc     0x2  control.o [1]
    .bss               zero     0x1fff08be     0x2  control.o [1]
    .bss               zero     0x1fff08c0     0x2  control.o [1]
    .bss               zero     0x1fff08c2     0x2  control.o [1]
    .bss               zero     0x1fff08c4     0x2  control.o [1]
    .bss               zero     0x1fff08c6     0x2  isr.o [1]
    .bss               zero     0x1fff08c8     0x2  isr.o [1]
    .bss               zero     0x1fff08ca     0x2  main.o [1]
    .bss               zero     0x1fff08cc     0x2  main.o [1]
    .bss               zero     0x1fff08ce     0x2  main.o [1]
    .bss               zero     0x1fff08d0     0x2  main.o [1]
    .bss               zero     0x1fff08d2     0x2  main.o [1]
    .bss               zero     0x1fff08d4     0x2  main.o [1]
    .bss               zero     0x1fff08d6     0x2  main.o [1]
    .bss               zero     0x1fff08d8     0x2  main.o [1]
    .bss               zero     0x1fff08da     0x2  main.o [1]
    .bss               zero     0x1fff08dc     0x2  main.o [1]
    .bss               zero     0x1fff08de     0x2  main.o [1]
    .bss               zero     0x1fff08e0     0x2  main.o [1]
    .bss               zero     0x1fff08e2     0x1  control.o [1]
    .bss               zero     0x1fff08e3     0x1  control.o [1]
    .bss               zero     0x1fff08e4     0x1  control.o [1]
    .bss               zero     0x1fff08e5     0x1  control.o [1]
    .bss               zero     0x1fff08e6     0x1  control.o [1]
    .bss               zero     0x1fff08e7     0x1  control.o [1]
    .bss               zero     0x1fff08e8     0x1  control.o [1]
    .bss               zero     0x1fff08e9     0x1  control.o [1]
    .bss               zero     0x1fff08ea     0x1  control.o [1]
    .bss               zero     0x1fff08eb     0x1  control.o [1]
    .bss               zero     0x1fff08ec     0x1  control.o [1]
    .bss               zero     0x1fff08ed     0x1  control.o [1]
    .bss               zero     0x1fff08ee     0x1  control.o [1]
    .bss               zero     0x1fff08ef     0x1  control.o [1]
    .bss               zero     0x1fff08f0     0x1  isr.o [1]
    .bss               zero     0x1fff08f1     0x1  isr.o [1]
    .bss               zero     0x1fff08f2     0x1  isr.o [1]
    .bss               zero     0x1fff08f3     0x1  isr.o [1]
    .bss               zero     0x1fff08f4     0x1  isr.o [1]
    .bss               zero     0x1fff08f5     0x1  isr.o [1]
    .bss               zero     0x1fff08f6     0x1  isr.o [1]
    .bss               zero     0x1fff08f7     0x1  isr.o [1]
    .bss               zero     0x1fff08f8     0x1  isr.o [1]
    .bss               zero     0x1fff08f9     0x1  isr.o [1]
                              - 0x1fff08fa   0x422


*******************************************************************************
*** INIT TABLE
***

          Address     Size
          -------     ----
Zero (__iar_zero_init3)
    1 destination range, total size 0x422:
          0x1fff04d8  0x422



*******************************************************************************
*** MODULE SUMMARY
***

    Module            ro code  rw code  ro data  rw data
    ------            -------  -------  -------  -------
C:\Users\sony\Desktop\PE V1.4 2014.07.14  0-12 tiaocan\bin\Flash\Obj: [1]
    LQ12864.o           1 556             1 520
    PID.o                 168                 4       40
    adc.o                 476                         16
    button.o              912
    common.o              180
    control.o           9 764                29      701
    crt0.o                 60
    delay.o                72
    gpio.o                162
    isr.o                 436                 3      276
    main.o             11 484               572      120
    pit.o                 184
    pwm.o               1 748                         12
    start.o               176
    sysinit.o             528       76       76       12
    uart.o                524
    vectors.o               2             1 040
    wdog.o                 56
    ----------------------------------------------------
    Total:             28 488       76    3 244    1 177

command line: [2]
    ----------------------------------------------------
    Total:

dl7M_tln.a: [3]
    exit.o                  4
    low_level_init.o        4
    ----------------------------------------------------
    Total:                  8

m7M_tl.a: [4]
    DblAdd.o              232
    DblCmpGe.o             46
    DblCmpLe.o             46
    DblDiv.o              582
    DblSub.o              364
    DblToFlt.o            144
    FltAdd.o              132
    FltDiv.o              252
    FltMul.o              216
    FltSub.o              230
    FltToDbl.o             78
    FltToS32.o             68
    I32ToFlt.o             46
    ----------------------------------------------------
    Total:              2 436

rt7M_tl.a: [5]
    ABImemclr4.o            6
    ABImemset48.o          50
    bwt_init3c.o
    cexit.o                10
    cmain.o                22
    cstartup_M.o           12
    data_init3.o           44
    zero_init3.o           34
    ----------------------------------------------------
    Total:                178

shb_l.a: [6]
    exit.o                 20
    ----------------------------------------------------
    Total:                 20

    Gaps                   16                 2        5
    Linker created          8                16
--------------------------------------------------------
    Grand Total:       31 154       76    3 262    1 182


*******************************************************************************
*** ENTRY LIST
***

Entry                      Address    Size  Type      Object
-----                      -------    ----  ----      ------
.bss$$Base              0x1fff04d8           --   Gb  - Linker created -
.bss$$Limit             0x1fff08fa           --   Gb  - Linker created -
.data$$Base             0x1fff0410           --   Gb  - Linker created -
.data$$Limit            0x1fff048c           --   Gb  - Linker created -
.data_init$$Base        0x0000833c           --   Gb  - Linker created -
.data_init$$Limit       0x000083b8           --   Gb  - Linker created -
?main                   0x00008441          Code  Gb  cmain.o [5]
Abs                     0x00004383     0xa  Code  Gb  control.o [1]
Aver_F                  0x1fff07e6     0x2  Data  Gb  control.o [1]
Aver_Z                  0x1fff0840     0x2  Data  Gb  control.o [1]
BK                      0x1fff0486     0x1  Data  Gb  main.o [1]
CAR_GO                  0x1fff08f9     0x1  Data  Gb  isr.o [1]
CCD_init                0x00003ec1    0x42  Code  Gb  control.o [1]
CalculateIntegrationTimeFront
                        0x0000420f    0xa6  Code  Gb  control.o [1]
CalculateIntegrationTimeZong
                        0x000042b5    0xa6  Code  Gb  control.o [1]
CodeRelocate$$Base      0x000083b8           --   Gb  - Linker created -
CodeRelocate$$Limit     0x00008404           --   Gb  - Linker created -
CodeRelocateRam$$Base   0x1fff048c           --   Gb  - Linker created -
CodeRelocateRam$$Limit  0x1fff04d8           --   Gb  - Linker created -
D_err                   0x1fff087a     0x2  Data  Gb  control.o [1]
DirectionControlOutput  0x00005fa9    0x46  Code  Gb  control.o [1]
F8X16                   0x00007898   0x5f0  Data  Gb  LQ12864.o [1]
FRONT_WIDTH             0x1fff08de     0x2  Data  Gb  main.o [1]
FTM2_QUAD_Iint          0x00006d5b    0x62  Code  Gb  pwm.o [1]
FTM_MOD0                0x1fff07c4     0x4  Data  Gb  pwm.o [1]
FTM_MOD1                0x1fff07c8     0x4  Data  Gb  pwm.o [1]
FTM_MOD2                0x1fff07cc     0x4  Data  Gb  pwm.o [1]
FTM_PWM_ChangeDuty      0x00006bdd    0xb6  Code  Gb  pwm.o [1]
FTM_PWM_Init            0x00006795   0x2ea  Code  Gb  pwm.o [1]
FTM_PWM_Open            0x00006a7f   0x15e  Code  Gb  pwm.o [1]
GetMotorPulse           0x00005ff5    0x2a  Code  Gb  control.o [1]
IT_long                 0x1fff08d0     0x2  Data  Gb  main.o [1]
IT_ref                  0x1fff0434     0x1  Data  Gb  main.o [1]
ImageCapture_F          0x0000405b    0xda  Code  Gb  control.o [1]
ImageCapture_Z          0x00004135    0xda  Code  Gb  control.o [1]
IncPID_Calculate        0x00003145    0x7e  Code  Gb  PID.o [1]
IntegrationTime_Front   0x1fff0422     0x1  Data  Gb  control.o [1]
IntegrationTime_Zong    0x1fff0423     0x1  Data  Gb  control.o [1]
Kd                      0x1fff0444     0x4  Data  Gb  main.o [1]
Kd_BL                   0x1fff046c     0x4  Data  Gb  main.o [1]
Kd_WW                   0x1fff0460     0x4  Data  Gb  main.o [1]
Kd_WZ                   0x1fff0464     0x4  Data  Gb  main.o [1]
Kd_ZW                   0x1fff045c     0x4  Data  Gb  main.o [1]
Kd_ZZ                   0x1fff0468     0x4  Data  Gb  main.o [1]
Kd_hold                 0x1fff0448     0x4  Data  Gb  main.o [1]
Kp                      0x1fff043c     0x4  Data  Gb  main.o [1]
Kp_BL                   0x1fff0458     0x4  Data  Gb  main.o [1]
Kp_WW                   0x1fff044c     0x4  Data  Gb  main.o [1]
Kp_WZ                   0x1fff0450     0x4  Data  Gb  main.o [1]
Kp_ZZ                   0x1fff0454     0x4  Data  Gb  main.o [1]
Kp_hold                 0x1fff0440     0x4  Data  Gb  main.o [1]
LCD_CLS                 0x00003333    0x38  Code  Gb  LQ12864.o [1]
LCD_DLY_ms              0x0000336b    0x1a  Code  Gb  LQ12864.o [1]
LCD_Fill                0x000032f7    0x3c  Code  Gb  LQ12864.o [1]
LCD_Init                0x00003385   0x13a  Code  Gb  LQ12864.o [1]
LCD_P8x16Str            0x0000365f    0xa8  Code  Gb  LQ12864.o [1]
LCD_P8x16_num3wei       0x00003707    0xc2  Code  Gb  LQ12864.o [1]
LCD_P8x16_number        0x000034bf    0xc4  Code  Gb  LQ12864.o [1]
LCD_P8x16_number_4      0x00003583    0xdc  Code  Gb  LQ12864.o [1]
LCD_Set_Pos             0x000032cb    0x2c  Code  Gb  LQ12864.o [1]
LCD_WrCmd               0x00003251    0x7a  Code  Gb  LQ12864.o [1]
LCD_WrDat               0x000031d1    0x7e  Code  Gb  LQ12864.o [1]
LHOLDdiao_flag          0x1fff08e9     0x1  Data  Gb  control.o [1]
L_aver                  0x1fff08ac     0x2  Data  Gb  control.o [1]
L_fch                   0x1fff08ae     0x2  Data  Gb  control.o [1]
Ldiaotou_count          0x1fff088e     0x2  Data  Gb  control.o [1]
Ldiaotou_flag           0x1fff08e8     0x1  Data  Gb  control.o [1]
Lendiao                 0x1fff08eb     0x1  Data  Gb  control.o [1]
Lfch                    0x1fff0806     0x2  Data  Gb  control.o [1]
Lpre1                   0x1fff08a2     0x2  Data  Gb  control.o [1]
Lpre2                   0x1fff08a4     0x2  Data  Gb  control.o [1]
Lpre3                   0x1fff08a6     0x2  Data  Gb  control.o [1]
Lpre4                   0x1fff08a8     0x2  Data  Gb  control.o [1]
Master_Adc_Config       0x1fff0504    0x10  Data  Gb  adc.o [1]
Motor_Lock              0x1fff08d8     0x2  Data  Gb  main.o [1]
Motor_init              0x00006c93    0xc8  Code  Gb  pwm.o [1]
PID_SetKpid             0x00003131    0x14  Code  Gb  PID.o [1]
PID_SetPoint            0x00003129     0x8  Code  Gb  PID.o [1]
PULSE_MAX               0x1fff0480     0x2  Data  Gb  main.o [1]
PixelAverage            0x0000435b    0x28  Code  Gb  control.o [1]
PixelAverageValue_Front
                        0x1fff08e2     0x1  Data  Gb  control.o [1]
PixelAverageValue_Zong  0x1fff08e4     0x1  Data  Gb  control.o [1]
PixelAverageVoltageError
                        0x1fff087e     0x2  Data  Gb  control.o [1]
PixelAverageVoltage_Front
                        0x1fff08e3     0x1  Data  Gb  control.o [1]
PixelAverageVoltage_Zong
                        0x1fff08e5     0x1  Data  Gb  control.o [1]
Pixel_F                 0x1fff06b4    0x80  Data  Gb  isr.o [1]
Pixel_Z                 0x1fff0734    0x80  Data  Gb  isr.o [1]
QPX                     0x1fff08c8     0x2  Data  Gb  isr.o [1]
QPX_SET                 0x1fff0432     0x2  Data  Gb  isr.o [1]
RHOLDdiao_flag          0x1fff08ea     0x1  Data  Gb  control.o [1]
R_aver                  0x1fff08aa     0x2  Data  Gb  control.o [1]
R_fch                   0x1fff08b0     0x2  Data  Gb  control.o [1]
Rdiaotou_count          0x1fff088c     0x2  Data  Gb  control.o [1]
Rdiaotou_flag           0x1fff08e7     0x1  Data  Gb  control.o [1]
Region$$Table$$Base     0x00008430           --   Gb  - Linker created -
Region$$Table$$Limit    0x00008440           --   Gb  - Linker created -
Rendiao                 0x1fff08ec     0x1  Data  Gb  control.o [1]
Rfch                    0x1fff0808     0x2  Data  Gb  control.o [1]
Rpre1                   0x1fff089a     0x2  Data  Gb  control.o [1]
Rpre2                   0x1fff089c     0x2  Data  Gb  control.o [1]
Rpre3                   0x1fff089e     0x2  Data  Gb  control.o [1]
Rpre4                   0x1fff08a0     0x2  Data  Gb  control.o [1]
SHACHE_TIME_3           0x1fff042e     0x1  Data  Gb  control.o [1]
SHACHE_TIME_4           0x1fff042f     0x1  Data  Gb  control.o [1]
SHACHE_TIME_5           0x1fff0430     0x1  Data  Gb  control.o [1]
SamplingDelay           0x00005d35    0x24  Code  Gb  control.o [1]
Sd                      0x1fff07c0     0x4  Data  Gb  main.o [1]
Servo_Lock              0x1fff08da     0x2  Data  Gb  main.o [1]
SetServoVoltage         0x00005d59   0x250  Code  Gb  control.o [1]
Si                      0x1fff07bc     0x4  Data  Gb  main.o [1]
Sp                      0x1fff0488     0x4  Data  Gb  main.o [1]
Speed_PID               0x00006039    0xae  Code  Gb  control.o [1]
StartIntegrationFront   0x00003f03    0xac  Code  Gb  control.o [1]
StartIntegrationZong    0x00003faf    0xac  Code  Gb  control.o [1]
TIME1flag_20ms          0x1fff08f4     0x1  Data  Gb  isr.o [1]
TIME1flag_20ms_Z        0x1fff08f5     0x1  Data  Gb  isr.o [1]
TargetPixelAverageVoltage
                        0x1fff041e     0x2  Data  Gb  control.o [1]
TargetPixelAverageVoltageAllowError
                        0x1fff0420     0x2  Data  Gb  control.o [1]
TimerCnt20ms            0x1fff08f2     0x1  Data  Gb  isr.o [1]
TimerCnt20ms_Z          0x1fff08f3     0x1  Data  Gb  isr.o [1]
WW_flag                 0x1fff08ef     0x1  Data  Gb  control.o [1]
ZHONG                   0x1fff042c     0x2  Data  Gb  control.o [1]
ZONG_WIDTH              0x1fff08e0     0x2  Data  Gb  main.o [1]
ZZ_count                0x1fff0890     0x2  Data  Gb  control.o [1]
__BOOT_STACK_ADDRESS {Abs}
                        0x2000fff8           --   Gb  command line/config [2]
__PID                   0x1fff04e0    0x1c  Data  Gb  PID.o [1]
__VECTOR_RAM {Abs}      0x1fff0000           --   Gb  command line/config [2]
__VECTOR_TABLE {Abs}    0x00000000           --   Gb  command line/config [2]
__aeabi_cdcmple         0x00007685          Code  Gb  DblCmpLe.o [4]
__aeabi_cdrcmple        0x00007655          Code  Gb  DblCmpGe.o [4]
__aeabi_d2f             0x00003e31          Code  Gb  DblToFlt.o [4]
__aeabi_dadd            0x00003d49          Code  Gb  DblAdd.o [4]
__aeabi_ddiv            0x0000740d          Code  Gb  DblDiv.o [4]
__aeabi_f2d             0x00003cd9          Code  Gb  FltToDbl.o [4]
__aeabi_f2iz            0x00003c95          Code  Gb  FltToS32.o [4]
__aeabi_fadd            0x00007039          Code  Gb  FltAdd.o [4]
__aeabi_fdiv            0x000076b5          Code  Gb  FltDiv.o [4]
__aeabi_fmul            0x00003bbd          Code  Gb  FltMul.o [4]
__aeabi_fsub            0x00006f51          Code  Gb  FltSub.o [4]
__aeabi_i2f             0x00006f21          Code  Gb  I32ToFlt.o [4]
__aeabi_memclr4         0x00007405          Code  Gb  ABImemclr4.o [5]
__cmain                 0x00008441          Code  Gb  cmain.o [5]
__exit                  0x0000846d    0x14  Code  Gb  exit.o [6]
__iar_Memset4_word      0x00007865          Code  Gb  ABImemset48.o [5]
__iar_Memset8_word      0x00007865          Code  Gb  ABImemset48.o [5]
__iar_SB                0x00008670          Data  Gb  bwt_init3c.o [5]
__iar_dadd              0x00003d5d          Code  Gb  DblAdd.o [4]
__iar_data_init3        0x00008405    0x2c  Code  Gb  data_init3.o [5]
__iar_dsub              0x000070bd          Code  Gb  DblSub.o [4]
__iar_dsubStart         0x000070cf          Code  Gb  DblSub.o [4]
__iar_fadd              0x00007049          Code  Gb  FltAdd.o [4]
__iar_fsub              0x00006f61          Code  Gb  FltSub.o [4]
__iar_fsubStart         0x00006f71          Code  Gb  FltSub.o [4]
__iar_program_start     0x000084ed          Code  Gb  cstartup_M.o [5]
__iar_ui2f              0x00006f35          Code  Gb  I32ToFlt.o [4]
__iar_zero_init3        0x00003d27    0x22  Code  Gb  zero_init3.o [5]
__low_level_init        0x00008457     0x4  Code  Gb  low_level_init.o [3]
__startup               0x00000411          Code  Gb  crt0.o [1]
__vector_table          0x00000000   0x410  Data  Gb  vectors.o [1]
_call_main              0x0000844d          Code  Gb  cmain.o [5]
_exit                   0x00008461          Code  Gb  cexit.o [5]
_main                   0x00008453          Code  Gb  cmain.o [5]
binaryzation_F          0x0000438d   0x34c  Code  Gb  control.o [1]
binaryzation_Z          0x000046d9   0x1f0  Code  Gb  control.o [1]
black_l                 0x1fff08bc     0x2  Data  Gb  control.o [1]
black_r                 0x1fff08be     0x2  Data  Gb  control.o [1]
bodong                  0x1fff0880     0x2  Data  Gb  control.o [1]
chafang_f               0x1fff05e4    0xc8  Data  Gb  control.o [1]
chu                     0x1fff0428     0x4  Data  Gb  control.o [1]
cl_f                    0x1fff0802     0x2  Data  Gb  control.o [1]
cl_f_long               0x1fff08ca     0x2  Data  Gb  main.o [1]
cl_f_pre                0x1fff0804     0x2  Data  Gb  control.o [1]
cl_z                    0x1fff084c     0x2  Data  Gb  control.o [1]
cl_z_long               0x1fff08d2     0x2  Data  Gb  main.o [1]
common_startup          0x00008269    0x74  Code  Gb  start.o [1]
core_clk_khz            0x1fff07d0     0x4  Data  Gb  sysinit.o [1]
core_clk_mhz            0x1fff07d4     0x4  Data  Gb  sysinit.o [1]
d_err1                  0x1fff0828     0x2  Data  Gb  control.o [1]
d_err2                  0x1fff082a     0x2  Data  Gb  control.o [1]
d_err3                  0x1fff082c     0x2  Data  Gb  control.o [1]
d_err4                  0x1fff082e     0x2  Data  Gb  control.o [1]
d_err5                  0x1fff0830     0x2  Data  Gb  control.o [1]
d_err6                  0x1fff0832     0x2  Data  Gb  control.o [1]
d_err7                  0x1fff0834     0x2  Data  Gb  control.o [1]
d_err8                  0x1fff0836     0x2  Data  Gb  control.o [1]
d_err9                  0x1fff0838     0x2  Data  Gb  control.o [1]
default_isr             0x00006587     0x2  Code  Gb  vectors.o [1]
delay_count             0x1fff08c2     0x2  Data  Gb  control.o [1]
delay_ms                0x00003b75    0x38  Code  Gb  delay.o [1]
delta_l                 0x1fff07e8     0x2  Data  Gb  control.o [1]
delta_p                 0x1fff04d8     0x8  Data  Gb  control.o [1]
delta_r                 0x1fff07ea     0x2  Data  Gb  control.o [1]
enable_irq              0x000077b7    0x90  Code  Gb  common.o [1]
enable_pit_interrupt    0x00006ec7    0x4c  Code  Gb  pit.o [1]
exit                    0x0000845b     0x4  Code  Gb  exit.o [3]
fangcha_f               0x1fff0894     0x2  Data  Gb  control.o [1]
fangcha_hou_f           0x1fff0898     0x2  Data  Gb  control.o [1]
fangcha_qian_f          0x1fff0896     0x2  Data  Gb  control.o [1]
fb_clk_init             0x00007eef    0x16  Code  Gb  sysinit.o [1]
fch_dp1                 0x1fff0436     0x2  Data  Gb  main.o [1]
fch_dp2                 0x1fff0438     0x2  Data  Gb  main.o [1]
front_OFFSET            0x1fff0812     0x2  Data  Gb  control.o [1]
front_OFFSET_KZ         0x1fff080c     0x2  Data  Gb  control.o [1]
front_OFFSET_KZ_pre     0x1fff0810     0x2  Data  Gb  control.o [1]
front_OFFSET_pre1       0x1fff0814     0x2  Data  Gb  control.o [1]
front_OFFSET_pre10      0x1fff0826     0x2  Data  Gb  control.o [1]
front_OFFSET_pre2       0x1fff0816     0x2  Data  Gb  control.o [1]
front_OFFSET_pre3       0x1fff0818     0x2  Data  Gb  control.o [1]
front_OFFSET_pre4       0x1fff081a     0x2  Data  Gb  control.o [1]
front_OFFSET_pre5       0x1fff081c     0x2  Data  Gb  control.o [1]
front_OFFSET_pre6       0x1fff081e     0x2  Data  Gb  control.o [1]
front_OFFSET_pre7       0x1fff0820     0x2  Data  Gb  control.o [1]
front_OFFSET_pre8       0x1fff0822     0x2  Data  Gb  control.o [1]
front_OFFSET_pre9       0x1fff0824     0x2  Data  Gb  control.o [1]
front_l                 0x1fff07e0     0x2  Data  Gb  control.o [1]
front_l_fg_last         0x1fff08b4     0x2  Data  Gb  control.o [1]
front_l_last            0x1fff07ec     0x2  Data  Gb  control.o [1]
front_l_long            0x1fff08cc     0x2  Data  Gb  main.o [1]
front_l_pre1            0x1fff07f0     0x2  Data  Gb  control.o [1]
front_l_pre2            0x1fff07f4     0x2  Data  Gb  control.o [1]
front_l_pre3            0x1fff07f8     0x2  Data  Gb  control.o [1]
front_l_pre4            0x1fff07fc     0x2  Data  Gb  control.o [1]
front_l_reference       0x1fff080a     0x2  Data  Gb  control.o [1]
front_max               0x1fff07e2     0x2  Data  Gb  control.o [1]
front_min               0x1fff07e4     0x2  Data  Gb  control.o [1]
front_r                 0x1fff0414     0x2  Data  Gb  control.o [1]
front_r_fg_last         0x1fff08b6     0x2  Data  Gb  control.o [1]
front_r_last            0x1fff07ee     0x2  Data  Gb  control.o [1]
front_r_long            0x1fff08ce     0x2  Data  Gb  main.o [1]
front_r_pre1            0x1fff07f2     0x2  Data  Gb  control.o [1]
front_r_pre2            0x1fff07f6     0x2  Data  Gb  control.o [1]
front_r_pre3            0x1fff07fa     0x2  Data  Gb  control.o [1]
front_r_pre4            0x1fff07fe     0x2  Data  Gb  control.o [1]
front_r_reference       0x1fff0416     0x2  Data  Gb  control.o [1]
front_reference         0x1fff080e     0x2  Data  Gb  control.o [1]
front_width             0x1fff0800     0x2  Data  Gb  control.o [1]
g_fDirectionControlOutNew
                        0x1fff0518     0x4  Data  Gb  control.o [1]
g_fDirectionControlOutOld
                        0x1fff0514     0x4  Data  Gb  control.o [1]
g_n1msEventCount        0x1fff08f6     0x1  Data  Gb  isr.o [1]
g_nDirectionControlPeriod
                        0x1fff07de     0x2  Data  Gb  control.o [1]
g_nMotorPulse           0x1fff07dc     0x2  Data  Gb  control.o [1]
g_nMotorPulseSigma      0x1fff087c     0x2  Data  Gb  control.o [1]
g_nSpeedControlCount    0x1fff08f7     0x1  Data  Gb  isr.o [1]
get_front               0x00004931   0xb3a  Code  Gb  control.o [1]
get_fu                  0x00005671   0x192  Code  Gb  control.o [1]
get_zong                0x00005865   0x442  Code  Gb  control.o [1]
gpio_init               0x000064e5    0x7a  Code  Gb  gpio.o [1]
gpio_read               0x00006579     0xe  Code  Gb  gpio.o [1]
high_aver_f             0x1fff0882     0x2  Data  Gb  control.o [1]
high_aver_z             0x1fff0886     0x2  Data  Gb  control.o [1]
hw_ad_once              0x00007277    0x4a  Code  Gb  adc.o [1]
hw_adc_config_alt       0x000073bd    0x26  Code  Gb  adc.o [1]
hw_adc_convertstart     0x000072c1    0xfc  Code  Gb  adc.o [1]
hw_adc_init             0x00007229    0x4e  Code  Gb  adc.o [1]
hw_pit_init             0x00006e69    0x5e  Code  Gb  pit.o [1]
integration_piont_Front
                        0x1fff08f0     0x1  Data  Gb  isr.o [1]
integration_piont_Zong  0x1fff08f1     0x1  Data  Gb  isr.o [1]
k                       0x1fff0424     0x4  Data  Gb  control.o [1]
k_B                     0x1fff0470     0x4  Data  Gb  main.o [1]
key_no                  0x1fff0484     0x1  Data  Gb  main.o [1]
key_num                 0x1fff0483     0x1  Data  Gb  main.o [1]
keyboard_scan           0x00003865   0x306  Code  Gb  button.o [1]
lost_all_flag           0x1fff08e6     0x1  Data  Gb  control.o [1]
low_aver_f              0x1fff0884     0x2  Data  Gb  control.o [1]
low_aver_z              0x1fff0888     0x2  Data  Gb  control.o [1]
main                    0x0000044d  0x2b14  Code  Gb  main.o [1]
matrix_keyboard_init    0x000037e5    0x80  Code  Gb  button.o [1]
periph_clk_khz          0x1fff07d8     0x4  Data  Gb  sysinit.o [1]
pit0_isr                0x000080a1   0x1b4  Code  Gb  isr.o [1]
pll_init                0x00007f05   0x15a  Code  Gb  sysinit.o [1]
pulse_count             0x1fff06b0     0x4  Data  Gb  control.o [1]
pulse_count_max         0x1fff07b8     0x4  Data  Gb  main.o [1]
qpx_count               0x1fff08b2     0x2  Data  Gb  control.o [1]
qpx_delay               0x1fff07b4     0x4  Data  Gb  isr.o [1]
qpx_en                  0x1fff08f8     0x1  Data  Gb  isr.o [1]
rensha_count            0x1fff088a     0x2  Data  Gb  control.o [1]
route_ave_f             0x1fff0892     0x2  Data  Gb  control.o [1]
route_f                 0x1fff051c    0xc8  Data  Gb  control.o [1]
route_type_F            0x0000548d   0x1c0  Code  Gb  control.o [1]
rzguo_flag              0x1fff08ed     0x1  Data  Gb  control.o [1]
rzop                    0x1fff08ee     0x1  Data  Gb  control.o [1]
sPID                    0x1fff0410     0x4  Data  Gb  PID.o [1]
servo_duty              0x1fff041c     0x2  Data  Gb  control.o [1]
set_sys_dividers        0x1fff048d    0x4c  Code  Gb  sysinit.o [1]
shache3                 0x00006115   0x2b2  Code  Gb  control.o [1]
shache_time             0x1fff08dc     0x2  Data  Gb  main.o [1]
sina                    0x1fff0482     0x1  Data  Gb  main.o [1]
speed                   0x1fff0474     0x2  Data  Gb  main.o [1]
speed_B                 0x1fff047c     0x2  Data  Gb  main.o [1]
speed_H                 0x1fff0476     0x2  Data  Gb  main.o [1]
speed_L                 0x1fff047a     0x2  Data  Gb  main.o [1]
speed_W                 0x1fff0478     0x2  Data  Gb  main.o [1]
speed_jian              0x1fff047e     0x2  Data  Gb  main.o [1]
speed_pwm               0x1fff08c4     0x2  Data  Gb  control.o [1]
speedflag               0x1fff08c6     0x2  Data  Gb  isr.o [1]
start                   0x00008255    0x14  Code  Gb  start.o [1]
stop_count              0x1fff08ba     0x2  Data  Gb  control.o [1]
stop_flag               0x1fff08b8     0x2  Data  Gb  control.o [1]
sysinit                 0x00007e91    0x48  Code  Gb  sysinit.o [1]
system_init             0x00002f81    0x76  Code  Gb  main.o [1]
t                       0x1fff06ac     0x4  Data  Gb  control.o [1]
trace_clk_init          0x00007ed9    0x16  Code  Gb  sysinit.o [1]
uart_init               0x00006589   0x1ba  Code  Gb  uart.o [1]
wdog_disable            0x00008305    0x16  Code  Gb  wdog.o [1]
wdog_unlock             0x0000831d    0x16  Code  Gb  wdog.o [1]
write_vtor              0x000077b1     0x6  Code  Gb  common.o [1]
z_err1                  0x1fff0868     0x2  Data  Gb  control.o [1]
z_err2                  0x1fff086a     0x2  Data  Gb  control.o [1]
z_err3                  0x1fff086c     0x2  Data  Gb  control.o [1]
z_err4                  0x1fff086e     0x2  Data  Gb  control.o [1]
z_err5                  0x1fff0870     0x2  Data  Gb  control.o [1]
z_err6                  0x1fff0872     0x2  Data  Gb  control.o [1]
z_err7                  0x1fff0874     0x2  Data  Gb  control.o [1]
z_err8                  0x1fff0876     0x2  Data  Gb  control.o [1]
z_err9                  0x1fff0878     0x2  Data  Gb  control.o [1]
zheng                   0x1fff08c0     0x2  Data  Gb  control.o [1]
zhming                  0x1fff0485     0x1  Data  Gb  main.o [1]
zong_OFFSET             0x1fff0852     0x2  Data  Gb  control.o [1]
zong_OFFSET_pre1        0x1fff0854     0x2  Data  Gb  control.o [1]
zong_OFFSET_pre10       0x1fff0866     0x2  Data  Gb  control.o [1]
zong_OFFSET_pre2        0x1fff0856     0x2  Data  Gb  control.o [1]
zong_OFFSET_pre3        0x1fff0858     0x2  Data  Gb  control.o [1]
zong_OFFSET_pre4        0x1fff085a     0x2  Data  Gb  control.o [1]
zong_OFFSET_pre5        0x1fff085c     0x2  Data  Gb  control.o [1]
zong_OFFSET_pre6        0x1fff085e     0x2  Data  Gb  control.o [1]
zong_OFFSET_pre7        0x1fff0860     0x2  Data  Gb  control.o [1]
zong_OFFSET_pre8        0x1fff0862     0x2  Data  Gb  control.o [1]
zong_OFFSET_pre9        0x1fff0864     0x2  Data  Gb  control.o [1]
zong_l                  0x1fff083a     0x2  Data  Gb  control.o [1]
zong_l_last             0x1fff0842     0x2  Data  Gb  control.o [1]
zong_l_long             0x1fff08d4     0x2  Data  Gb  main.o [1]
zong_l_pre              0x1fff0846     0x2  Data  Gb  control.o [1]
zong_l_reference        0x1fff084e     0x2  Data  Gb  control.o [1]
zong_max                0x1fff083c     0x2  Data  Gb  control.o [1]
zong_min                0x1fff083e     0x2  Data  Gb  control.o [1]
zong_r                  0x1fff0418     0x2  Data  Gb  control.o [1]
zong_r_last             0x1fff0844     0x2  Data  Gb  control.o [1]
zong_r_long             0x1fff08d6     0x2  Data  Gb  main.o [1]
zong_r_pre              0x1fff0848     0x2  Data  Gb  control.o [1]
zong_r_reference        0x1fff041a     0x2  Data  Gb  control.o [1]
zong_reference          0x1fff0850     0x2  Data  Gb  control.o [1]
zong_width              0x1fff084a     0x2  Data  Gb  control.o [1]


[1] = C:\Users\sony\Desktop\PE V1.4 2014.07.14  0-12 tiaocan\bin\Flash\Obj
[2] = command line
[3] = dl7M_tln.a
[4] = m7M_tl.a
[5] = rt7M_tl.a
[6] = shb_l.a

  31 154 bytes of readonly  code memory
      76 bytes of readwrite code memory
   3 262 bytes of readonly  data memory
   1 182 bytes of readwrite data memory

Errors: none
Warnings: none
