###############################################################################
#                                                                             #
# IAR ELF Linker V6.30.4.53288/W32 for ARM              10/Jul/2014  11:35:44 #
# Copyright 2007-2011 IAR Systems AB.                                         #
#                                                                             #
#    Output file  =  D:\FREESCALE智能车竞赛\freescale(九)\程序\PE V1.4        #
#                    2014.07.09 tuxiang\bin\Flash\Exe\PE V1.4 2014.07.09      #
#                    tuxiang.out                                              #
#    Map file     =  D:\FREESCALE智能车竞赛\freescale(九)\程序\PE V1.4        #
#                    2014.07.09 tuxiang\bin\Flash\List\PE V1.4 2014.07.09     #
#                    tuxiang.map                                              #
#    Command line =  "D:\FREESCALE智能车竞赛\freescale(九)\程序\PE V1.4       #
#                    2014.07.09 tuxiang\bin\Flash\Obj\LQ12864.o"              #
#                    "D:\FREESCALE智能车竞赛\freescale(九)\程序\PE V1.4       #
#                    2014.07.09 tuxiang\bin\Flash\Obj\PID.o"                  #
#                    "D:\FREESCALE智能车竞赛\freescale(九)\程序\PE V1.4       #
#                    2014.07.09 tuxiang\bin\Flash\Obj\adc.o"                  #
#                    "D:\FREESCALE智能车竞赛\freescale(九)\程序\PE V1.4       #
#                    2014.07.09 tuxiang\bin\Flash\Obj\button.o"               #
#                    "D:\FREESCALE智能车竞赛\freescale(九)\程序\PE V1.4       #
#                    2014.07.09 tuxiang\bin\Flash\Obj\common.o"               #
#                    "D:\FREESCALE智能车竞赛\freescale(九)\程序\PE V1.4       #
#                    2014.07.09 tuxiang\bin\Flash\Obj\control.o"              #
#                    "D:\FREESCALE智能车竞赛\freescale(九)\程序\PE V1.4       #
#                    2014.07.09 tuxiang\bin\Flash\Obj\crt0.o"                 #
#                    "D:\FREESCALE智能车竞赛\freescale(九)\程序\PE V1.4       #
#                    2014.07.09 tuxiang\bin\Flash\Obj\decoder.o"              #
#                    "D:\FREESCALE智能车竞赛\freescale(九)\程序\PE V1.4       #
#                    2014.07.09 tuxiang\bin\Flash\Obj\delay.o"                #
#                    "D:\FREESCALE智能车竞赛\freescale(九)\程序\PE V1.4       #
#                    2014.07.09 tuxiang\bin\Flash\Obj\gpio.o"                 #
#                    "D:\FREESCALE智能车竞赛\freescale(九)\程序\PE V1.4       #
#                    2014.07.09 tuxiang\bin\Flash\Obj\i2c.o"                  #
#                    "D:\FREESCALE智能车竞赛\freescale(九)\程序\PE V1.4       #
#                    2014.07.09 tuxiang\bin\Flash\Obj\isr.o"                  #
#                    "D:\FREESCALE智能车竞赛\freescale(九)\程序\PE V1.4       #
#                    2014.07.09 tuxiang\bin\Flash\Obj\light.o"                #
#                    "D:\FREESCALE智能车竞赛\freescale(九)\程序\PE V1.4       #
#                    2014.07.09 tuxiang\bin\Flash\Obj\main.o"                 #
#                    "D:\FREESCALE智能车竞赛\freescale(九)\程序\PE V1.4       #
#                    2014.07.09 tuxiang\bin\Flash\Obj\pit.o"                  #
#                    "D:\FREESCALE智能车竞赛\freescale(九)\程序\PE V1.4       #
#                    2014.07.09 tuxiang\bin\Flash\Obj\pwm.o"                  #
#                    "D:\FREESCALE智能车竞赛\freescale(九)\程序\PE V1.4       #
#                    2014.07.09 tuxiang\bin\Flash\Obj\start.o"                #
#                    "D:\FREESCALE智能车竞赛\freescale(九)\程序\PE V1.4       #
#                    2014.07.09 tuxiang\bin\Flash\Obj\sysinit.o"              #
#                    "D:\FREESCALE智能车竞赛\freescale(九)\程序\PE V1.4       #
#                    2014.07.09 tuxiang\bin\Flash\Obj\uart.o"                 #
#                    "D:\FREESCALE智能车竞赛\freescale(九)\程序\PE V1.4       #
#                    2014.07.09 tuxiang\bin\Flash\Obj\vectors.o"              #
#                    "D:\FREESCALE智能车竞赛\freescale(九)\程序\PE V1.4       #
#                    2014.07.09 tuxiang\bin\Flash\Obj\wdog.o" --redirect      #
#                    _Printf=_PrintfFull --redirect _Scanf=_ScanfFull -o      #
#                    "D:\FREESCALE智能车竞赛\freescale(九)\程序\PE V1.4       #
#                    2014.07.09 tuxiang\bin\Flash\Exe\PE V1.4 2014.07.09      #
#                    tuxiang.out" --map "D:\FREESCALE智能车竞赛\freescale(九) #
#                    \程序\PE V1.4 2014.07.09 tuxiang\bin\Flash\List\PE V1.4  #
#                    2014.07.09 tuxiang.map" --config                         #
#                    "D:\FREESCALE智能车竞赛\freescale(九)\程序\PE V1.4       #
#                    2014.07.09 tuxiang\src\Project_Settings\Link\Pflash.icf" #
#                     --semihosting --entry __iar_program_start --vfe         #
#                                                                             #
#                                                                             #
###############################################################################

*******************************************************************************
*** RUNTIME MODEL ATTRIBUTES
***

CppFlavor       = *
__SystemLibrary = DLib


*******************************************************************************
*** PLACEMENT SUMMARY
***

"A1":  place at 0x00000000 { ro section .intvec };
"A2":  place at 0x00000410 { ro section .noinit };
"P1":  place in [from 0x00000000 to 0x00080000] { ro, block CodeRelocate };
"P2":  place in [from 0x1fff0410 to 0x20010000] {
          rw, block CodeRelocateRam, block CSTACK, block HEAP };

  Section              Kind        Address    Size  Object
  -------              ----        -------    ----  ------
"A1":                                        0x410
  .intvec              const    0x00000000   0x410  vectors.o [1]
                              - 0x00000410   0x410

"A2":                                         0x3c
  .noinit              ro code  0x00000410    0x3c  crt0.o [1]
                              - 0x0000044c    0x3c

"P1":                                       0x7d38
  .text                ro code  0x0000044c  0x2af8  main.o [1]
  .text                ro code  0x00002f44    0xa8  PID.o [1]
  .text                ro code  0x00002fec   0x614  LQ12864.o [1]
  .text                ro code  0x00003600   0x390  button.o [1]
  .text                ro code  0x00003990    0x48  delay.o [1]
  .text                ro code  0x000039d8    0xd8  FltMul.o [4]
  .text                ro code  0x00003ab0    0x44  FltToS32.o [4]
  .text                ro code  0x00003af4    0x4e  FltToDbl.o [4]
  .text                ro code  0x00003b42    0x22  zero_init3.o [5]
  .text                ro code  0x00003b64    0xe8  DblAdd.o [4]
  .text                ro code  0x00003c4c    0x90  DblToFlt.o [4]
  .text                ro code  0x00003cdc  0x2620  control.o [1]
  .text                ro code  0x000062fc   0x20c  uart.o [1]
  .text                ro code  0x00006508    0xa2  gpio.o [1]
  .text                ro code  0x000065aa     0x2  vectors.o [1]
  .text                ro code  0x000065ac   0x6d4  pwm.o [1]
  .text                ro code  0x00006c80    0xb8  pit.o [1]
  .text                ro code  0x00006d38    0x2e  I32ToFlt.o [4]
  .text                ro code  0x00006d68    0xe6  FltSub.o [4]
  .text                ro code  0x00006e50    0x84  FltAdd.o [4]
  .text                ro code  0x00006ed4   0x16c  DblSub.o [4]
  .text                ro code  0x00007040   0x1dc  adc.o [1]
  .text                ro code  0x0000721c     0x6  ABImemclr4.o [5]
  .text                ro code  0x00007224    0xfc  FltDiv.o [4]
  .text                ro code  0x00007320    0xb4  common.o [1]
  .text                ro code  0x000073d4    0x32  ABImemset48.o [5]
  .rodata              const    0x00007408   0x5f0  LQ12864.o [1]
  Veneer               ro code  0x000079f8     0x8  - Linker created -
  .text                ro code  0x00007a00   0x210  sysinit.o [1]
  .text                ro code  0x00007c10   0x15c  isr.o [1]
  .text                ro code  0x00007d6c    0xb0  start.o [1]
  .text                ro code  0x00007e1c    0x38  wdog.o [1]
  .data_init                    0x00007e54    0x74  <Block>
    Initializer bytes  ro data  0x00007e54    0x74  <for .data-1>
  CodeRelocate                  0x00007ec8    0x4c  <Block>
    Initializer bytes  ro data  0x00007ec8    0x4c  <for CodeRelocateRam-1>
  .text                ro code  0x00007f14    0x2c  data_init3.o [5]
  .iar.init_table      const    0x00007f40    0x10  - Linker created -
  .text                ro code  0x00007f50    0x16  cmain.o [5]
  .text                ro code  0x00007f66     0x4  low_level_init.o [3]
  .text                ro code  0x00007f6a     0x4  exit.o [3]
  .text                ro code  0x00007f70     0xa  cexit.o [5]
  .text                ro code  0x00007f7c    0x14  exit.o [6]
  .rodata              const    0x00007f90     0xc  main.o [1]
  .rodata              const    0x00007f9c     0xc  main.o [1]
  .rodata              const    0x00007fa8     0xc  main.o [1]
  .rodata              const    0x00007fb4     0xc  main.o [1]
  .rodata              const    0x00007fc0     0xc  main.o [1]
  .rodata              const    0x00007fcc     0xc  main.o [1]
  .rodata              const    0x00007fd8     0xc  main.o [1]
  .rodata              const    0x00007fe4     0xc  main.o [1]
  .text                ro code  0x00007ff0     0xc  cstartup_M.o [5]
  .rodata              const    0x00007ffc     0x8  main.o [1]
  .rodata              const    0x00008004     0x8  main.o [1]
  .rodata              const    0x0000800c     0x8  main.o [1]
  .rodata              const    0x00008014     0x8  main.o [1]
  .rodata              const    0x0000801c     0x8  main.o [1]
  .rodata              const    0x00008024     0x8  main.o [1]
  .rodata              const    0x0000802c     0x8  main.o [1]
  .rodata              const    0x00008034     0x8  main.o [1]
  .rodata              const    0x0000803c     0x8  main.o [1]
  .rodata              const    0x00008044     0x8  main.o [1]
  .rodata              const    0x0000804c     0x8  main.o [1]
  .rodata              const    0x00008054     0x8  main.o [1]
  .rodata              const    0x0000805c     0x8  main.o [1]
  .rodata              const    0x00008064     0x8  main.o [1]
  .rodata              const    0x0000806c     0x8  main.o [1]
  .rodata              const    0x00008074     0x8  main.o [1]
  .rodata              const    0x0000807c     0x8  main.o [1]
  .rodata              const    0x00008084     0x8  main.o [1]
  .rodata              const    0x0000808c     0x8  main.o [1]
  .rodata              const    0x00008094     0x8  main.o [1]
  .rodata              const    0x0000809c     0x8  main.o [1]
  .rodata              const    0x000080a4     0x8  main.o [1]
  .rodata              const    0x000080ac     0x8  main.o [1]
  .rodata              const    0x000080b4     0x8  main.o [1]
  .rodata              const    0x000080bc     0x8  main.o [1]
  .rodata              const    0x000080c4     0x8  main.o [1]
  .rodata              const    0x000080cc     0x8  main.o [1]
  .rodata              const    0x000080d4     0x8  main.o [1]
  .rodata              const    0x000080dc     0x8  main.o [1]
  .rodata              const    0x000080e4     0x8  main.o [1]
  .rodata              const    0x000080ec     0x8  main.o [1]
  .rodata              const    0x000080f4     0x8  main.o [1]
  .rodata              const    0x000080fc     0x8  main.o [1]
  .rodata              const    0x00008104     0x8  main.o [1]
  .rodata              const    0x0000810c     0x8  main.o [1]
  .rodata              const    0x00008114     0x8  main.o [1]
  .rodata              const    0x0000811c     0x8  main.o [1]
  .rodata              const    0x00008124     0x8  main.o [1]
  .rodata              const    0x0000812c     0x8  main.o [1]
  .rodata              const    0x00008134     0x8  main.o [1]
  .rodata              const    0x0000813c     0x8  main.o [1]
  .rodata              const    0x00008144     0x8  main.o [1]
  .rodata              const    0x0000814c     0x8  main.o [1]
  .rodata              const    0x00008154     0x8  main.o [1]
  .rodata              const    0x0000815c     0x8  main.o [1]
  .rodata              const    0x00008164     0x8  main.o [1]
  .rodata              const    0x0000816c     0x8  main.o [1]
  .rodata              const    0x00008174     0x8  main.o [1]
  .rodata              const    0x0000817c     0x8  main.o [1]
  .rodata              const    0x00008184     0x0  bwt_init3c.o [5]
                              - 0x00008184  0x7d38

"P2", part 1 of 2:                            0xc0
  .data                         0x1fff0410    0x74  <Block>
    .data-1                     0x1fff0410    0x74  <Init block>
      .data            inited   0x1fff0410     0x4  PID.o [1]
      .data            inited   0x1fff0414     0x2  control.o [1]
      .data            inited   0x1fff0416     0x2  control.o [1]
      .data            inited   0x1fff0418     0x2  control.o [1]
      .data            inited   0x1fff041a     0x2  control.o [1]
      .data            inited   0x1fff041c     0x2  control.o [1]
      .data            inited   0x1fff041e     0x2  control.o [1]
      .data            inited   0x1fff0420     0x2  control.o [1]
      .data            inited   0x1fff0422     0x1  control.o [1]
      .data            inited   0x1fff0423     0x1  control.o [1]
      .data            inited   0x1fff0424     0x2  control.o [1]
      .data            inited   0x1fff0426     0x1  control.o [1]
      .data            inited   0x1fff0427     0x1  control.o [1]
      .data            inited   0x1fff0428     0x1  control.o [1]
      .data            inited   0x1fff0429     0x1  control.o [1]
      .data            inited   0x1fff042a     0x1  control.o [1]
      .data            inited   0x1fff042b     0x1  main.o [1]
      .data            inited   0x1fff042c     0x2  main.o [1]
      .data            inited   0x1fff042e     0x2  main.o [1]
      .data            inited   0x1fff0430     0x4  main.o [1]
      .data            inited   0x1fff0434     0x4  main.o [1]
      .data            inited   0x1fff0438     0x4  main.o [1]
      .data            inited   0x1fff043c     0x4  main.o [1]
      .data            inited   0x1fff0440     0x4  main.o [1]
      .data            inited   0x1fff0444     0x4  main.o [1]
      .data            inited   0x1fff0448     0x4  main.o [1]
      .data            inited   0x1fff044c     0x4  main.o [1]
      .data            inited   0x1fff0450     0x4  main.o [1]
      .data            inited   0x1fff0454     0x4  main.o [1]
      .data            inited   0x1fff0458     0x4  main.o [1]
      .data            inited   0x1fff045c     0x4  main.o [1]
      .data            inited   0x1fff0460     0x4  main.o [1]
      .data            inited   0x1fff0464     0x4  main.o [1]
      .data            inited   0x1fff0468     0x4  main.o [1]
      .data            inited   0x1fff046c     0x2  main.o [1]
      .data            inited   0x1fff046e     0x2  main.o [1]
      .data            inited   0x1fff0470     0x2  main.o [1]
      .data            inited   0x1fff0472     0x2  main.o [1]
      .data            inited   0x1fff0474     0x2  main.o [1]
      .data            inited   0x1fff0476     0x2  main.o [1]
      .data            inited   0x1fff0478     0x2  main.o [1]
      .data            inited   0x1fff047a     0x1  main.o [1]
      .data            inited   0x1fff047b     0x1  main.o [1]
      .data            inited   0x1fff047c     0x1  main.o [1]
      .data            inited   0x1fff047d     0x1  main.o [1]
      .data            inited   0x1fff047e     0x1  main.o [1]
      .data            inited   0x1fff0480     0x4  main.o [1]
  CodeRelocateRam               0x1fff0484    0x4c  <Block>
    CodeRelocateRam-1           0x1fff0484    0x4c  <Init block>
      .textrw          inited   0x1fff0484    0x4c  sysinit.o [1]
                              - 0x1fff04d0    0xc0

"P2", part 2 of 2:                           0x409
  .bss                          0x1fff04d0   0x409  <Block>
    .bss               zero     0x1fff04d0    0x1c  PID.o [1]
    .bss               zero     0x1fff04ec     0x4  PID.o [1]
    .bss               zero     0x1fff04f0     0x4  PID.o [1]
    .bss               zero     0x1fff04f4    0x10  adc.o [1]
    .bss               zero     0x1fff0504     0x4  control.o [1]
    .bss               zero     0x1fff0508     0x4  control.o [1]
    .bss               zero     0x1fff050c    0xc8  control.o [1]
    .bss               zero     0x1fff05d4    0xc8  control.o [1]
    .bss               zero     0x1fff069c     0x4  control.o [1]
    .bss               zero     0x1fff06a0    0x80  isr.o [1]
    .bss               zero     0x1fff0720    0x80  isr.o [1]
    .bss               zero     0x1fff07a0     0x4  main.o [1]
    .bss               zero     0x1fff07a4     0x4  main.o [1]
    .bss               zero     0x1fff07a8     0x4  main.o [1]
    .bss               zero     0x1fff07ac     0x4  pwm.o [1]
    .bss               zero     0x1fff07b0     0x4  pwm.o [1]
    .bss               zero     0x1fff07b4     0x4  pwm.o [1]
    .bss               zero     0x1fff07b8     0x4  sysinit.o [1]
    .bss               zero     0x1fff07bc     0x4  sysinit.o [1]
    .bss               zero     0x1fff07c0     0x4  sysinit.o [1]
    .bss               zero     0x1fff07c4     0x2  control.o [1]
    .bss               zero     0x1fff07c6     0x2  control.o [1]
    .bss               zero     0x1fff07c8     0x2  control.o [1]
    .bss               zero     0x1fff07ca     0x2  control.o [1]
    .bss               zero     0x1fff07cc     0x2  control.o [1]
    .bss               zero     0x1fff07ce     0x2  control.o [1]
    .bss               zero     0x1fff07d0     0x2  control.o [1]
    .bss               zero     0x1fff07d2     0x2  control.o [1]
    .bss               zero     0x1fff07d4     0x2  control.o [1]
    .bss               zero     0x1fff07d6     0x2  control.o [1]
    .bss               zero     0x1fff07d8     0x2  control.o [1]
    .bss               zero     0x1fff07da     0x2  control.o [1]
    .bss               zero     0x1fff07dc     0x2  control.o [1]
    .bss               zero     0x1fff07de     0x2  control.o [1]
    .bss               zero     0x1fff07e0     0x2  control.o [1]
    .bss               zero     0x1fff07e2     0x2  control.o [1]
    .bss               zero     0x1fff07e4     0x2  control.o [1]
    .bss               zero     0x1fff07e6     0x2  control.o [1]
    .bss               zero     0x1fff07e8     0x2  control.o [1]
    .bss               zero     0x1fff07ea     0x2  control.o [1]
    .bss               zero     0x1fff07ec     0x2  control.o [1]
    .bss               zero     0x1fff07ee     0x2  control.o [1]
    .bss               zero     0x1fff07f0     0x2  control.o [1]
    .bss               zero     0x1fff07f2     0x2  control.o [1]
    .bss               zero     0x1fff07f4     0x2  control.o [1]
    .bss               zero     0x1fff07f6     0x2  control.o [1]
    .bss               zero     0x1fff07f8     0x2  control.o [1]
    .bss               zero     0x1fff07fa     0x2  control.o [1]
    .bss               zero     0x1fff07fc     0x2  control.o [1]
    .bss               zero     0x1fff07fe     0x2  control.o [1]
    .bss               zero     0x1fff0800     0x2  control.o [1]
    .bss               zero     0x1fff0802     0x2  control.o [1]
    .bss               zero     0x1fff0804     0x2  control.o [1]
    .bss               zero     0x1fff0806     0x2  control.o [1]
    .bss               zero     0x1fff0808     0x2  control.o [1]
    .bss               zero     0x1fff080a     0x2  control.o [1]
    .bss               zero     0x1fff080c     0x2  control.o [1]
    .bss               zero     0x1fff080e     0x2  control.o [1]
    .bss               zero     0x1fff0810     0x2  control.o [1]
    .bss               zero     0x1fff0812     0x2  control.o [1]
    .bss               zero     0x1fff0814     0x2  control.o [1]
    .bss               zero     0x1fff0816     0x2  control.o [1]
    .bss               zero     0x1fff0818     0x2  control.o [1]
    .bss               zero     0x1fff081a     0x2  control.o [1]
    .bss               zero     0x1fff081c     0x2  control.o [1]
    .bss               zero     0x1fff081e     0x2  control.o [1]
    .bss               zero     0x1fff0820     0x2  control.o [1]
    .bss               zero     0x1fff0822     0x2  control.o [1]
    .bss               zero     0x1fff0824     0x2  control.o [1]
    .bss               zero     0x1fff0826     0x2  control.o [1]
    .bss               zero     0x1fff0828     0x2  control.o [1]
    .bss               zero     0x1fff082a     0x2  control.o [1]
    .bss               zero     0x1fff082c     0x2  control.o [1]
    .bss               zero     0x1fff082e     0x2  control.o [1]
    .bss               zero     0x1fff0830     0x2  control.o [1]
    .bss               zero     0x1fff0832     0x2  control.o [1]
    .bss               zero     0x1fff0834     0x2  control.o [1]
    .bss               zero     0x1fff0836     0x2  control.o [1]
    .bss               zero     0x1fff0838     0x2  control.o [1]
    .bss               zero     0x1fff083a     0x2  control.o [1]
    .bss               zero     0x1fff083c     0x2  control.o [1]
    .bss               zero     0x1fff083e     0x2  control.o [1]
    .bss               zero     0x1fff0840     0x2  control.o [1]
    .bss               zero     0x1fff0842     0x2  control.o [1]
    .bss               zero     0x1fff0844     0x2  control.o [1]
    .bss               zero     0x1fff0846     0x2  control.o [1]
    .bss               zero     0x1fff0848     0x2  control.o [1]
    .bss               zero     0x1fff084a     0x2  control.o [1]
    .bss               zero     0x1fff084c     0x2  control.o [1]
    .bss               zero     0x1fff084e     0x2  control.o [1]
    .bss               zero     0x1fff0850     0x2  control.o [1]
    .bss               zero     0x1fff0852     0x2  control.o [1]
    .bss               zero     0x1fff0854     0x2  control.o [1]
    .bss               zero     0x1fff0856     0x2  control.o [1]
    .bss               zero     0x1fff0858     0x2  control.o [1]
    .bss               zero     0x1fff085a     0x2  control.o [1]
    .bss               zero     0x1fff085c     0x2  control.o [1]
    .bss               zero     0x1fff085e     0x2  control.o [1]
    .bss               zero     0x1fff0860     0x2  control.o [1]
    .bss               zero     0x1fff0862     0x2  control.o [1]
    .bss               zero     0x1fff0864     0x2  control.o [1]
    .bss               zero     0x1fff0866     0x2  control.o [1]
    .bss               zero     0x1fff0868     0x2  control.o [1]
    .bss               zero     0x1fff086a     0x2  control.o [1]
    .bss               zero     0x1fff086c     0x2  control.o [1]
    .bss               zero     0x1fff086e     0x2  control.o [1]
    .bss               zero     0x1fff0870     0x2  control.o [1]
    .bss               zero     0x1fff0872     0x2  control.o [1]
    .bss               zero     0x1fff0874     0x2  control.o [1]
    .bss               zero     0x1fff0876     0x2  control.o [1]
    .bss               zero     0x1fff0878     0x2  control.o [1]
    .bss               zero     0x1fff087a     0x2  control.o [1]
    .bss               zero     0x1fff087c     0x2  control.o [1]
    .bss               zero     0x1fff087e     0x2  control.o [1]
    .bss               zero     0x1fff0880     0x2  control.o [1]
    .bss               zero     0x1fff0882     0x2  control.o [1]
    .bss               zero     0x1fff0884     0x2  control.o [1]
    .bss               zero     0x1fff0886     0x2  control.o [1]
    .bss               zero     0x1fff0888     0x2  control.o [1]
    .bss               zero     0x1fff088a     0x2  control.o [1]
    .bss               zero     0x1fff088c     0x2  control.o [1]
    .bss               zero     0x1fff088e     0x2  control.o [1]
    .bss               zero     0x1fff0890     0x2  control.o [1]
    .bss               zero     0x1fff0892     0x2  control.o [1]
    .bss               zero     0x1fff0894     0x2  control.o [1]
    .bss               zero     0x1fff0896     0x2  control.o [1]
    .bss               zero     0x1fff0898     0x2  control.o [1]
    .bss               zero     0x1fff089a     0x2  control.o [1]
    .bss               zero     0x1fff089c     0x2  control.o [1]
    .bss               zero     0x1fff089e     0x2  control.o [1]
    .bss               zero     0x1fff08a0     0x2  control.o [1]
    .bss               zero     0x1fff08a2     0x2  control.o [1]
    .bss               zero     0x1fff08a4     0x2  control.o [1]
    .bss               zero     0x1fff08a6     0x2  control.o [1]
    .bss               zero     0x1fff08a8     0x2  control.o [1]
    .bss               zero     0x1fff08aa     0x2  isr.o [1]
    .bss               zero     0x1fff08ac     0x2  main.o [1]
    .bss               zero     0x1fff08ae     0x2  main.o [1]
    .bss               zero     0x1fff08b0     0x2  main.o [1]
    .bss               zero     0x1fff08b2     0x2  main.o [1]
    .bss               zero     0x1fff08b4     0x2  main.o [1]
    .bss               zero     0x1fff08b6     0x2  main.o [1]
    .bss               zero     0x1fff08b8     0x2  main.o [1]
    .bss               zero     0x1fff08ba     0x2  main.o [1]
    .bss               zero     0x1fff08bc     0x2  main.o [1]
    .bss               zero     0x1fff08be     0x2  main.o [1]
    .bss               zero     0x1fff08c0     0x2  main.o [1]
    .bss               zero     0x1fff08c2     0x2  main.o [1]
    .bss               zero     0x1fff08c4     0x1  control.o [1]
    .bss               zero     0x1fff08c5     0x1  control.o [1]
    .bss               zero     0x1fff08c6     0x1  control.o [1]
    .bss               zero     0x1fff08c7     0x1  control.o [1]
    .bss               zero     0x1fff08c8     0x1  control.o [1]
    .bss               zero     0x1fff08c9     0x1  control.o [1]
    .bss               zero     0x1fff08ca     0x1  control.o [1]
    .bss               zero     0x1fff08cb     0x1  control.o [1]
    .bss               zero     0x1fff08cc     0x1  control.o [1]
    .bss               zero     0x1fff08cd     0x1  control.o [1]
    .bss               zero     0x1fff08ce     0x1  control.o [1]
    .bss               zero     0x1fff08cf     0x1  control.o [1]
    .bss               zero     0x1fff08d0     0x1  control.o [1]
    .bss               zero     0x1fff08d1     0x1  isr.o [1]
    .bss               zero     0x1fff08d2     0x1  isr.o [1]
    .bss               zero     0x1fff08d3     0x1  isr.o [1]
    .bss               zero     0x1fff08d4     0x1  isr.o [1]
    .bss               zero     0x1fff08d5     0x1  isr.o [1]
    .bss               zero     0x1fff08d6     0x1  isr.o [1]
    .bss               zero     0x1fff08d7     0x1  isr.o [1]
    .bss               zero     0x1fff08d8     0x1  isr.o [1]
                              - 0x1fff08d9   0x409


*******************************************************************************
*** INIT TABLE
***

          Address     Size
          -------     ----
Zero (__iar_zero_init3)
    1 destination range, total size 0x409:
          0x1fff04d0  0x409



*******************************************************************************
*** MODULE SUMMARY
***

    Module            ro code  rw code  ro data  rw data
    ------            -------  -------  -------  -------
D:\FREESCALE智能车竞赛\freescale(九)\程序\PE V1.4 2014.07.09 tuxiang\bin\Flash\Obj: [1]
    LQ12864.o           1 556             1 520
    PID.o                 168                 4       40
    adc.o                 476                         16
    button.o              912
    common.o              180
    control.o           9 760                23      678
    crt0.o                 60
    delay.o                72
    gpio.o                162
    isr.o                 348                        266
    main.o             11 000               577      124
    pit.o                 184
    pwm.o               1 748                         12
    start.o               176
    sysinit.o             528       76       76       12
    uart.o                524
    vectors.o               2             1 040
    wdog.o                 56
    ----------------------------------------------------
    Total:             27 912       76    3 240    1 148

command line: [2]
    ----------------------------------------------------
    Total:

dl7M_tln.a: [3]
    exit.o                  4
    low_level_init.o        4
    ----------------------------------------------------
    Total:                  8

m7M_tl.a: [4]
    DblAdd.o              232
    DblSub.o              364
    DblToFlt.o            144
    FltAdd.o              132
    FltDiv.o              252
    FltMul.o              216
    FltSub.o              230
    FltToDbl.o             78
    FltToS32.o             68
    I32ToFlt.o             46
    ----------------------------------------------------
    Total:              1 762

rt7M_tl.a: [5]
    ABImemclr4.o            6
    ABImemset48.o          50
    bwt_init3c.o
    cexit.o                10
    cmain.o                22
    cstartup_M.o           12
    data_init3.o           44
    zero_init3.o           34
    ----------------------------------------------------
    Total:                178

shb_l.a: [6]
    exit.o                 20
    ----------------------------------------------------
    Total:                 20

    Gaps                   10                 2        1
    Linker created          8                16
--------------------------------------------------------
    Grand Total:       29 898       76    3 258    1 149


*******************************************************************************
*** ENTRY LIST
***

Entry                      Address    Size  Type      Object
-----                      -------    ----  ----      ------
.bss$$Base              0x1fff04d0           --   Gb  - Linker created -
.bss$$Limit             0x1fff08d9           --   Gb  - Linker created -
.data$$Base             0x1fff0410           --   Gb  - Linker created -
.data$$Limit            0x1fff0484           --   Gb  - Linker created -
.data_init$$Base        0x00007e54           --   Gb  - Linker created -
.data_init$$Limit       0x00007ec8           --   Gb  - Linker created -
?main                   0x00007f51          Code  Gb  cmain.o [5]
Abs                     0x0000419f     0xa  Code  Gb  control.o [1]
Aver_F                  0x1fff07ce     0x2  Data  Gb  control.o [1]
Aver_Z                  0x1fff0828     0x2  Data  Gb  control.o [1]
BK                      0x1fff047e     0x1  Data  Gb  main.o [1]
CCD_init                0x00003cdd    0x42  Code  Gb  control.o [1]
CalculateIntegrationTimeFront
                        0x0000402b    0xa6  Code  Gb  control.o [1]
CalculateIntegrationTimeZong
                        0x000040d1    0xa6  Code  Gb  control.o [1]
CodeRelocate$$Base      0x00007ec8           --   Gb  - Linker created -
CodeRelocate$$Limit     0x00007f14           --   Gb  - Linker created -
CodeRelocateRam$$Base   0x1fff0484           --   Gb  - Linker created -
CodeRelocateRam$$Limit  0x1fff04d0           --   Gb  - Linker created -
D_err                   0x1fff0862     0x2  Data  Gb  control.o [1]
DirectionControlOutput  0x00005cc1    0x46  Code  Gb  control.o [1]
F8X16                   0x00007408   0x5f0  Data  Gb  LQ12864.o [1]
FRONT_WIDTH             0x1fff08c0     0x2  Data  Gb  main.o [1]
FTM2_QUAD_Iint          0x00006b73    0x62  Code  Gb  pwm.o [1]
FTM_MOD0                0x1fff07ac     0x4  Data  Gb  pwm.o [1]
FTM_MOD1                0x1fff07b0     0x4  Data  Gb  pwm.o [1]
FTM_MOD2                0x1fff07b4     0x4  Data  Gb  pwm.o [1]
FTM_PWM_ChangeDuty      0x000069f5    0xb6  Code  Gb  pwm.o [1]
FTM_PWM_Init            0x000065ad   0x2ea  Code  Gb  pwm.o [1]
FTM_PWM_Open            0x00006897   0x15e  Code  Gb  pwm.o [1]
GetMotorPulse           0x00005d07    0x2a  Code  Gb  control.o [1]
IT_long                 0x1fff08b2     0x2  Data  Gb  main.o [1]
IT_ref                  0x1fff042b     0x1  Data  Gb  main.o [1]
ImageCapture_F          0x00003e77    0xda  Code  Gb  control.o [1]
ImageCapture_Z          0x00003f51    0xda  Code  Gb  control.o [1]
IncPID_Calculate        0x00002f61    0x7e  Code  Gb  PID.o [1]
IntegrationTime_Front   0x1fff0422     0x1  Data  Gb  control.o [1]
IntegrationTime_Zong    0x1fff0423     0x1  Data  Gb  control.o [1]
Kd                      0x1fff0438     0x4  Data  Gb  main.o [1]
Kd_BL                   0x1fff0464     0x4  Data  Gb  main.o [1]
Kd_WW                   0x1fff0458     0x4  Data  Gb  main.o [1]
Kd_WZ                   0x1fff045c     0x4  Data  Gb  main.o [1]
Kd_ZW                   0x1fff0454     0x4  Data  Gb  main.o [1]
Kd_ZZ                   0x1fff0460     0x4  Data  Gb  main.o [1]
Kd_hold                 0x1fff043c     0x4  Data  Gb  main.o [1]
Kp                      0x1fff0430     0x4  Data  Gb  main.o [1]
Kp_BL                   0x1fff0450     0x4  Data  Gb  main.o [1]
Kp_WW                   0x1fff0444     0x4  Data  Gb  main.o [1]
Kp_WZ                   0x1fff0448     0x4  Data  Gb  main.o [1]
Kp_ZW                   0x1fff0440     0x4  Data  Gb  main.o [1]
Kp_ZZ                   0x1fff044c     0x4  Data  Gb  main.o [1]
Kp_hold                 0x1fff0434     0x4  Data  Gb  main.o [1]
LCD_CLS                 0x0000314f    0x38  Code  Gb  LQ12864.o [1]
LCD_DLY_ms              0x00003187    0x1a  Code  Gb  LQ12864.o [1]
LCD_Fill                0x00003113    0x3c  Code  Gb  LQ12864.o [1]
LCD_Init                0x000031a1   0x13a  Code  Gb  LQ12864.o [1]
LCD_P8x16Str            0x0000347b    0xa8  Code  Gb  LQ12864.o [1]
LCD_P8x16_num3wei       0x00003523    0xc2  Code  Gb  LQ12864.o [1]
LCD_P8x16_number        0x000032db    0xc4  Code  Gb  LQ12864.o [1]
LCD_P8x16_number_4      0x0000339f    0xdc  Code  Gb  LQ12864.o [1]
LCD_Set_Pos             0x000030e7    0x2c  Code  Gb  LQ12864.o [1]
LCD_WrCmd               0x0000306d    0x7a  Code  Gb  LQ12864.o [1]
LCD_WrDat               0x00002fed    0x7e  Code  Gb  LQ12864.o [1]
LHOLDdiao_flag          0x1fff08cb     0x1  Data  Gb  control.o [1]
L_aver                  0x1fff0894     0x2  Data  Gb  control.o [1]
L_fch                   0x1fff0896     0x2  Data  Gb  control.o [1]
Ldiaotou_count          0x1fff0876     0x2  Data  Gb  control.o [1]
Ldiaotou_flag           0x1fff08ca     0x1  Data  Gb  control.o [1]
Lendiao                 0x1fff08cd     0x1  Data  Gb  control.o [1]
Lfch                    0x1fff07ee     0x2  Data  Gb  control.o [1]
Lpre1                   0x1fff088a     0x2  Data  Gb  control.o [1]
Lpre2                   0x1fff088c     0x2  Data  Gb  control.o [1]
Lpre3                   0x1fff088e     0x2  Data  Gb  control.o [1]
Lpre4                   0x1fff0890     0x2  Data  Gb  control.o [1]
Master_Adc_Config       0x1fff04f4    0x10  Data  Gb  adc.o [1]
Motor_Lock              0x1fff08ba     0x2  Data  Gb  main.o [1]
Motor_init              0x00006aab    0xc8  Code  Gb  pwm.o [1]
PID_SetKpid             0x00002f4d    0x14  Code  Gb  PID.o [1]
PID_SetPoint            0x00002f45     0x8  Code  Gb  PID.o [1]
PULSE_MAX               0x1fff0478     0x2  Data  Gb  main.o [1]
PixelAverage            0x00004177    0x28  Code  Gb  control.o [1]
PixelAverageValue_Front
                        0x1fff08c4     0x1  Data  Gb  control.o [1]
PixelAverageValue_Zong  0x1fff08c6     0x1  Data  Gb  control.o [1]
PixelAverageVoltageError
                        0x1fff0866     0x2  Data  Gb  control.o [1]
PixelAverageVoltage_Front
                        0x1fff08c5     0x1  Data  Gb  control.o [1]
PixelAverageVoltage_Zong
                        0x1fff08c7     0x1  Data  Gb  control.o [1]
Pixel_F                 0x1fff06a0    0x80  Data  Gb  isr.o [1]
Pixel_Z                 0x1fff0720    0x80  Data  Gb  isr.o [1]
RHOLDdiao_flag          0x1fff08cc     0x1  Data  Gb  control.o [1]
R_aver                  0x1fff0892     0x2  Data  Gb  control.o [1]
R_fch                   0x1fff0898     0x2  Data  Gb  control.o [1]
Rdiaotou_count          0x1fff0874     0x2  Data  Gb  control.o [1]
Rdiaotou_flag           0x1fff08c9     0x1  Data  Gb  control.o [1]
Region$$Table$$Base     0x00007f40           --   Gb  - Linker created -
Region$$Table$$Limit    0x00007f50           --   Gb  - Linker created -
Rendiao                 0x1fff08ce     0x1  Data  Gb  control.o [1]
Rfch                    0x1fff07f0     0x2  Data  Gb  control.o [1]
Rpre1                   0x1fff0882     0x2  Data  Gb  control.o [1]
Rpre2                   0x1fff0884     0x2  Data  Gb  control.o [1]
Rpre3                   0x1fff0886     0x2  Data  Gb  control.o [1]
Rpre4                   0x1fff0888     0x2  Data  Gb  control.o [1]
SHACHE_TIME_1           0x1fff0426     0x1  Data  Gb  control.o [1]
SHACHE_TIME_2           0x1fff0427     0x1  Data  Gb  control.o [1]
SHACHE_TIME_3           0x1fff0428     0x1  Data  Gb  control.o [1]
SHACHE_TIME_4           0x1fff0429     0x1  Data  Gb  control.o [1]
SHACHE_TIME_5           0x1fff042a     0x1  Data  Gb  control.o [1]
SHA_PULSE               0x1fff0424     0x2  Data  Gb  control.o [1]
SamplingDelay           0x00005bb5    0x24  Code  Gb  control.o [1]
Sd                      0x1fff07a8     0x4  Data  Gb  main.o [1]
Servo_Lock              0x1fff08bc     0x2  Data  Gb  main.o [1]
SetServoVoltage         0x00005bd9    0xd8  Code  Gb  control.o [1]
Si                      0x1fff07a4     0x4  Data  Gb  main.o [1]
Sp                      0x1fff0480     0x4  Data  Gb  main.o [1]
Speed_PID               0x00005d35    0x9a  Code  Gb  control.o [1]
StartIntegrationFront   0x00003d1f    0xac  Code  Gb  control.o [1]
StartIntegrationZong    0x00003dcb    0xac  Code  Gb  control.o [1]
TIME1flag_20ms          0x1fff08d5     0x1  Data  Gb  isr.o [1]
TIME1flag_20ms_Z        0x1fff08d6     0x1  Data  Gb  isr.o [1]
TargetPixelAverageVoltage
                        0x1fff041e     0x2  Data  Gb  control.o [1]
TargetPixelAverageVoltageAllowError
                        0x1fff0420     0x2  Data  Gb  control.o [1]
TimerCnt20ms            0x1fff08d3     0x1  Data  Gb  isr.o [1]
TimerCnt20ms_Z          0x1fff08d4     0x1  Data  Gb  isr.o [1]
WW_flag                 0x1fff08d0     0x1  Data  Gb  control.o [1]
ZONG_WIDTH              0x1fff08c2     0x2  Data  Gb  main.o [1]
ZZ_count                0x1fff0878     0x2  Data  Gb  control.o [1]
__BOOT_STACK_ADDRESS {Abs}
                        0x2000fff8           --   Gb  command line/config [2]
__PID                   0x1fff04d0    0x1c  Data  Gb  PID.o [1]
__VECTOR_RAM {Abs}      0x1fff0000           --   Gb  command line/config [2]
__VECTOR_TABLE {Abs}    0x00000000           --   Gb  command line/config [2]
__aeabi_d2f             0x00003c4d          Code  Gb  DblToFlt.o [4]
__aeabi_dadd            0x00003b65          Code  Gb  DblAdd.o [4]
__aeabi_f2d             0x00003af5          Code  Gb  FltToDbl.o [4]
__aeabi_f2iz            0x00003ab1          Code  Gb  FltToS32.o [4]
__aeabi_fadd            0x00006e51          Code  Gb  FltAdd.o [4]
__aeabi_fdiv            0x00007225          Code  Gb  FltDiv.o [4]
__aeabi_fmul            0x000039d9          Code  Gb  FltMul.o [4]
__aeabi_fsub            0x00006d69          Code  Gb  FltSub.o [4]
__aeabi_i2f             0x00006d39          Code  Gb  I32ToFlt.o [4]
__aeabi_memclr4         0x0000721d          Code  Gb  ABImemclr4.o [5]
__cmain                 0x00007f51          Code  Gb  cmain.o [5]
__exit                  0x00007f7d    0x14  Code  Gb  exit.o [6]
__iar_Memset4_word      0x000073d5          Code  Gb  ABImemset48.o [5]
__iar_Memset8_word      0x000073d5          Code  Gb  ABImemset48.o [5]
__iar_SB                0x00008184          Data  Gb  bwt_init3c.o [5]
__iar_dadd              0x00003b79          Code  Gb  DblAdd.o [4]
__iar_data_init3        0x00007f15    0x2c  Code  Gb  data_init3.o [5]
__iar_dsub              0x00006ed5          Code  Gb  DblSub.o [4]
__iar_dsubStart         0x00006ee7          Code  Gb  DblSub.o [4]
__iar_fadd              0x00006e61          Code  Gb  FltAdd.o [4]
__iar_fsub              0x00006d79          Code  Gb  FltSub.o [4]
__iar_fsubStart         0x00006d89          Code  Gb  FltSub.o [4]
__iar_program_start     0x00007ff1          Code  Gb  cstartup_M.o [5]
__iar_ui2f              0x00006d4d          Code  Gb  I32ToFlt.o [4]
__iar_zero_init3        0x00003b43    0x22  Code  Gb  zero_init3.o [5]
__low_level_init        0x00007f67     0x4  Code  Gb  low_level_init.o [3]
__startup               0x00000411          Code  Gb  crt0.o [1]
__vector_table          0x00000000   0x410  Data  Gb  vectors.o [1]
_call_main              0x00007f5d          Code  Gb  cmain.o [5]
_exit                   0x00007f71          Code  Gb  cexit.o [5]
_main                   0x00007f63          Code  Gb  cmain.o [5]
binaryzation_F          0x000041a9   0x34c  Code  Gb  control.o [1]
binaryzation_Z          0x000044f5   0x1f0  Code  Gb  control.o [1]
black_l                 0x1fff08a0     0x2  Data  Gb  control.o [1]
black_r                 0x1fff08a2     0x2  Data  Gb  control.o [1]
bodong                  0x1fff0868     0x2  Data  Gb  control.o [1]
chafang_f               0x1fff05d4    0xc8  Data  Gb  control.o [1]
cl_f                    0x1fff07ea     0x2  Data  Gb  control.o [1]
cl_f_long               0x1fff08ac     0x2  Data  Gb  main.o [1]
cl_f_pre                0x1fff07ec     0x2  Data  Gb  control.o [1]
cl_z                    0x1fff0834     0x2  Data  Gb  control.o [1]
cl_z_long               0x1fff08b4     0x2  Data  Gb  main.o [1]
common_startup          0x00007d81    0x74  Code  Gb  start.o [1]
core_clk_khz            0x1fff07b8     0x4  Data  Gb  sysinit.o [1]
core_clk_mhz            0x1fff07bc     0x4  Data  Gb  sysinit.o [1]
d_err1                  0x1fff0810     0x2  Data  Gb  control.o [1]
d_err2                  0x1fff0812     0x2  Data  Gb  control.o [1]
d_err3                  0x1fff0814     0x2  Data  Gb  control.o [1]
d_err4                  0x1fff0816     0x2  Data  Gb  control.o [1]
d_err5                  0x1fff0818     0x2  Data  Gb  control.o [1]
d_err6                  0x1fff081a     0x2  Data  Gb  control.o [1]
d_err7                  0x1fff081c     0x2  Data  Gb  control.o [1]
d_err8                  0x1fff081e     0x2  Data  Gb  control.o [1]
d_err9                  0x1fff0820     0x2  Data  Gb  control.o [1]
default_isr             0x000065ab     0x2  Code  Gb  vectors.o [1]
delay_count             0x1fff08a6     0x2  Data  Gb  control.o [1]
delay_ms                0x00003991    0x38  Code  Gb  delay.o [1]
delta_l                 0x1fff07d0     0x2  Data  Gb  control.o [1]
delta_r                 0x1fff07d2     0x2  Data  Gb  control.o [1]
enable_irq              0x00007327    0x90  Code  Gb  common.o [1]
enable_pit_interrupt    0x00006cdf    0x4c  Code  Gb  pit.o [1]
exit                    0x00007f6b     0x4  Code  Gb  exit.o [3]
fangcha_f               0x1fff087c     0x2  Data  Gb  control.o [1]
fangcha_hou_f           0x1fff0880     0x2  Data  Gb  control.o [1]
fangcha_qian_f          0x1fff087e     0x2  Data  Gb  control.o [1]
fb_clk_init             0x00007a5f    0x16  Code  Gb  sysinit.o [1]
fch_dp1                 0x1fff042c     0x2  Data  Gb  main.o [1]
fch_dp2                 0x1fff042e     0x2  Data  Gb  main.o [1]
front_OFFSET            0x1fff07fa     0x2  Data  Gb  control.o [1]
front_OFFSET_KZ         0x1fff07f4     0x2  Data  Gb  control.o [1]
front_OFFSET_KZ_pre     0x1fff07f8     0x2  Data  Gb  control.o [1]
front_OFFSET_pre1       0x1fff07fc     0x2  Data  Gb  control.o [1]
front_OFFSET_pre10      0x1fff080e     0x2  Data  Gb  control.o [1]
front_OFFSET_pre2       0x1fff07fe     0x2  Data  Gb  control.o [1]
front_OFFSET_pre3       0x1fff0800     0x2  Data  Gb  control.o [1]
front_OFFSET_pre4       0x1fff0802     0x2  Data  Gb  control.o [1]
front_OFFSET_pre5       0x1fff0804     0x2  Data  Gb  control.o [1]
front_OFFSET_pre6       0x1fff0806     0x2  Data  Gb  control.o [1]
front_OFFSET_pre7       0x1fff0808     0x2  Data  Gb  control.o [1]
front_OFFSET_pre8       0x1fff080a     0x2  Data  Gb  control.o [1]
front_OFFSET_pre9       0x1fff080c     0x2  Data  Gb  control.o [1]
front_l                 0x1fff07c8     0x2  Data  Gb  control.o [1]
front_l_last            0x1fff07d4     0x2  Data  Gb  control.o [1]
front_l_long            0x1fff08ae     0x2  Data  Gb  main.o [1]
front_l_pre1            0x1fff07d8     0x2  Data  Gb  control.o [1]
front_l_pre2            0x1fff07dc     0x2  Data  Gb  control.o [1]
front_l_pre3            0x1fff07e0     0x2  Data  Gb  control.o [1]
front_l_pre4            0x1fff07e4     0x2  Data  Gb  control.o [1]
front_l_reference       0x1fff07f2     0x2  Data  Gb  control.o [1]
front_max               0x1fff07ca     0x2  Data  Gb  control.o [1]
front_min               0x1fff07cc     0x2  Data  Gb  control.o [1]
front_r                 0x1fff0414     0x2  Data  Gb  control.o [1]
front_r_last            0x1fff07d6     0x2  Data  Gb  control.o [1]
front_r_long            0x1fff08b0     0x2  Data  Gb  main.o [1]
front_r_pre1            0x1fff07da     0x2  Data  Gb  control.o [1]
front_r_pre2            0x1fff07de     0x2  Data  Gb  control.o [1]
front_r_pre3            0x1fff07e2     0x2  Data  Gb  control.o [1]
front_r_pre4            0x1fff07e6     0x2  Data  Gb  control.o [1]
front_r_reference       0x1fff0416     0x2  Data  Gb  control.o [1]
front_reference         0x1fff07f6     0x2  Data  Gb  control.o [1]
front_width             0x1fff07e8     0x2  Data  Gb  control.o [1]
g_fDirectionControlOutNew
                        0x1fff0508     0x4  Data  Gb  control.o [1]
g_fDirectionControlOutOld
                        0x1fff0504     0x4  Data  Gb  control.o [1]
g_n1msEventCount        0x1fff08d7     0x1  Data  Gb  isr.o [1]
g_nDirectionControlPeriod
                        0x1fff07c6     0x2  Data  Gb  control.o [1]
g_nMotorPulse           0x1fff07c4     0x2  Data  Gb  control.o [1]
g_nMotorPulseSigma      0x1fff0864     0x2  Data  Gb  control.o [1]
g_nSpeedControlCount    0x1fff08d8     0x1  Data  Gb  isr.o [1]
get_front               0x0000474d   0xbba  Code  Gb  control.o [1]
get_fu                  0x00005511   0x192  Code  Gb  control.o [1]
get_zong                0x00005711   0x442  Code  Gb  control.o [1]
gpio_init               0x00006509    0x7a  Code  Gb  gpio.o [1]
gpio_read               0x0000659d     0xe  Code  Gb  gpio.o [1]
high_aver_f             0x1fff086a     0x2  Data  Gb  control.o [1]
high_aver_z             0x1fff086e     0x2  Data  Gb  control.o [1]
hw_ad_once              0x0000708f    0x4a  Code  Gb  adc.o [1]
hw_adc_config_alt       0x000071d5    0x26  Code  Gb  adc.o [1]
hw_adc_convertstart     0x000070d9    0xfc  Code  Gb  adc.o [1]
hw_adc_init             0x00007041    0x4e  Code  Gb  adc.o [1]
hw_pit_init             0x00006c81    0x5e  Code  Gb  pit.o [1]
integration_piont_Front
                        0x1fff08d1     0x1  Data  Gb  isr.o [1]
integration_piont_Zong  0x1fff08d2     0x1  Data  Gb  isr.o [1]
k_B                     0x1fff0468     0x4  Data  Gb  main.o [1]
key_no                  0x1fff047c     0x1  Data  Gb  main.o [1]
key_num                 0x1fff047b     0x1  Data  Gb  main.o [1]
keyboard_scan           0x00003681   0x306  Code  Gb  button.o [1]
lost_all_flag           0x1fff08c8     0x1  Data  Gb  control.o [1]
low_aver_f              0x1fff086c     0x2  Data  Gb  control.o [1]
low_aver_z              0x1fff0870     0x2  Data  Gb  control.o [1]
main                    0x0000044d  0x2950  Code  Gb  main.o [1]
matrix_keyboard_init    0x00003601    0x80  Code  Gb  button.o [1]
periph_clk_khz          0x1fff07c0     0x4  Data  Gb  sysinit.o [1]
pit0_isr                0x00007c11   0x15c  Code  Gb  isr.o [1]
pll_init                0x00007a75   0x15a  Code  Gb  sysinit.o [1]
pulse_count             0x1fff069c     0x4  Data  Gb  control.o [1]
pulse_count_max         0x1fff07a0     0x4  Data  Gb  main.o [1]
qpx_count               0x1fff089a     0x2  Data  Gb  control.o [1]
rensha_count            0x1fff0872     0x2  Data  Gb  control.o [1]
route_ave_f             0x1fff087a     0x2  Data  Gb  control.o [1]
route_f                 0x1fff050c    0xc8  Data  Gb  control.o [1]
route_type_F            0x0000532d   0x1c0  Code  Gb  control.o [1]
rzguo_flag              0x1fff08cf     0x1  Data  Gb  control.o [1]
sPID                    0x1fff0410     0x4  Data  Gb  PID.o [1]
servo_duty              0x1fff041c     0x2  Data  Gb  control.o [1]
set_sys_dividers        0x1fff0485    0x4c  Code  Gb  sysinit.o [1]
shache3                 0x00005e11   0x3d2  Code  Gb  control.o [1]
shache_time             0x1fff08be     0x2  Data  Gb  main.o [1]
sina                    0x1fff047a     0x1  Data  Gb  main.o [1]
speed                   0x1fff046c     0x2  Data  Gb  main.o [1]
speed_B                 0x1fff0474     0x2  Data  Gb  main.o [1]
speed_H                 0x1fff046e     0x2  Data  Gb  main.o [1]
speed_L                 0x1fff0472     0x2  Data  Gb  main.o [1]
speed_W                 0x1fff0470     0x2  Data  Gb  main.o [1]
speed_jian              0x1fff0476     0x2  Data  Gb  main.o [1]
speed_pwm               0x1fff08a8     0x2  Data  Gb  control.o [1]
speedflag               0x1fff08aa     0x2  Data  Gb  isr.o [1]
start                   0x00007d6d    0x14  Code  Gb  start.o [1]
stop_count              0x1fff089e     0x2  Data  Gb  control.o [1]
stop_flag               0x1fff089c     0x2  Data  Gb  control.o [1]
sysinit                 0x00007a01    0x48  Code  Gb  sysinit.o [1]
system_init             0x00002db9    0x76  Code  Gb  main.o [1]
trace_clk_init          0x00007a49    0x16  Code  Gb  sysinit.o [1]
uart_init               0x000062fd   0x1ba  Code  Gb  uart.o [1]
wdog_disable            0x00007e1d    0x16  Code  Gb  wdog.o [1]
wdog_unlock             0x00007e35    0x16  Code  Gb  wdog.o [1]
write_vtor              0x00007321     0x6  Code  Gb  common.o [1]
z_err1                  0x1fff0850     0x2  Data  Gb  control.o [1]
z_err2                  0x1fff0852     0x2  Data  Gb  control.o [1]
z_err3                  0x1fff0854     0x2  Data  Gb  control.o [1]
z_err4                  0x1fff0856     0x2  Data  Gb  control.o [1]
z_err5                  0x1fff0858     0x2  Data  Gb  control.o [1]
z_err6                  0x1fff085a     0x2  Data  Gb  control.o [1]
z_err7                  0x1fff085c     0x2  Data  Gb  control.o [1]
z_err8                  0x1fff085e     0x2  Data  Gb  control.o [1]
z_err9                  0x1fff0860     0x2  Data  Gb  control.o [1]
zheng                   0x1fff08a4     0x2  Data  Gb  control.o [1]
zhming                  0x1fff047d     0x1  Data  Gb  main.o [1]
zong_OFFSET             0x1fff083a     0x2  Data  Gb  control.o [1]
zong_OFFSET_pre1        0x1fff083c     0x2  Data  Gb  control.o [1]
zong_OFFSET_pre10       0x1fff084e     0x2  Data  Gb  control.o [1]
zong_OFFSET_pre2        0x1fff083e     0x2  Data  Gb  control.o [1]
zong_OFFSET_pre3        0x1fff0840     0x2  Data  Gb  control.o [1]
zong_OFFSET_pre4        0x1fff0842     0x2  Data  Gb  control.o [1]
zong_OFFSET_pre5        0x1fff0844     0x2  Data  Gb  control.o [1]
zong_OFFSET_pre6        0x1fff0846     0x2  Data  Gb  control.o [1]
zong_OFFSET_pre7        0x1fff0848     0x2  Data  Gb  control.o [1]
zong_OFFSET_pre8        0x1fff084a     0x2  Data  Gb  control.o [1]
zong_OFFSET_pre9        0x1fff084c     0x2  Data  Gb  control.o [1]
zong_l                  0x1fff0822     0x2  Data  Gb  control.o [1]
zong_l_last             0x1fff082a     0x2  Data  Gb  control.o [1]
zong_l_long             0x1fff08b6     0x2  Data  Gb  main.o [1]
zong_l_pre              0x1fff082e     0x2  Data  Gb  control.o [1]
zong_l_reference        0x1fff0836     0x2  Data  Gb  control.o [1]
zong_max                0x1fff0824     0x2  Data  Gb  control.o [1]
zong_min                0x1fff0826     0x2  Data  Gb  control.o [1]
zong_r                  0x1fff0418     0x2  Data  Gb  control.o [1]
zong_r_last             0x1fff082c     0x2  Data  Gb  control.o [1]
zong_r_long             0x1fff08b8     0x2  Data  Gb  main.o [1]
zong_r_pre              0x1fff0830     0x2  Data  Gb  control.o [1]
zong_r_reference        0x1fff041a     0x2  Data  Gb  control.o [1]
zong_reference          0x1fff0838     0x2  Data  Gb  control.o [1]
zong_width              0x1fff0832     0x2  Data  Gb  control.o [1]


[1] = D:\FREESCALE智能车竞赛\freescale(九)\程序\PE V1.4 2014.07.09 tuxiang\bin\Flash\Obj
[2] = command line
[3] = dl7M_tln.a
[4] = m7M_tl.a
[5] = rt7M_tl.a
[6] = shb_l.a

  29 898 bytes of readonly  code memory
      76 bytes of readwrite code memory
   3 258 bytes of readonly  data memory
   1 149 bytes of readwrite data memory

Errors: none
Warnings: none
