###############################################################################
#                                                                             #
# IAR ELF Linker V6.30.4.53288/W32 for ARM              10/Jun/2014  19:16:32 #
# Copyright 2007-2011 IAR Systems AB.                                         #
#                                                                             #
#    Output file  =  D:\FREESCALEÖÇÄÜ³µ¾ºÈü\freescale(¾Å)\³ÌÐò\PE V1.4        #
#                    2014.05.29 renzi 2.6mps\bin\Flash\Exe\PE V1.4            #
#                    2014.05.29 renzi 2.6mps.out                              #
#    Map file     =  D:\FREESCALEÖÇÄÜ³µ¾ºÈü\freescale(¾Å)\³ÌÐò\PE V1.4        #
#                    2014.05.29 renzi 2.6mps\bin\Flash\List\PE V1.4           #
#                    2014.05.29 renzi 2.6mps.map                              #
#    Command line =  "D:\FREESCALEÖÇÄÜ³µ¾ºÈü\freescale(¾Å)\³ÌÐò\PE V1.4       #
#                    2014.05.29 renzi 2.6mps\bin\Flash\Obj\LQ12864.o"         #
#                    "D:\FREESCALEÖÇÄÜ³µ¾ºÈü\freescale(¾Å)\³ÌÐò\PE V1.4       #
#                    2014.05.29 renzi 2.6mps\bin\Flash\Obj\PID.o"             #
#                    "D:\FREESCALEÖÇÄÜ³µ¾ºÈü\freescale(¾Å)\³ÌÐò\PE V1.4       #
#                    2014.05.29 renzi 2.6mps\bin\Flash\Obj\adc.o"             #
#                    "D:\FREESCALEÖÇÄÜ³µ¾ºÈü\freescale(¾Å)\³ÌÐò\PE V1.4       #
#                    2014.05.29 renzi 2.6mps\bin\Flash\Obj\button.o"          #
#                    "D:\FREESCALEÖÇÄÜ³µ¾ºÈü\freescale(¾Å)\³ÌÐò\PE V1.4       #
#                    2014.05.29 renzi 2.6mps\bin\Flash\Obj\common.o"          #
#                    "D:\FREESCALEÖÇÄÜ³µ¾ºÈü\freescale(¾Å)\³ÌÐò\PE V1.4       #
#                    2014.05.29 renzi 2.6mps\bin\Flash\Obj\control.o"         #
#                    "D:\FREESCALEÖÇÄÜ³µ¾ºÈü\freescale(¾Å)\³ÌÐò\PE V1.4       #
#                    2014.05.29 renzi 2.6mps\bin\Flash\Obj\crt0.o"            #
#                    "D:\FREESCALEÖÇÄÜ³µ¾ºÈü\freescale(¾Å)\³ÌÐò\PE V1.4       #
#                    2014.05.29 renzi 2.6mps\bin\Flash\Obj\decoder.o"         #
#                    "D:\FREESCALEÖÇÄÜ³µ¾ºÈü\freescale(¾Å)\³ÌÐò\PE V1.4       #
#                    2014.05.29 renzi 2.6mps\bin\Flash\Obj\delay.o"           #
#                    "D:\FREESCALEÖÇÄÜ³µ¾ºÈü\freescale(¾Å)\³ÌÐò\PE V1.4       #
#                    2014.05.29 renzi 2.6mps\bin\Flash\Obj\gpio.o"            #
#                    "D:\FREESCALEÖÇÄÜ³µ¾ºÈü\freescale(¾Å)\³ÌÐò\PE V1.4       #
#                    2014.05.29 renzi 2.6mps\bin\Flash\Obj\i2c.o"             #
#                    "D:\FREESCALEÖÇÄÜ³µ¾ºÈü\freescale(¾Å)\³ÌÐò\PE V1.4       #
#                    2014.05.29 renzi 2.6mps\bin\Flash\Obj\isr.o"             #
#                    "D:\FREESCALEÖÇÄÜ³µ¾ºÈü\freescale(¾Å)\³ÌÐò\PE V1.4       #
#                    2014.05.29 renzi 2.6mps\bin\Flash\Obj\light.o"           #
#                    "D:\FREESCALEÖÇÄÜ³µ¾ºÈü\freescale(¾Å)\³ÌÐò\PE V1.4       #
#                    2014.05.29 renzi 2.6mps\bin\Flash\Obj\main.o"            #
#                    "D:\FREESCALEÖÇÄÜ³µ¾ºÈü\freescale(¾Å)\³ÌÐò\PE V1.4       #
#                    2014.05.29 renzi 2.6mps\bin\Flash\Obj\pit.o"             #
#                    "D:\FREESCALEÖÇÄÜ³µ¾ºÈü\freescale(¾Å)\³ÌÐò\PE V1.4       #
#                    2014.05.29 renzi 2.6mps\bin\Flash\Obj\pwm.o"             #
#                    "D:\FREESCALEÖÇÄÜ³µ¾ºÈü\freescale(¾Å)\³ÌÐò\PE V1.4       #
#                    2014.05.29 renzi 2.6mps\bin\Flash\Obj\start.o"           #
#                    "D:\FREESCALEÖÇÄÜ³µ¾ºÈü\freescale(¾Å)\³ÌÐò\PE V1.4       #
#                    2014.05.29 renzi 2.6mps\bin\Flash\Obj\sysinit.o"         #
#                    "D:\FREESCALEÖÇÄÜ³µ¾ºÈü\freescale(¾Å)\³ÌÐò\PE V1.4       #
#                    2014.05.29 renzi 2.6mps\bin\Flash\Obj\uart.o"            #
#                    "D:\FREESCALEÖÇÄÜ³µ¾ºÈü\freescale(¾Å)\³ÌÐò\PE V1.4       #
#                    2014.05.29 renzi 2.6mps\bin\Flash\Obj\vectors.o"         #
#                    "D:\FREESCALEÖÇÄÜ³µ¾ºÈü\freescale(¾Å)\³ÌÐò\PE V1.4       #
#                    2014.05.29 renzi 2.6mps\bin\Flash\Obj\wdog.o"            #
#                    --redirect _Printf=_PrintfFull --redirect                #
#                    _Scanf=_ScanfFull -o "D:\FREESCALEÖÇÄÜ³µ¾ºÈü\freescale(¾ #
#                    Å)\³ÌÐò\PE V1.4 2014.05.29 renzi                         #
#                    2.6mps\bin\Flash\Exe\PE V1.4 2014.05.29 renzi            #
#                    2.6mps.out" --map "D:\FREESCALEÖÇÄÜ³µ¾ºÈü\freescale(¾Å)\ #
#                    ³ÌÐò\PE V1.4 2014.05.29 renzi 2.6mps\bin\Flash\List\PE   #
#                    V1.4 2014.05.29 renzi 2.6mps.map" --config               #
#                    "D:\FREESCALEÖÇÄÜ³µ¾ºÈü\freescale(¾Å)\³ÌÐò\PE V1.4       #
#                    2014.05.29 renzi 2.6mps\src\Project_Settings\Link\Pflash #
#                    .icf" --semihosting --entry __iar_program_start --vfe    #
#                                                                             #
#                                                                             #
###############################################################################

*******************************************************************************
*** RUNTIME MODEL ATTRIBUTES
***

CppFlavor       = *
__SystemLibrary = DLib


*******************************************************************************
*** PLACEMENT SUMMARY
***

"A1":  place at 0x00000000 { ro section .intvec };
"A2":  place at 0x00000410 { ro section .noinit };
"P1":  place in [from 0x00000000 to 0x00080000] { ro, block CodeRelocate };
"P2":  place in [from 0x1fff0410 to 0x20010000] {
          rw, block CodeRelocateRam, block CSTACK, block HEAP };

  Section              Kind        Address    Size  Object
  -------              ----        -------    ----  ------
"A1":                                        0x410
  .intvec              const    0x00000000   0x410  vectors.o [1]
                              - 0x00000410   0x410

"A2":                                         0x3c
  .noinit              ro code  0x00000410    0x3c  crt0.o [1]
                              - 0x0000044c    0x3c

"P1":                                       0x69a4
  .text                ro code  0x0000044c  0x28f4  main.o [1]
  .text                ro code  0x00002d40    0xa8  PID.o [1]
  .text                ro code  0x00002de8   0x614  LQ12864.o [1]
  .text                ro code  0x000033fc   0x390  button.o [1]
  .text                ro code  0x0000378c    0x48  delay.o [1]
  .text                ro code  0x000037d4    0xd8  FltMul.o [4]
  .text                ro code  0x000038ac    0x44  FltToS32.o [4]
  .text                ro code  0x000038f0    0x4e  FltToDbl.o [4]
  .text                ro code  0x0000393e    0x22  zero_init3.o [5]
  .text                ro code  0x00003960    0xe8  DblAdd.o [4]
  .text                ro code  0x00003a48    0x90  DblToFlt.o [4]
  .text                ro code  0x00003ad8  0x1540  control.o [1]
  .text                ro code  0x00005018    0xa2  gpio.o [1]
  .text                ro code  0x000050ba     0x2  vectors.o [1]
  .text                ro code  0x000050bc   0x214  uart.o [1]
  .text                ro code  0x000052d0   0x6d4  pwm.o [1]
  .text                ro code  0x000059a4    0xb8  pit.o [1]
  .text                ro code  0x00005a5c    0x2e  I32ToFlt.o [4]
  .text                ro code  0x00005a8c    0xe6  FltSub.o [4]
  .text                ro code  0x00005b74    0x84  FltAdd.o [4]
  .text                ro code  0x00005bf8   0x16c  DblSub.o [4]
  .text                ro code  0x00005d64   0x1dc  adc.o [1]
  .text                ro code  0x00005f40    0xfc  FltDiv.o [4]
  .text                ro code  0x0000603c    0xb4  common.o [1]
  .rodata              const    0x000060f0   0x5f0  LQ12864.o [1]
  Veneer               ro code  0x000066e0     0x8  - Linker created -
  .text                ro code  0x000066e8   0x210  sysinit.o [1]
  .text                ro code  0x000068f8    0xfc  isr.o [1]
  .text                ro code  0x000069f4    0xb0  start.o [1]
  .text                ro code  0x00006aa4    0x38  wdog.o [1]
  .data_init                    0x00006adc    0x68  <Block>
    Initializer bytes  ro data  0x00006adc    0x68  <for .data-1>
  CodeRelocate                  0x00006b44    0x4c  <Block>
    Initializer bytes  ro data  0x00006b44    0x4c  <for CodeRelocateRam-1>
  .text                ro code  0x00006b90    0x2c  data_init3.o [5]
  .iar.init_table      const    0x00006bbc    0x10  - Linker created -
  .text                ro code  0x00006bcc    0x16  cmain.o [5]
  .text                ro code  0x00006be2     0x4  low_level_init.o [3]
  .text                ro code  0x00006be6     0x4  exit.o [3]
  .text                ro code  0x00006bec     0xa  cexit.o [5]
  .text                ro code  0x00006bf8    0x14  exit.o [6]
  .rodata              const    0x00006c0c     0xc  main.o [1]
  .rodata              const    0x00006c18     0xc  main.o [1]
  .rodata              const    0x00006c24     0xc  main.o [1]
  .rodata              const    0x00006c30     0xc  main.o [1]
  .rodata              const    0x00006c3c     0xc  main.o [1]
  .rodata              const    0x00006c48     0xc  main.o [1]
  .rodata              const    0x00006c54     0xc  main.o [1]
  .rodata              const    0x00006c60     0xc  main.o [1]
  .text                ro code  0x00006c6c     0xc  cstartup_M.o [5]
  .rodata              const    0x00006c78     0x8  main.o [1]
  .rodata              const    0x00006c80     0x8  main.o [1]
  .rodata              const    0x00006c88     0x8  main.o [1]
  .rodata              const    0x00006c90     0x8  main.o [1]
  .rodata              const    0x00006c98     0x8  main.o [1]
  .rodata              const    0x00006ca0     0x8  main.o [1]
  .rodata              const    0x00006ca8     0x8  main.o [1]
  .rodata              const    0x00006cb0     0x8  main.o [1]
  .rodata              const    0x00006cb8     0x8  main.o [1]
  .rodata              const    0x00006cc0     0x8  main.o [1]
  .rodata              const    0x00006cc8     0x8  main.o [1]
  .rodata              const    0x00006cd0     0x8  main.o [1]
  .rodata              const    0x00006cd8     0x8  main.o [1]
  .rodata              const    0x00006ce0     0x8  main.o [1]
  .rodata              const    0x00006ce8     0x8  main.o [1]
  .rodata              const    0x00006cf0     0x8  main.o [1]
  .rodata              const    0x00006cf8     0x8  main.o [1]
  .rodata              const    0x00006d00     0x8  main.o [1]
  .rodata              const    0x00006d08     0x8  main.o [1]
  .rodata              const    0x00006d10     0x8  main.o [1]
  .rodata              const    0x00006d18     0x8  main.o [1]
  .rodata              const    0x00006d20     0x8  main.o [1]
  .rodata              const    0x00006d28     0x8  main.o [1]
  .rodata              const    0x00006d30     0x8  main.o [1]
  .rodata              const    0x00006d38     0x8  main.o [1]
  .rodata              const    0x00006d40     0x8  main.o [1]
  .rodata              const    0x00006d48     0x8  main.o [1]
  .rodata              const    0x00006d50     0x8  main.o [1]
  .rodata              const    0x00006d58     0x8  main.o [1]
  .rodata              const    0x00006d60     0x8  main.o [1]
  .rodata              const    0x00006d68     0x8  main.o [1]
  .rodata              const    0x00006d70     0x8  main.o [1]
  .rodata              const    0x00006d78     0x8  main.o [1]
  .rodata              const    0x00006d80     0x8  main.o [1]
  .rodata              const    0x00006d88     0x8  main.o [1]
  .rodata              const    0x00006d90     0x8  main.o [1]
  .rodata              const    0x00006d98     0x8  main.o [1]
  .rodata              const    0x00006da0     0x8  main.o [1]
  .rodata              const    0x00006da8     0x8  main.o [1]
  .rodata              const    0x00006db0     0x8  main.o [1]
  .rodata              const    0x00006db8     0x8  main.o [1]
  .rodata              const    0x00006dc0     0x8  main.o [1]
  .rodata              const    0x00006dc8     0x8  main.o [1]
  .rodata              const    0x00006dd0     0x8  main.o [1]
  .rodata              const    0x00006dd8     0x8  main.o [1]
  .rodata              const    0x00006de0     0x8  main.o [1]
  .rodata              const    0x00006de8     0x8  main.o [1]
  .rodata              const    0x00006df0     0x0  bwt_init3c.o [5]
                              - 0x00006df0  0x69a4

"P2", part 1 of 2:                            0xb4
  .data                         0x1fff0410    0x68  <Block>
    .data-1                     0x1fff0410    0x68  <Init block>
      .data            inited   0x1fff0410     0x4  PID.o [1]
      .data            inited   0x1fff0414     0x2  control.o [1]
      .data            inited   0x1fff0416     0x2  control.o [1]
      .data            inited   0x1fff0418     0x2  control.o [1]
      .data            inited   0x1fff041a     0x2  control.o [1]
      .data            inited   0x1fff041c     0x2  control.o [1]
      .data            inited   0x1fff041e     0x1  control.o [1]
      .data            inited   0x1fff041f     0x1  control.o [1]
      .data            inited   0x1fff0420     0x2  main.o [1]
      .data            inited   0x1fff0422     0x2  main.o [1]
      .data            inited   0x1fff0424     0x4  main.o [1]
      .data            inited   0x1fff0428     0x4  main.o [1]
      .data            inited   0x1fff042c     0x4  main.o [1]
      .data            inited   0x1fff0430     0x4  main.o [1]
      .data            inited   0x1fff0434     0x4  main.o [1]
      .data            inited   0x1fff0438     0x4  main.o [1]
      .data            inited   0x1fff043c     0x4  main.o [1]
      .data            inited   0x1fff0440     0x4  main.o [1]
      .data            inited   0x1fff0444     0x4  main.o [1]
      .data            inited   0x1fff0448     0x4  main.o [1]
      .data            inited   0x1fff044c     0x4  main.o [1]
      .data            inited   0x1fff0450     0x4  main.o [1]
      .data            inited   0x1fff0454     0x4  main.o [1]
      .data            inited   0x1fff0458     0x4  main.o [1]
      .data            inited   0x1fff045c     0x4  main.o [1]
      .data            inited   0x1fff0460     0x2  main.o [1]
      .data            inited   0x1fff0462     0x2  main.o [1]
      .data            inited   0x1fff0464     0x2  main.o [1]
      .data            inited   0x1fff0466     0x2  main.o [1]
      .data            inited   0x1fff0468     0x2  main.o [1]
      .data            inited   0x1fff046a     0x2  main.o [1]
      .data            inited   0x1fff046c     0x2  main.o [1]
      .data            inited   0x1fff046e     0x1  main.o [1]
      .data            inited   0x1fff046f     0x1  main.o [1]
      .data            inited   0x1fff0470     0x1  main.o [1]
      .data            inited   0x1fff0471     0x1  main.o [1]
      .data            inited   0x1fff0472     0x1  main.o [1]
      .data            inited   0x1fff0474     0x4  main.o [1]
  CodeRelocateRam               0x1fff0478    0x4c  <Block>
    CodeRelocateRam-1           0x1fff0478    0x4c  <Init block>
      .textrw          inited   0x1fff0478    0x4c  sysinit.o [1]
                              - 0x1fff04c4    0xb4

"P2", part 2 of 2:                           0x318
  .bss                          0x1fff04c4   0x318  <Block>
    .bss               zero     0x1fff04c4    0x1c  PID.o [1]
    .bss               zero     0x1fff04e0     0x4  PID.o [1]
    .bss               zero     0x1fff04e4     0x4  PID.o [1]
    .bss               zero     0x1fff04e8    0x10  adc.o [1]
    .bss               zero     0x1fff04f8     0x4  control.o [1]
    .bss               zero     0x1fff04fc     0x4  control.o [1]
    .bss               zero     0x1fff0500    0xc8  control.o [1]
    .bss               zero     0x1fff05c8    0xc8  control.o [1]
    .bss               zero     0x1fff0690     0x4  control.o [1]
    .bss               zero     0x1fff0694    0x80  isr.o [1]
    .bss               zero     0x1fff0714     0x4  main.o [1]
    .bss               zero     0x1fff0718     0x4  main.o [1]
    .bss               zero     0x1fff071c     0x4  main.o [1]
    .bss               zero     0x1fff0720     0x4  pwm.o [1]
    .bss               zero     0x1fff0724     0x4  pwm.o [1]
    .bss               zero     0x1fff0728     0x4  pwm.o [1]
    .bss               zero     0x1fff072c     0x4  sysinit.o [1]
    .bss               zero     0x1fff0730     0x4  sysinit.o [1]
    .bss               zero     0x1fff0734     0x4  sysinit.o [1]
    .bss               zero     0x1fff0738     0x2  control.o [1]
    .bss               zero     0x1fff073a     0x2  control.o [1]
    .bss               zero     0x1fff073c     0x2  control.o [1]
    .bss               zero     0x1fff073e     0x2  control.o [1]
    .bss               zero     0x1fff0740     0x2  control.o [1]
    .bss               zero     0x1fff0742     0x2  control.o [1]
    .bss               zero     0x1fff0744     0x2  control.o [1]
    .bss               zero     0x1fff0746     0x2  control.o [1]
    .bss               zero     0x1fff0748     0x2  control.o [1]
    .bss               zero     0x1fff074a     0x2  control.o [1]
    .bss               zero     0x1fff074c     0x2  control.o [1]
    .bss               zero     0x1fff074e     0x2  control.o [1]
    .bss               zero     0x1fff0750     0x2  control.o [1]
    .bss               zero     0x1fff0752     0x2  control.o [1]
    .bss               zero     0x1fff0754     0x2  control.o [1]
    .bss               zero     0x1fff0756     0x2  control.o [1]
    .bss               zero     0x1fff0758     0x2  control.o [1]
    .bss               zero     0x1fff075a     0x2  control.o [1]
    .bss               zero     0x1fff075c     0x2  control.o [1]
    .bss               zero     0x1fff075e     0x2  control.o [1]
    .bss               zero     0x1fff0760     0x2  control.o [1]
    .bss               zero     0x1fff0762     0x2  control.o [1]
    .bss               zero     0x1fff0764     0x2  control.o [1]
    .bss               zero     0x1fff0766     0x2  control.o [1]
    .bss               zero     0x1fff0768     0x2  control.o [1]
    .bss               zero     0x1fff076a     0x2  control.o [1]
    .bss               zero     0x1fff076c     0x2  control.o [1]
    .bss               zero     0x1fff076e     0x2  control.o [1]
    .bss               zero     0x1fff0770     0x2  control.o [1]
    .bss               zero     0x1fff0772     0x2  control.o [1]
    .bss               zero     0x1fff0774     0x2  control.o [1]
    .bss               zero     0x1fff0776     0x2  control.o [1]
    .bss               zero     0x1fff0778     0x2  control.o [1]
    .bss               zero     0x1fff077a     0x2  control.o [1]
    .bss               zero     0x1fff077c     0x2  control.o [1]
    .bss               zero     0x1fff077e     0x2  control.o [1]
    .bss               zero     0x1fff0780     0x2  control.o [1]
    .bss               zero     0x1fff0782     0x2  control.o [1]
    .bss               zero     0x1fff0784     0x2  control.o [1]
    .bss               zero     0x1fff0786     0x2  control.o [1]
    .bss               zero     0x1fff0788     0x2  control.o [1]
    .bss               zero     0x1fff078a     0x2  control.o [1]
    .bss               zero     0x1fff078c     0x2  control.o [1]
    .bss               zero     0x1fff078e     0x2  control.o [1]
    .bss               zero     0x1fff0790     0x2  control.o [1]
    .bss               zero     0x1fff0792     0x2  control.o [1]
    .bss               zero     0x1fff0794     0x2  control.o [1]
    .bss               zero     0x1fff0796     0x2  control.o [1]
    .bss               zero     0x1fff0798     0x2  control.o [1]
    .bss               zero     0x1fff079a     0x2  control.o [1]
    .bss               zero     0x1fff079c     0x2  control.o [1]
    .bss               zero     0x1fff079e     0x2  control.o [1]
    .bss               zero     0x1fff07a0     0x2  control.o [1]
    .bss               zero     0x1fff07a2     0x2  control.o [1]
    .bss               zero     0x1fff07a4     0x2  control.o [1]
    .bss               zero     0x1fff07a6     0x2  control.o [1]
    .bss               zero     0x1fff07a8     0x2  control.o [1]
    .bss               zero     0x1fff07aa     0x2  control.o [1]
    .bss               zero     0x1fff07ac     0x2  control.o [1]
    .bss               zero     0x1fff07ae     0x2  control.o [1]
    .bss               zero     0x1fff07b0     0x2  control.o [1]
    .bss               zero     0x1fff07b2     0x2  control.o [1]
    .bss               zero     0x1fff07b4     0x2  control.o [1]
    .bss               zero     0x1fff07b6     0x2  isr.o [1]
    .bss               zero     0x1fff07b8     0x2  main.o [1]
    .bss               zero     0x1fff07ba     0x2  main.o [1]
    .bss               zero     0x1fff07bc     0x2  main.o [1]
    .bss               zero     0x1fff07be     0x2  main.o [1]
    .bss               zero     0x1fff07c0     0x2  main.o [1]
    .bss               zero     0x1fff07c2     0x2  main.o [1]
    .bss               zero     0x1fff07c4     0x2  main.o [1]
    .bss               zero     0x1fff07c6     0x2  main.o [1]
    .bss               zero     0x1fff07c8     0x2  main.o [1]
    .bss               zero     0x1fff07ca     0x2  main.o [1]
    .bss               zero     0x1fff07cc     0x1  control.o [1]
    .bss               zero     0x1fff07cd     0x1  control.o [1]
    .bss               zero     0x1fff07ce     0x1  control.o [1]
    .bss               zero     0x1fff07cf     0x1  control.o [1]
    .bss               zero     0x1fff07d0     0x1  control.o [1]
    .bss               zero     0x1fff07d1     0x1  control.o [1]
    .bss               zero     0x1fff07d2     0x1  control.o [1]
    .bss               zero     0x1fff07d3     0x1  control.o [1]
    .bss               zero     0x1fff07d4     0x1  control.o [1]
    .bss               zero     0x1fff07d5     0x1  control.o [1]
    .bss               zero     0x1fff07d6     0x1  control.o [1]
    .bss               zero     0x1fff07d7     0x1  isr.o [1]
    .bss               zero     0x1fff07d8     0x1  isr.o [1]
    .bss               zero     0x1fff07d9     0x1  isr.o [1]
    .bss               zero     0x1fff07da     0x1  isr.o [1]
    .bss               zero     0x1fff07db     0x1  isr.o [1]
                              - 0x1fff07dc   0x318


*******************************************************************************
*** INIT TABLE
***

          Address     Size
          -------     ----
Zero (__iar_zero_init3)
    1 destination range, total size 0x318:
          0x1fff04c4  0x318



*******************************************************************************
*** MODULE SUMMARY
***

    Module            ro code  rw code  ro data  rw data
    ------            -------  -------  -------  -------
D:\FREESCALEÖÇÄÜ³µ¾ºÈü\freescale(¾Å)\³ÌÐò\PE V1.4 2014.05.29 renzi 2.6mps\bin\Flash\Obj: [1]
    LQ12864.o           1 556             1 520
    PID.o                 168                 4       40
    adc.o                 476                         16
    button.o              912
    common.o              180
    control.o           5 440                12      561
    crt0.o                 60
    delay.o                72
    gpio.o                162
    isr.o                 252                        135
    main.o             10 484               560      119
    pit.o                 184
    pwm.o               1 748                         12
    start.o               176
    sysinit.o             528       76       76       12
    uart.o                532
    vectors.o               2             1 040
    wdog.o                 56
    ----------------------------------------------------
    Total:             22 988       76    3 212      895

command line: [2]
    ----------------------------------------------------
    Total:

dl7M_tln.a: [3]
    exit.o                  4
    low_level_init.o        4
    ----------------------------------------------------
    Total:                  8

m7M_tl.a: [4]
    DblAdd.o              232
    DblSub.o              364
    DblToFlt.o            144
    FltAdd.o              132
    FltDiv.o              252
    FltMul.o              216
    FltSub.o              230
    FltToDbl.o             78
    FltToS32.o             68
    I32ToFlt.o             46
    ----------------------------------------------------
    Total:              1 762

rt7M_tl.a: [5]
    bwt_init3c.o
    cexit.o                10
    cmain.o                22
    cstartup_M.o           12
    data_init3.o           44
    zero_init3.o           34
    ----------------------------------------------------
    Total:                122

shb_l.a: [6]
    exit.o                 20
    ----------------------------------------------------
    Total:                 20

    Gaps                    8                          1
    Linker created          8                16
--------------------------------------------------------
    Grand Total:       24 916       76    3 228      896


*******************************************************************************
*** ENTRY LIST
***

Entry                      Address    Size  Type      Object
-----                      -------    ----  ----      ------
.bss$$Base              0x1fff04c4           --   Gb  - Linker created -
.bss$$Limit             0x1fff07dc           --   Gb  - Linker created -
.data$$Base             0x1fff0410           --   Gb  - Linker created -
.data$$Limit            0x1fff0478           --   Gb  - Linker created -
.data_init$$Base        0x00006adc           --   Gb  - Linker created -
.data_init$$Limit       0x00006b44           --   Gb  - Linker created -
?main                   0x00006bcd          Code  Gb  cmain.o [5]
Abs                     0x00003d6f     0xa  Code  Gb  control.o [1]
Aver_F                  0x1fff0742     0x2  Data  Gb  control.o [1]
BK                      0x1fff0472     0x1  Data  Gb  main.o [1]
CCD_init                0x00003ad9    0x42  Code  Gb  control.o [1]
CalculateIntegrationTimeFront
                        0x00003ca1    0xa6  Code  Gb  control.o [1]
CodeRelocate$$Base      0x00006b44           --   Gb  - Linker created -
CodeRelocate$$Limit     0x00006b90           --   Gb  - Linker created -
CodeRelocateRam$$Base   0x1fff0478           --   Gb  - Linker created -
CodeRelocateRam$$Limit  0x1fff04c4           --   Gb  - Linker created -
D_err                   0x1fff0780     0x2  Data  Gb  control.o [1]
DirectionControlOutput  0x00004c81    0x46  Code  Gb  control.o [1]
F8X16                   0x000060f0   0x5f0  Data  Gb  LQ12864.o [1]
FRONT_WIDTH             0x1fff07ca     0x2  Data  Gb  main.o [1]
FTM2_QUAD_Iint          0x00005897    0x62  Code  Gb  pwm.o [1]
FTM_MOD0                0x1fff0720     0x4  Data  Gb  pwm.o [1]
FTM_MOD1                0x1fff0724     0x4  Data  Gb  pwm.o [1]
FTM_MOD2                0x1fff0728     0x4  Data  Gb  pwm.o [1]
FTM_PWM_ChangeDuty      0x00005719    0xb6  Code  Gb  pwm.o [1]
FTM_PWM_Init            0x000052d1   0x2ea  Code  Gb  pwm.o [1]
FTM_PWM_Open            0x000055bb   0x15e  Code  Gb  pwm.o [1]
GetMotorPulse           0x00004cc7    0x2a  Code  Gb  control.o [1]
ImageCapture_F          0x00003bc7    0xda  Code  Gb  control.o [1]
IncPID_Calculate        0x00002d5d    0x7e  Code  Gb  PID.o [1]
IntegrationTime_Front   0x1fff041e     0x1  Data  Gb  control.o [1]
Kd                      0x1fff042c     0x4  Data  Gb  main.o [1]
Kd_BL                   0x1fff0458     0x4  Data  Gb  main.o [1]
Kd_WW                   0x1fff044c     0x4  Data  Gb  main.o [1]
Kd_WZ                   0x1fff0450     0x4  Data  Gb  main.o [1]
Kd_ZW                   0x1fff0448     0x4  Data  Gb  main.o [1]
Kd_ZZ                   0x1fff0454     0x4  Data  Gb  main.o [1]
Kd_hold                 0x1fff0430     0x4  Data  Gb  main.o [1]
Kp                      0x1fff0424     0x4  Data  Gb  main.o [1]
Kp_BL                   0x1fff0444     0x4  Data  Gb  main.o [1]
Kp_WW                   0x1fff0438     0x4  Data  Gb  main.o [1]
Kp_WZ                   0x1fff043c     0x4  Data  Gb  main.o [1]
Kp_ZW                   0x1fff0434     0x4  Data  Gb  main.o [1]
Kp_ZZ                   0x1fff0440     0x4  Data  Gb  main.o [1]
Kp_hold                 0x1fff0428     0x4  Data  Gb  main.o [1]
LCD_CLS                 0x00002f4b    0x38  Code  Gb  LQ12864.o [1]
LCD_DLY_ms              0x00002f83    0x1a  Code  Gb  LQ12864.o [1]
LCD_Fill                0x00002f0f    0x3c  Code  Gb  LQ12864.o [1]
LCD_Init                0x00002f9d   0x13a  Code  Gb  LQ12864.o [1]
LCD_P8x16Str            0x00003277    0xa8  Code  Gb  LQ12864.o [1]
LCD_P8x16_num3wei       0x0000331f    0xc2  Code  Gb  LQ12864.o [1]
LCD_P8x16_number        0x000030d7    0xc4  Code  Gb  LQ12864.o [1]
LCD_P8x16_number_4      0x0000319b    0xdc  Code  Gb  LQ12864.o [1]
LCD_Set_Pos             0x00002ee3    0x2c  Code  Gb  LQ12864.o [1]
LCD_WrCmd               0x00002e69    0x7a  Code  Gb  LQ12864.o [1]
LCD_WrDat               0x00002de9    0x7e  Code  Gb  LQ12864.o [1]
LHOLDdiao_flag          0x1fff07d1     0x1  Data  Gb  control.o [1]
L_aver                  0x1fff07ac     0x2  Data  Gb  control.o [1]
L_fch                   0x1fff07ae     0x2  Data  Gb  control.o [1]
Ldiaotou_count          0x1fff0790     0x2  Data  Gb  control.o [1]
Ldiaotou_flag           0x1fff07d0     0x1  Data  Gb  control.o [1]
Lendiao                 0x1fff07d3     0x1  Data  Gb  control.o [1]
Lpre1                   0x1fff07a2     0x2  Data  Gb  control.o [1]
Lpre2                   0x1fff07a4     0x2  Data  Gb  control.o [1]
Lpre3                   0x1fff07a6     0x2  Data  Gb  control.o [1]
Lpre4                   0x1fff07a8     0x2  Data  Gb  control.o [1]
Master_Adc_Config       0x1fff04e8    0x10  Data  Gb  adc.o [1]
Motor_Lock              0x1fff07c0     0x2  Data  Gb  main.o [1]
Motor_init              0x000057cf    0xc8  Code  Gb  pwm.o [1]
PID_SetKpid             0x00002d49    0x14  Code  Gb  PID.o [1]
PID_SetPoint            0x00002d41     0x8  Code  Gb  PID.o [1]
PULSE_MAX               0x1fff046c     0x2  Data  Gb  main.o [1]
PixelAverage            0x00003d47    0x28  Code  Gb  control.o [1]
PixelAverageValue_Front
                        0x1fff07cc     0x1  Data  Gb  control.o [1]
PixelAverageVoltageError
                        0x1fff0784     0x2  Data  Gb  control.o [1]
PixelAverageVoltage_Front
                        0x1fff07cd     0x1  Data  Gb  control.o [1]
Pixel_F                 0x1fff0694    0x80  Data  Gb  isr.o [1]
RHOLDdiao_flag          0x1fff07d2     0x1  Data  Gb  control.o [1]
R_aver                  0x1fff07aa     0x2  Data  Gb  control.o [1]
R_fch                   0x1fff07b0     0x2  Data  Gb  control.o [1]
Rdiaotou_count          0x1fff078e     0x2  Data  Gb  control.o [1]
Rdiaotou_flag           0x1fff07cf     0x1  Data  Gb  control.o [1]
Region$$Table$$Base     0x00006bbc           --   Gb  - Linker created -
Region$$Table$$Limit    0x00006bcc           --   Gb  - Linker created -
Rendiao                 0x1fff07d4     0x1  Data  Gb  control.o [1]
Rpre1                   0x1fff079a     0x2  Data  Gb  control.o [1]
Rpre2                   0x1fff079c     0x2  Data  Gb  control.o [1]
Rpre3                   0x1fff079e     0x2  Data  Gb  control.o [1]
Rpre4                   0x1fff07a0     0x2  Data  Gb  control.o [1]
SHACHE_TIME             0x1fff041f     0x1  Data  Gb  control.o [1]
SamplingDelay           0x00004b79    0x24  Code  Gb  control.o [1]
Sd                      0x1fff071c     0x4  Data  Gb  main.o [1]
SendHex                 0x00004b0d    0x56  Code  Gb  control.o [1]
SendImageData           0x00004aa1    0x64  Code  Gb  control.o [1]
Servo_Lock              0x1fff07c2     0x2  Data  Gb  main.o [1]
SetServoVoltage         0x00004b9d    0xd6  Code  Gb  control.o [1]
Si                      0x1fff0718     0x4  Data  Gb  main.o [1]
Sp                      0x1fff0474     0x4  Data  Gb  main.o [1]
Speed_PID               0x00004d2d    0x9a  Code  Gb  control.o [1]
StartIntegrationFront   0x00003b1b    0xac  Code  Gb  control.o [1]
TIME1flag_20ms          0x1fff07d9     0x1  Data  Gb  isr.o [1]
TargetPixelAverageVoltage
                        0x1fff041a     0x2  Data  Gb  control.o [1]
TargetPixelAverageVoltageAllowError
                        0x1fff041c     0x2  Data  Gb  control.o [1]
TimerCnt20ms            0x1fff07d8     0x1  Data  Lc  isr.o [1]
WW_flag                 0x1fff07d6     0x1  Data  Gb  control.o [1]
ZZ_count                0x1fff07b4     0x2  Data  Gb  control.o [1]
ZZ_count_max            0x1fff07c6     0x2  Data  Gb  main.o [1]
__BOOT_STACK_ADDRESS {Abs}
                        0x2000fff8           --   Gb  command line/config [2]
__PID                   0x1fff04c4    0x1c  Data  Gb  PID.o [1]
__VECTOR_RAM {Abs}      0x1fff0000           --   Gb  command line/config [2]
__VECTOR_TABLE {Abs}    0x00000000           --   Gb  command line/config [2]
__aeabi_d2f             0x00003a49          Code  Gb  DblToFlt.o [4]
__aeabi_dadd            0x00003961          Code  Gb  DblAdd.o [4]
__aeabi_f2d             0x000038f1          Code  Gb  FltToDbl.o [4]
__aeabi_f2iz            0x000038ad          Code  Gb  FltToS32.o [4]
__aeabi_fadd            0x00005b75          Code  Gb  FltAdd.o [4]
__aeabi_fdiv            0x00005f41          Code  Gb  FltDiv.o [4]
__aeabi_fmul            0x000037d5          Code  Gb  FltMul.o [4]
__aeabi_fsub            0x00005a8d          Code  Gb  FltSub.o [4]
__aeabi_i2f             0x00005a5d          Code  Gb  I32ToFlt.o [4]
__cmain                 0x00006bcd          Code  Gb  cmain.o [5]
__exit                  0x00006bf9    0x14  Code  Gb  exit.o [6]
__iar_SB                0x00006df0          Data  Gb  bwt_init3c.o [5]
__iar_dadd              0x00003975          Code  Gb  DblAdd.o [4]
__iar_data_init3        0x00006b91    0x2c  Code  Gb  data_init3.o [5]
__iar_dsub              0x00005bf9          Code  Gb  DblSub.o [4]
__iar_dsubStart         0x00005c0b          Code  Gb  DblSub.o [4]
__iar_fadd              0x00005b85          Code  Gb  FltAdd.o [4]
__iar_fsub              0x00005a9d          Code  Gb  FltSub.o [4]
__iar_fsubStart         0x00005aad          Code  Gb  FltSub.o [4]
__iar_program_start     0x00006c6d          Code  Gb  cstartup_M.o [5]
__iar_ui2f              0x00005a71          Code  Gb  I32ToFlt.o [4]
__iar_zero_init3        0x0000393f    0x22  Code  Gb  zero_init3.o [5]
__low_level_init        0x00006be3     0x4  Code  Gb  low_level_init.o [3]
__startup               0x00000411          Code  Gb  crt0.o [1]
__vector_table          0x00000000   0x410  Data  Gb  vectors.o [1]
_call_main              0x00006bd9          Code  Gb  cmain.o [5]
_exit                   0x00006bed          Code  Gb  cexit.o [5]
_main                   0x00006bdf          Code  Gb  cmain.o [5]
binaryzation_F          0x00003d79   0x228  Code  Gb  control.o [1]
chafang_f               0x1fff05c8    0xc8  Data  Gb  control.o [1]
cl_f                    0x1fff074e     0x2  Data  Gb  control.o [1]
cl_f_long               0x1fff07b8     0x2  Data  Gb  main.o [1]
common_startup          0x00006a09    0x74  Code  Gb  start.o [1]
core_clk_khz            0x1fff072c     0x4  Data  Gb  sysinit.o [1]
core_clk_mhz            0x1fff0730     0x4  Data  Gb  sysinit.o [1]
d_err1                  0x1fff076e     0x2  Data  Gb  control.o [1]
d_err1_max              0x1fff07c8     0x2  Data  Gb  main.o [1]
d_err2                  0x1fff0770     0x2  Data  Gb  control.o [1]
d_err3                  0x1fff0772     0x2  Data  Gb  control.o [1]
d_err4                  0x1fff0774     0x2  Data  Gb  control.o [1]
d_err5                  0x1fff0776     0x2  Data  Gb  control.o [1]
d_err6                  0x1fff0778     0x2  Data  Gb  control.o [1]
d_err7                  0x1fff077a     0x2  Data  Gb  control.o [1]
d_err8                  0x1fff077c     0x2  Data  Gb  control.o [1]
d_err9                  0x1fff077e     0x2  Data  Gb  control.o [1]
default_isr             0x000050bb     0x2  Code  Gb  vectors.o [1]
delay_ms                0x0000378d    0x38  Code  Gb  delay.o [1]
enable_irq              0x00006043    0x90  Code  Gb  common.o [1]
enable_pit_interrupt    0x00005a03    0x4c  Code  Gb  pit.o [1]
exit                    0x00006be7     0x4  Code  Gb  exit.o [3]
fangcha_f               0x1fff0794     0x2  Data  Gb  control.o [1]
fangcha_hou_f           0x1fff0798     0x2  Data  Gb  control.o [1]
fangcha_qian_f          0x1fff0796     0x2  Data  Gb  control.o [1]
fb_clk_init             0x00006747    0x16  Code  Gb  sysinit.o [1]
fch_dp1                 0x1fff0420     0x2  Data  Gb  main.o [1]
fch_dp2                 0x1fff0422     0x2  Data  Gb  main.o [1]
front_OFFSET            0x1fff0758     0x2  Data  Gb  control.o [1]
front_OFFSET_KZ         0x1fff0752     0x2  Data  Gb  control.o [1]
front_OFFSET_KZ_pre     0x1fff0756     0x2  Data  Gb  control.o [1]
front_OFFSET_pre1       0x1fff075a     0x2  Data  Gb  control.o [1]
front_OFFSET_pre10      0x1fff076c     0x2  Data  Gb  control.o [1]
front_OFFSET_pre2       0x1fff075c     0x2  Data  Gb  control.o [1]
front_OFFSET_pre3       0x1fff075e     0x2  Data  Gb  control.o [1]
front_OFFSET_pre4       0x1fff0760     0x2  Data  Gb  control.o [1]
front_OFFSET_pre5       0x1fff0762     0x2  Data  Gb  control.o [1]
front_OFFSET_pre6       0x1fff0764     0x2  Data  Gb  control.o [1]
front_OFFSET_pre7       0x1fff0766     0x2  Data  Gb  control.o [1]
front_OFFSET_pre8       0x1fff0768     0x2  Data  Gb  control.o [1]
front_OFFSET_pre9       0x1fff076a     0x2  Data  Gb  control.o [1]
front_l                 0x1fff073c     0x2  Data  Gb  control.o [1]
front_l_last            0x1fff0744     0x2  Data  Gb  control.o [1]
front_l_long            0x1fff07ba     0x2  Data  Gb  main.o [1]
front_l_pre             0x1fff0748     0x2  Data  Gb  control.o [1]
front_l_reference       0x1fff0750     0x2  Data  Gb  control.o [1]
front_max               0x1fff073e     0x2  Data  Gb  control.o [1]
front_min               0x1fff0740     0x2  Data  Gb  control.o [1]
front_r                 0x1fff0414     0x2  Data  Gb  control.o [1]
front_r_last            0x1fff0746     0x2  Data  Gb  control.o [1]
front_r_long            0x1fff07bc     0x2  Data  Gb  main.o [1]
front_r_pre             0x1fff074a     0x2  Data  Gb  control.o [1]
front_r_reference       0x1fff0416     0x2  Data  Gb  control.o [1]
front_reference         0x1fff0754     0x2  Data  Gb  control.o [1]
front_width             0x1fff074c     0x2  Data  Gb  control.o [1]
g_fDirectionControlOutNew
                        0x1fff04fc     0x4  Data  Gb  control.o [1]
g_fDirectionControlOutOld
                        0x1fff04f8     0x4  Data  Gb  control.o [1]
g_n1msEventCount        0x1fff07da     0x1  Data  Gb  isr.o [1]
g_nDirectionControlPeriod
                        0x1fff073a     0x2  Data  Gb  control.o [1]
g_nMotorPulse           0x1fff0738     0x2  Data  Gb  control.o [1]
g_nMotorPulseSigma      0x1fff0782     0x2  Data  Gb  control.o [1]
g_nSpeedControlCount    0x1fff07db     0x1  Data  Gb  isr.o [1]
get_front               0x00003fd9   0x898  Code  Gb  control.o [1]
gpio_init               0x00005019    0x7a  Code  Gb  gpio.o [1]
gpio_read               0x000050ad     0xe  Code  Gb  gpio.o [1]
high_aver_f             0x1fff0786     0x2  Data  Gb  control.o [1]
hw_ad_once              0x00005db3    0x4a  Code  Gb  adc.o [1]
hw_adc_config_alt       0x00005ef9    0x26  Code  Gb  adc.o [1]
hw_adc_convertstart     0x00005dfd    0xfc  Code  Gb  adc.o [1]
hw_adc_init             0x00005d65    0x4e  Code  Gb  adc.o [1]
hw_pit_init             0x000059a5    0x5e  Code  Gb  pit.o [1]
integration_piont_Front
                        0x1fff07d7     0x1  Data  Gb  isr.o [1]
k_B                     0x1fff045c     0x4  Data  Gb  main.o [1]
key_no                  0x1fff0470     0x1  Data  Gb  main.o [1]
key_num                 0x1fff046f     0x1  Data  Gb  main.o [1]
keyboard_scan           0x0000347d   0x306  Code  Gb  button.o [1]
lost_all_count          0x1fff078c     0x2  Data  Gb  control.o [1]
lost_all_count_max      0x1fff07be     0x2  Data  Gb  main.o [1]
lost_all_flag           0x1fff07ce     0x1  Data  Gb  control.o [1]
low_aver_f              0x1fff0788     0x2  Data  Gb  control.o [1]
main                    0x0000044d  0x2774  Code  Gb  main.o [1]
matrix_keyboard_init    0x000033fd    0x80  Code  Gb  button.o [1]
periph_clk_khz          0x1fff0734     0x4  Data  Gb  sysinit.o [1]
pit0_isr                0x000068f9    0xfc  Code  Gb  isr.o [1]
pll_init                0x0000675d   0x15a  Code  Gb  sysinit.o [1]
pulse_count             0x1fff0690     0x4  Data  Gb  control.o [1]
pulse_count_max         0x1fff0714     0x4  Data  Gb  main.o [1]
rensha_count            0x1fff078a     0x2  Data  Gb  control.o [1]
route_ave_f             0x1fff0792     0x2  Data  Gb  control.o [1]
route_f                 0x1fff0500    0xc8  Data  Gb  control.o [1]
route_type_F            0x00004871   0x1c0  Code  Gb  control.o [1]
sPID                    0x1fff0410     0x4  Data  Gb  PID.o [1]
servo_duty              0x1fff0418     0x2  Data  Gb  control.o [1]
set_sys_dividers        0x1fff0479    0x4c  Code  Gb  sysinit.o [1]
shache3                 0x00004ded   0x194  Code  Gb  control.o [1]
shache_time             0x1fff07c4     0x2  Data  Gb  main.o [1]
sina                    0x1fff046e     0x1  Data  Gb  main.o [1]
speed                   0x1fff0460     0x2  Data  Gb  main.o [1]
speed_B                 0x1fff0468     0x2  Data  Gb  main.o [1]
speed_H                 0x1fff0462     0x2  Data  Gb  main.o [1]
speed_L                 0x1fff0466     0x2  Data  Gb  main.o [1]
speed_W                 0x1fff0464     0x2  Data  Gb  main.o [1]
speed_jian              0x1fff046a     0x2  Data  Gb  main.o [1]
speed_pwm               0x1fff07b2     0x2  Data  Gb  control.o [1]
speedflag               0x1fff07b6     0x2  Data  Gb  isr.o [1]
start                   0x000069f5    0x14  Code  Gb  start.o [1]
sysinit                 0x000066e9    0x48  Code  Gb  sysinit.o [1]
system_init             0x00002be5    0x76  Code  Gb  main.o [1]
trace_clk_init          0x00006731    0x16  Code  Gb  sysinit.o [1]
uart_init               0x000050bd   0x1ba  Code  Gb  uart.o [1]
uart_send1              0x00005277     0xa  Code  Gb  uart.o [1]
wdog_disable            0x00006aa5    0x16  Code  Gb  wdog.o [1]
wdog_unlock             0x00006abd    0x16  Code  Gb  wdog.o [1]
write_vtor              0x0000603d     0x6  Code  Gb  common.o [1]
yichang_flag            0x1fff07d5     0x1  Data  Gb  control.o [1]
zhming                  0x1fff0471     0x1  Data  Gb  main.o [1]


[1] = D:\FREESCALEÖÇÄÜ³µ¾ºÈü\freescale(¾Å)\³ÌÐò\PE V1.4 2014.05.29 renzi 2.6mps\bin\Flash\Obj
[2] = command line
[3] = dl7M_tln.a
[4] = m7M_tl.a
[5] = rt7M_tl.a
[6] = shb_l.a

  24 916 bytes of readonly  code memory
      76 bytes of readwrite code memory
   3 228 bytes of readonly  data memory
     896 bytes of readwrite data memory

Errors: none
Warnings: none
