###############################################################################
#                                                                             #
# IAR ELF Linker V6.30.4.53288/W32 for ARM              07/Jul/2014  22:59:16 #
# Copyright 2007-2011 IAR Systems AB.                                         #
#                                                                             #
#    Output file  =  D:\FREESCALEÖÇÄÜ³µ¾ºÈü\freescale(¾Å)\³ÌÐò\PE V1.4        #
#                    2014.06.29 isr\bin\Flash\Exe\PE V1.4 2014.06.29 isr.out  #
#    Map file     =  D:\FREESCALEÖÇÄÜ³µ¾ºÈü\freescale(¾Å)\³ÌÐò\PE V1.4        #
#                    2014.06.29 isr\bin\Flash\List\PE V1.4 2014.06.29 isr.map #
#    Command line =  "D:\FREESCALEÖÇÄÜ³µ¾ºÈü\freescale(¾Å)\³ÌÐò\PE V1.4       #
#                    2014.06.29 isr\bin\Flash\Obj\LQ12864.o"                  #
#                    "D:\FREESCALEÖÇÄÜ³µ¾ºÈü\freescale(¾Å)\³ÌÐò\PE V1.4       #
#                    2014.06.29 isr\bin\Flash\Obj\PID.o"                      #
#                    "D:\FREESCALEÖÇÄÜ³µ¾ºÈü\freescale(¾Å)\³ÌÐò\PE V1.4       #
#                    2014.06.29 isr\bin\Flash\Obj\adc.o"                      #
#                    "D:\FREESCALEÖÇÄÜ³µ¾ºÈü\freescale(¾Å)\³ÌÐò\PE V1.4       #
#                    2014.06.29 isr\bin\Flash\Obj\button.o"                   #
#                    "D:\FREESCALEÖÇÄÜ³µ¾ºÈü\freescale(¾Å)\³ÌÐò\PE V1.4       #
#                    2014.06.29 isr\bin\Flash\Obj\common.o"                   #
#                    "D:\FREESCALEÖÇÄÜ³µ¾ºÈü\freescale(¾Å)\³ÌÐò\PE V1.4       #
#                    2014.06.29 isr\bin\Flash\Obj\control.o"                  #
#                    "D:\FREESCALEÖÇÄÜ³µ¾ºÈü\freescale(¾Å)\³ÌÐò\PE V1.4       #
#                    2014.06.29 isr\bin\Flash\Obj\crt0.o"                     #
#                    "D:\FREESCALEÖÇÄÜ³µ¾ºÈü\freescale(¾Å)\³ÌÐò\PE V1.4       #
#                    2014.06.29 isr\bin\Flash\Obj\decoder.o"                  #
#                    "D:\FREESCALEÖÇÄÜ³µ¾ºÈü\freescale(¾Å)\³ÌÐò\PE V1.4       #
#                    2014.06.29 isr\bin\Flash\Obj\delay.o"                    #
#                    "D:\FREESCALEÖÇÄÜ³µ¾ºÈü\freescale(¾Å)\³ÌÐò\PE V1.4       #
#                    2014.06.29 isr\bin\Flash\Obj\gpio.o"                     #
#                    "D:\FREESCALEÖÇÄÜ³µ¾ºÈü\freescale(¾Å)\³ÌÐò\PE V1.4       #
#                    2014.06.29 isr\bin\Flash\Obj\i2c.o"                      #
#                    "D:\FREESCALEÖÇÄÜ³µ¾ºÈü\freescale(¾Å)\³ÌÐò\PE V1.4       #
#                    2014.06.29 isr\bin\Flash\Obj\isr.o"                      #
#                    "D:\FREESCALEÖÇÄÜ³µ¾ºÈü\freescale(¾Å)\³ÌÐò\PE V1.4       #
#                    2014.06.29 isr\bin\Flash\Obj\light.o"                    #
#                    "D:\FREESCALEÖÇÄÜ³µ¾ºÈü\freescale(¾Å)\³ÌÐò\PE V1.4       #
#                    2014.06.29 isr\bin\Flash\Obj\main.o"                     #
#                    "D:\FREESCALEÖÇÄÜ³µ¾ºÈü\freescale(¾Å)\³ÌÐò\PE V1.4       #
#                    2014.06.29 isr\bin\Flash\Obj\pit.o"                      #
#                    "D:\FREESCALEÖÇÄÜ³µ¾ºÈü\freescale(¾Å)\³ÌÐò\PE V1.4       #
#                    2014.06.29 isr\bin\Flash\Obj\pwm.o"                      #
#                    "D:\FREESCALEÖÇÄÜ³µ¾ºÈü\freescale(¾Å)\³ÌÐò\PE V1.4       #
#                    2014.06.29 isr\bin\Flash\Obj\start.o"                    #
#                    "D:\FREESCALEÖÇÄÜ³µ¾ºÈü\freescale(¾Å)\³ÌÐò\PE V1.4       #
#                    2014.06.29 isr\bin\Flash\Obj\sysinit.o"                  #
#                    "D:\FREESCALEÖÇÄÜ³µ¾ºÈü\freescale(¾Å)\³ÌÐò\PE V1.4       #
#                    2014.06.29 isr\bin\Flash\Obj\uart.o"                     #
#                    "D:\FREESCALEÖÇÄÜ³µ¾ºÈü\freescale(¾Å)\³ÌÐò\PE V1.4       #
#                    2014.06.29 isr\bin\Flash\Obj\vectors.o"                  #
#                    "D:\FREESCALEÖÇÄÜ³µ¾ºÈü\freescale(¾Å)\³ÌÐò\PE V1.4       #
#                    2014.06.29 isr\bin\Flash\Obj\wdog.o" --redirect          #
#                    _Printf=_PrintfFull --redirect _Scanf=_ScanfFull -o      #
#                    "D:\FREESCALEÖÇÄÜ³µ¾ºÈü\freescale(¾Å)\³ÌÐò\PE V1.4       #
#                    2014.06.29 isr\bin\Flash\Exe\PE V1.4 2014.06.29          #
#                    isr.out" --map "D:\FREESCALEÖÇÄÜ³µ¾ºÈü\freescale(¾Å)\³ÌÐ #
#                    ò\PE V1.4 2014.06.29 isr\bin\Flash\List\PE V1.4          #
#                    2014.06.29 isr.map" --config                             #
#                    "D:\FREESCALEÖÇÄÜ³µ¾ºÈü\freescale(¾Å)\³ÌÐò\PE V1.4       #
#                    2014.06.29 isr\src\Project_Settings\Link\Pflash.icf"     #
#                    --semihosting --entry __iar_program_start --vfe          #
#                                                                             #
#                                                                             #
###############################################################################

*******************************************************************************
*** RUNTIME MODEL ATTRIBUTES
***

CppFlavor       = *
__SystemLibrary = DLib


*******************************************************************************
*** PLACEMENT SUMMARY
***

"A1":  place at 0x00000000 { ro section .intvec };
"A2":  place at 0x00000410 { ro section .noinit };
"P1":  place in [from 0x00000000 to 0x00080000] { ro, block CodeRelocate };
"P2":  place in [from 0x1fff0410 to 0x20010000] {
          rw, block CodeRelocateRam, block CSTACK, block HEAP };

  Section              Kind        Address    Size  Object
  -------              ----        -------    ----  ------
"A1":                                        0x410
  .intvec              const    0x00000000   0x410  vectors.o [1]
                              - 0x00000410   0x410

"A2":                                         0x3c
  .noinit              ro code  0x00000410    0x3c  crt0.o [1]
                              - 0x0000044c    0x3c

"P1":                                       0x790c
  .text                ro code  0x0000044c  0x29a4  main.o [1]
  .text                ro code  0x00002df0    0xa8  PID.o [1]
  .text                ro code  0x00002e98   0x614  LQ12864.o [1]
  .text                ro code  0x000034ac   0x390  button.o [1]
  .text                ro code  0x0000383c    0x48  delay.o [1]
  .text                ro code  0x00003884    0xd8  FltMul.o [4]
  .text                ro code  0x0000395c    0x44  FltToS32.o [4]
  .text                ro code  0x000039a0    0x4e  FltToDbl.o [4]
  .text                ro code  0x000039ee    0x22  zero_init3.o [5]
  .text                ro code  0x00003a10    0xe8  DblAdd.o [4]
  .text                ro code  0x00003af8    0x90  DblToFlt.o [4]
  .text                ro code  0x00003b88  0x2358  control.o [1]
  .text                ro code  0x00005ee0    0xa2  gpio.o [1]
  .text                ro code  0x00005f82     0x2  vectors.o [1]
  .text                ro code  0x00005f84   0x20c  uart.o [1]
  .text                ro code  0x00006190   0x6d4  pwm.o [1]
  .text                ro code  0x00006864    0xb8  pit.o [1]
  .text                ro code  0x0000691c    0x2e  I32ToFlt.o [4]
  .text                ro code  0x0000694c    0xe6  FltSub.o [4]
  .text                ro code  0x00006a34    0x84  FltAdd.o [4]
  .text                ro code  0x00006ab8   0x16c  DblSub.o [4]
  .text                ro code  0x00006c24   0x1dc  adc.o [1]
  .text                ro code  0x00006e00     0x6  ABImemclr4.o [5]
  .text                ro code  0x00006e08    0xfc  FltDiv.o [4]
  .text                ro code  0x00006f04    0xb4  common.o [1]
  .text                ro code  0x00006fb8    0x32  ABImemset48.o [5]
  .rodata              const    0x00006fec   0x5f0  LQ12864.o [1]
  Veneer               ro code  0x000075dc     0x8  - Linker created -
  .text                ro code  0x000075e4   0x210  sysinit.o [1]
  .text                ro code  0x000077f4   0x15c  isr.o [1]
  .text                ro code  0x00007950    0xb0  start.o [1]
  .text                ro code  0x00007a00    0x38  wdog.o [1]
  .data_init                    0x00007a38    0x74  <Block>
    Initializer bytes  ro data  0x00007a38    0x74  <for .data-1>
  CodeRelocate                  0x00007aac    0x4c  <Block>
    Initializer bytes  ro data  0x00007aac    0x4c  <for CodeRelocateRam-1>
  .text                ro code  0x00007af8    0x2c  data_init3.o [5]
  .iar.init_table      const    0x00007b24    0x10  - Linker created -
  .text                ro code  0x00007b34    0x16  cmain.o [5]
  .text                ro code  0x00007b4a     0x4  low_level_init.o [3]
  .text                ro code  0x00007b4e     0x4  exit.o [3]
  .text                ro code  0x00007b54     0xa  cexit.o [5]
  .text                ro code  0x00007b60    0x14  exit.o [6]
  .rodata              const    0x00007b74     0xc  main.o [1]
  .rodata              const    0x00007b80     0xc  main.o [1]
  .rodata              const    0x00007b8c     0xc  main.o [1]
  .rodata              const    0x00007b98     0xc  main.o [1]
  .rodata              const    0x00007ba4     0xc  main.o [1]
  .rodata              const    0x00007bb0     0xc  main.o [1]
  .rodata              const    0x00007bbc     0xc  main.o [1]
  .rodata              const    0x00007bc8     0xc  main.o [1]
  .text                ro code  0x00007bd4     0xc  cstartup_M.o [5]
  .rodata              const    0x00007be0     0x8  main.o [1]
  .rodata              const    0x00007be8     0x8  main.o [1]
  .rodata              const    0x00007bf0     0x8  main.o [1]
  .rodata              const    0x00007bf8     0x8  main.o [1]
  .rodata              const    0x00007c00     0x8  main.o [1]
  .rodata              const    0x00007c08     0x8  main.o [1]
  .rodata              const    0x00007c10     0x8  main.o [1]
  .rodata              const    0x00007c18     0x8  main.o [1]
  .rodata              const    0x00007c20     0x8  main.o [1]
  .rodata              const    0x00007c28     0x8  main.o [1]
  .rodata              const    0x00007c30     0x8  main.o [1]
  .rodata              const    0x00007c38     0x8  main.o [1]
  .rodata              const    0x00007c40     0x8  main.o [1]
  .rodata              const    0x00007c48     0x8  main.o [1]
  .rodata              const    0x00007c50     0x8  main.o [1]
  .rodata              const    0x00007c58     0x8  main.o [1]
  .rodata              const    0x00007c60     0x8  main.o [1]
  .rodata              const    0x00007c68     0x8  main.o [1]
  .rodata              const    0x00007c70     0x8  main.o [1]
  .rodata              const    0x00007c78     0x8  main.o [1]
  .rodata              const    0x00007c80     0x8  main.o [1]
  .rodata              const    0x00007c88     0x8  main.o [1]
  .rodata              const    0x00007c90     0x8  main.o [1]
  .rodata              const    0x00007c98     0x8  main.o [1]
  .rodata              const    0x00007ca0     0x8  main.o [1]
  .rodata              const    0x00007ca8     0x8  main.o [1]
  .rodata              const    0x00007cb0     0x8  main.o [1]
  .rodata              const    0x00007cb8     0x8  main.o [1]
  .rodata              const    0x00007cc0     0x8  main.o [1]
  .rodata              const    0x00007cc8     0x8  main.o [1]
  .rodata              const    0x00007cd0     0x8  main.o [1]
  .rodata              const    0x00007cd8     0x8  main.o [1]
  .rodata              const    0x00007ce0     0x8  main.o [1]
  .rodata              const    0x00007ce8     0x8  main.o [1]
  .rodata              const    0x00007cf0     0x8  main.o [1]
  .rodata              const    0x00007cf8     0x8  main.o [1]
  .rodata              const    0x00007d00     0x8  main.o [1]
  .rodata              const    0x00007d08     0x8  main.o [1]
  .rodata              const    0x00007d10     0x8  main.o [1]
  .rodata              const    0x00007d18     0x8  main.o [1]
  .rodata              const    0x00007d20     0x8  main.o [1]
  .rodata              const    0x00007d28     0x8  main.o [1]
  .rodata              const    0x00007d30     0x8  main.o [1]
  .rodata              const    0x00007d38     0x8  main.o [1]
  .rodata              const    0x00007d40     0x8  main.o [1]
  .rodata              const    0x00007d48     0x8  main.o [1]
  .rodata              const    0x00007d50     0x8  main.o [1]
  .rodata              const    0x00007d58     0x0  bwt_init3c.o [5]
                              - 0x00007d58  0x790c

"P2", part 1 of 2:                            0xc0
  .data                         0x1fff0410    0x74  <Block>
    .data-1                     0x1fff0410    0x74  <Init block>
      .data            inited   0x1fff0410     0x4  PID.o [1]
      .data            inited   0x1fff0414     0x2  control.o [1]
      .data            inited   0x1fff0416     0x2  control.o [1]
      .data            inited   0x1fff0418     0x2  control.o [1]
      .data            inited   0x1fff041a     0x2  control.o [1]
      .data            inited   0x1fff041c     0x2  control.o [1]
      .data            inited   0x1fff041e     0x2  control.o [1]
      .data            inited   0x1fff0420     0x2  control.o [1]
      .data            inited   0x1fff0422     0x1  control.o [1]
      .data            inited   0x1fff0423     0x1  control.o [1]
      .data            inited   0x1fff0424     0x1  control.o [1]
      .data            inited   0x1fff0425     0x1  control.o [1]
      .data            inited   0x1fff0426     0x1  control.o [1]
      .data            inited   0x1fff0427     0x1  control.o [1]
      .data            inited   0x1fff0428     0x1  control.o [1]
      .data            inited   0x1fff042a     0x2  main.o [1]
      .data            inited   0x1fff042c     0x2  main.o [1]
      .data            inited   0x1fff0430     0x4  main.o [1]
      .data            inited   0x1fff0434     0x4  main.o [1]
      .data            inited   0x1fff0438     0x4  main.o [1]
      .data            inited   0x1fff043c     0x4  main.o [1]
      .data            inited   0x1fff0440     0x4  main.o [1]
      .data            inited   0x1fff0444     0x4  main.o [1]
      .data            inited   0x1fff0448     0x4  main.o [1]
      .data            inited   0x1fff044c     0x4  main.o [1]
      .data            inited   0x1fff0450     0x4  main.o [1]
      .data            inited   0x1fff0454     0x4  main.o [1]
      .data            inited   0x1fff0458     0x4  main.o [1]
      .data            inited   0x1fff045c     0x4  main.o [1]
      .data            inited   0x1fff0460     0x4  main.o [1]
      .data            inited   0x1fff0464     0x4  main.o [1]
      .data            inited   0x1fff0468     0x4  main.o [1]
      .data            inited   0x1fff046c     0x2  main.o [1]
      .data            inited   0x1fff046e     0x2  main.o [1]
      .data            inited   0x1fff0470     0x2  main.o [1]
      .data            inited   0x1fff0472     0x2  main.o [1]
      .data            inited   0x1fff0474     0x2  main.o [1]
      .data            inited   0x1fff0476     0x2  main.o [1]
      .data            inited   0x1fff0478     0x2  main.o [1]
      .data            inited   0x1fff047a     0x1  main.o [1]
      .data            inited   0x1fff047b     0x1  main.o [1]
      .data            inited   0x1fff047c     0x1  main.o [1]
      .data            inited   0x1fff047d     0x1  main.o [1]
      .data            inited   0x1fff047e     0x1  main.o [1]
      .data            inited   0x1fff0480     0x4  main.o [1]
  CodeRelocateRam               0x1fff0484    0x4c  <Block>
    CodeRelocateRam-1           0x1fff0484    0x4c  <Init block>
      .textrw          inited   0x1fff0484    0x4c  sysinit.o [1]
                              - 0x1fff04d0    0xc0

"P2", part 2 of 2:                           0x3fc
  .bss                          0x1fff04d0   0x3fc  <Block>
    .bss               zero     0x1fff04d0    0x1c  PID.o [1]
    .bss               zero     0x1fff04ec     0x4  PID.o [1]
    .bss               zero     0x1fff04f0     0x4  PID.o [1]
    .bss               zero     0x1fff04f4    0x10  adc.o [1]
    .bss               zero     0x1fff0504     0x4  control.o [1]
    .bss               zero     0x1fff0508     0x4  control.o [1]
    .bss               zero     0x1fff050c    0xc8  control.o [1]
    .bss               zero     0x1fff05d4    0xc8  control.o [1]
    .bss               zero     0x1fff069c     0x4  control.o [1]
    .bss               zero     0x1fff06a0    0x80  isr.o [1]
    .bss               zero     0x1fff0720    0x80  isr.o [1]
    .bss               zero     0x1fff07a0     0x4  main.o [1]
    .bss               zero     0x1fff07a4     0x4  main.o [1]
    .bss               zero     0x1fff07a8     0x4  pwm.o [1]
    .bss               zero     0x1fff07ac     0x4  pwm.o [1]
    .bss               zero     0x1fff07b0     0x4  pwm.o [1]
    .bss               zero     0x1fff07b4     0x4  sysinit.o [1]
    .bss               zero     0x1fff07b8     0x4  sysinit.o [1]
    .bss               zero     0x1fff07bc     0x4  sysinit.o [1]
    .bss               zero     0x1fff07c0     0x2  control.o [1]
    .bss               zero     0x1fff07c2     0x2  control.o [1]
    .bss               zero     0x1fff07c4     0x2  control.o [1]
    .bss               zero     0x1fff07c6     0x2  control.o [1]
    .bss               zero     0x1fff07c8     0x2  control.o [1]
    .bss               zero     0x1fff07ca     0x2  control.o [1]
    .bss               zero     0x1fff07cc     0x2  control.o [1]
    .bss               zero     0x1fff07ce     0x2  control.o [1]
    .bss               zero     0x1fff07d0     0x2  control.o [1]
    .bss               zero     0x1fff07d2     0x2  control.o [1]
    .bss               zero     0x1fff07d4     0x2  control.o [1]
    .bss               zero     0x1fff07d6     0x2  control.o [1]
    .bss               zero     0x1fff07d8     0x2  control.o [1]
    .bss               zero     0x1fff07da     0x2  control.o [1]
    .bss               zero     0x1fff07dc     0x2  control.o [1]
    .bss               zero     0x1fff07de     0x2  control.o [1]
    .bss               zero     0x1fff07e0     0x2  control.o [1]
    .bss               zero     0x1fff07e2     0x2  control.o [1]
    .bss               zero     0x1fff07e4     0x2  control.o [1]
    .bss               zero     0x1fff07e6     0x2  control.o [1]
    .bss               zero     0x1fff07e8     0x2  control.o [1]
    .bss               zero     0x1fff07ea     0x2  control.o [1]
    .bss               zero     0x1fff07ec     0x2  control.o [1]
    .bss               zero     0x1fff07ee     0x2  control.o [1]
    .bss               zero     0x1fff07f0     0x2  control.o [1]
    .bss               zero     0x1fff07f2     0x2  control.o [1]
    .bss               zero     0x1fff07f4     0x2  control.o [1]
    .bss               zero     0x1fff07f6     0x2  control.o [1]
    .bss               zero     0x1fff07f8     0x2  control.o [1]
    .bss               zero     0x1fff07fa     0x2  control.o [1]
    .bss               zero     0x1fff07fc     0x2  control.o [1]
    .bss               zero     0x1fff07fe     0x2  control.o [1]
    .bss               zero     0x1fff0800     0x2  control.o [1]
    .bss               zero     0x1fff0802     0x2  control.o [1]
    .bss               zero     0x1fff0804     0x2  control.o [1]
    .bss               zero     0x1fff0806     0x2  control.o [1]
    .bss               zero     0x1fff0808     0x2  control.o [1]
    .bss               zero     0x1fff080a     0x2  control.o [1]
    .bss               zero     0x1fff080c     0x2  control.o [1]
    .bss               zero     0x1fff080e     0x2  control.o [1]
    .bss               zero     0x1fff0810     0x2  control.o [1]
    .bss               zero     0x1fff0812     0x2  control.o [1]
    .bss               zero     0x1fff0814     0x2  control.o [1]
    .bss               zero     0x1fff0816     0x2  control.o [1]
    .bss               zero     0x1fff0818     0x2  control.o [1]
    .bss               zero     0x1fff081a     0x2  control.o [1]
    .bss               zero     0x1fff081c     0x2  control.o [1]
    .bss               zero     0x1fff081e     0x2  control.o [1]
    .bss               zero     0x1fff0820     0x2  control.o [1]
    .bss               zero     0x1fff0822     0x2  control.o [1]
    .bss               zero     0x1fff0824     0x2  control.o [1]
    .bss               zero     0x1fff0826     0x2  control.o [1]
    .bss               zero     0x1fff0828     0x2  control.o [1]
    .bss               zero     0x1fff082a     0x2  control.o [1]
    .bss               zero     0x1fff082c     0x2  control.o [1]
    .bss               zero     0x1fff082e     0x2  control.o [1]
    .bss               zero     0x1fff0830     0x2  control.o [1]
    .bss               zero     0x1fff0832     0x2  control.o [1]
    .bss               zero     0x1fff0834     0x2  control.o [1]
    .bss               zero     0x1fff0836     0x2  control.o [1]
    .bss               zero     0x1fff0838     0x2  control.o [1]
    .bss               zero     0x1fff083a     0x2  control.o [1]
    .bss               zero     0x1fff083c     0x2  control.o [1]
    .bss               zero     0x1fff083e     0x2  control.o [1]
    .bss               zero     0x1fff0840     0x2  control.o [1]
    .bss               zero     0x1fff0842     0x2  control.o [1]
    .bss               zero     0x1fff0844     0x2  control.o [1]
    .bss               zero     0x1fff0846     0x2  control.o [1]
    .bss               zero     0x1fff0848     0x2  control.o [1]
    .bss               zero     0x1fff084a     0x2  control.o [1]
    .bss               zero     0x1fff084c     0x2  control.o [1]
    .bss               zero     0x1fff084e     0x2  control.o [1]
    .bss               zero     0x1fff0850     0x2  control.o [1]
    .bss               zero     0x1fff0852     0x2  control.o [1]
    .bss               zero     0x1fff0854     0x2  control.o [1]
    .bss               zero     0x1fff0856     0x2  control.o [1]
    .bss               zero     0x1fff0858     0x2  control.o [1]
    .bss               zero     0x1fff085a     0x2  control.o [1]
    .bss               zero     0x1fff085c     0x2  control.o [1]
    .bss               zero     0x1fff085e     0x2  control.o [1]
    .bss               zero     0x1fff0860     0x2  control.o [1]
    .bss               zero     0x1fff0862     0x2  control.o [1]
    .bss               zero     0x1fff0864     0x2  control.o [1]
    .bss               zero     0x1fff0866     0x2  control.o [1]
    .bss               zero     0x1fff0868     0x2  control.o [1]
    .bss               zero     0x1fff086a     0x2  control.o [1]
    .bss               zero     0x1fff086c     0x2  control.o [1]
    .bss               zero     0x1fff086e     0x2  control.o [1]
    .bss               zero     0x1fff0870     0x2  control.o [1]
    .bss               zero     0x1fff0872     0x2  control.o [1]
    .bss               zero     0x1fff0874     0x2  control.o [1]
    .bss               zero     0x1fff0876     0x2  control.o [1]
    .bss               zero     0x1fff0878     0x2  control.o [1]
    .bss               zero     0x1fff087a     0x2  control.o [1]
    .bss               zero     0x1fff087c     0x2  control.o [1]
    .bss               zero     0x1fff087e     0x2  control.o [1]
    .bss               zero     0x1fff0880     0x2  control.o [1]
    .bss               zero     0x1fff0882     0x2  control.o [1]
    .bss               zero     0x1fff0884     0x2  control.o [1]
    .bss               zero     0x1fff0886     0x2  control.o [1]
    .bss               zero     0x1fff0888     0x2  control.o [1]
    .bss               zero     0x1fff088a     0x2  control.o [1]
    .bss               zero     0x1fff088c     0x2  control.o [1]
    .bss               zero     0x1fff088e     0x2  control.o [1]
    .bss               zero     0x1fff0890     0x2  control.o [1]
    .bss               zero     0x1fff0892     0x2  control.o [1]
    .bss               zero     0x1fff0894     0x2  control.o [1]
    .bss               zero     0x1fff0896     0x2  control.o [1]
    .bss               zero     0x1fff0898     0x2  control.o [1]
    .bss               zero     0x1fff089a     0x2  control.o [1]
    .bss               zero     0x1fff089c     0x2  control.o [1]
    .bss               zero     0x1fff089e     0x2  control.o [1]
    .bss               zero     0x1fff08a0     0x2  isr.o [1]
    .bss               zero     0x1fff08a2     0x2  main.o [1]
    .bss               zero     0x1fff08a4     0x2  main.o [1]
    .bss               zero     0x1fff08a6     0x2  main.o [1]
    .bss               zero     0x1fff08a8     0x2  main.o [1]
    .bss               zero     0x1fff08aa     0x2  main.o [1]
    .bss               zero     0x1fff08ac     0x2  main.o [1]
    .bss               zero     0x1fff08ae     0x2  main.o [1]
    .bss               zero     0x1fff08b0     0x2  main.o [1]
    .bss               zero     0x1fff08b2     0x2  main.o [1]
    .bss               zero     0x1fff08b4     0x2  main.o [1]
    .bss               zero     0x1fff08b6     0x2  main.o [1]
    .bss               zero     0x1fff08b8     0x1  control.o [1]
    .bss               zero     0x1fff08b9     0x1  control.o [1]
    .bss               zero     0x1fff08ba     0x1  control.o [1]
    .bss               zero     0x1fff08bb     0x1  control.o [1]
    .bss               zero     0x1fff08bc     0x1  control.o [1]
    .bss               zero     0x1fff08bd     0x1  control.o [1]
    .bss               zero     0x1fff08be     0x1  control.o [1]
    .bss               zero     0x1fff08bf     0x1  control.o [1]
    .bss               zero     0x1fff08c0     0x1  control.o [1]
    .bss               zero     0x1fff08c1     0x1  control.o [1]
    .bss               zero     0x1fff08c2     0x1  control.o [1]
    .bss               zero     0x1fff08c3     0x1  control.o [1]
    .bss               zero     0x1fff08c4     0x1  isr.o [1]
    .bss               zero     0x1fff08c5     0x1  isr.o [1]
    .bss               zero     0x1fff08c6     0x1  isr.o [1]
    .bss               zero     0x1fff08c7     0x1  isr.o [1]
    .bss               zero     0x1fff08c8     0x1  isr.o [1]
    .bss               zero     0x1fff08c9     0x1  isr.o [1]
    .bss               zero     0x1fff08ca     0x1  isr.o [1]
    .bss               zero     0x1fff08cb     0x1  isr.o [1]
                              - 0x1fff08cc   0x3fc


*******************************************************************************
*** INIT TABLE
***

          Address     Size
          -------     ----
Zero (__iar_zero_init3)
    1 destination range, total size 0x3fc:
          0x1fff04d0  0x3fc



*******************************************************************************
*** MODULE SUMMARY
***

    Module            ro code  rw code  ro data  rw data
    ------            -------  -------  -------  -------
D:\FREESCALEÖÇÄÜ³µ¾ºÈü\freescale(¾Å)\³ÌÐò\PE V1.4 2014.06.29 isr\bin\Flash\Obj: [1]
    LQ12864.o           1 556             1 520
    PID.o                 168                 4       40
    adc.o                 476                         16
    button.o              912
    common.o              180
    control.o           9 048                21      669
    crt0.o                 60
    delay.o                72
    gpio.o                162
    isr.o                 348                        266
    main.o             10 660               563      117
    pit.o                 184
    pwm.o               1 748                         12
    start.o               176
    sysinit.o             528       76       76       12
    uart.o                524
    vectors.o               2             1 040
    wdog.o                 56
    ----------------------------------------------------
    Total:             26 860       76    3 224    1 132

command line: [2]
    ----------------------------------------------------
    Total:

dl7M_tln.a: [3]
    exit.o                  4
    low_level_init.o        4
    ----------------------------------------------------
    Total:                  8

m7M_tl.a: [4]
    DblAdd.o              232
    DblSub.o              364
    DblToFlt.o            144
    FltAdd.o              132
    FltDiv.o              252
    FltMul.o              216
    FltSub.o              230
    FltToDbl.o             78
    FltToS32.o             68
    I32ToFlt.o             46
    ----------------------------------------------------
    Total:              1 762

rt7M_tl.a: [5]
    ABImemclr4.o            6
    ABImemset48.o          50
    bwt_init3c.o
    cexit.o                10
    cmain.o                22
    cstartup_M.o           12
    data_init3.o           44
    zero_init3.o           34
    ----------------------------------------------------
    Total:                178

shb_l.a: [6]
    exit.o                 20
    ----------------------------------------------------
    Total:                 20

    Gaps                   10                 2        4
    Linker created          8                16
--------------------------------------------------------
    Grand Total:       28 846       76    3 242    1 136


*******************************************************************************
*** ENTRY LIST
***

Entry                      Address    Size  Type      Object
-----                      -------    ----  ----      ------
.bss$$Base              0x1fff04d0           --   Gb  - Linker created -
.bss$$Limit             0x1fff08cc           --   Gb  - Linker created -
.data$$Base             0x1fff0410           --   Gb  - Linker created -
.data$$Limit            0x1fff0484           --   Gb  - Linker created -
.data_init$$Base        0x00007a38           --   Gb  - Linker created -
.data_init$$Limit       0x00007aac           --   Gb  - Linker created -
?main                   0x00007b35          Code  Gb  cmain.o [5]
Abs                     0x0000404b     0xa  Code  Gb  control.o [1]
Aver_F                  0x1fff07ca     0x2  Data  Gb  control.o [1]
Aver_Z                  0x1fff0820     0x2  Data  Gb  control.o [1]
BK                      0x1fff047e     0x1  Data  Gb  main.o [1]
CCD_init                0x00003b89    0x42  Code  Gb  control.o [1]
CalculateIntegrationTimeFront
                        0x00003ed7    0xa6  Code  Gb  control.o [1]
CalculateIntegrationTimeZong
                        0x00003f7d    0xa6  Code  Gb  control.o [1]
CodeRelocate$$Base      0x00007aac           --   Gb  - Linker created -
CodeRelocate$$Limit     0x00007af8           --   Gb  - Linker created -
CodeRelocateRam$$Base   0x1fff0484           --   Gb  - Linker created -
CodeRelocateRam$$Limit  0x1fff04d0           --   Gb  - Linker created -
D_err                   0x1fff085a     0x2  Data  Gb  control.o [1]
DirectionControlOutput  0x000058cd    0x46  Code  Gb  control.o [1]
F8X16                   0x00006fec   0x5f0  Data  Gb  LQ12864.o [1]
FRONT_WIDTH             0x1fff08b4     0x2  Data  Gb  main.o [1]
FTM2_QUAD_Iint          0x00006757    0x62  Code  Gb  pwm.o [1]
FTM_MOD0                0x1fff07a8     0x4  Data  Gb  pwm.o [1]
FTM_MOD1                0x1fff07ac     0x4  Data  Gb  pwm.o [1]
FTM_MOD2                0x1fff07b0     0x4  Data  Gb  pwm.o [1]
FTM_PWM_ChangeDuty      0x000065d9    0xb6  Code  Gb  pwm.o [1]
FTM_PWM_Init            0x00006191   0x2ea  Code  Gb  pwm.o [1]
FTM_PWM_Open            0x0000647b   0x15e  Code  Gb  pwm.o [1]
GetMotorPulse           0x00005919    0x2a  Code  Gb  control.o [1]
ImageCapture_F          0x00003d23    0xda  Code  Gb  control.o [1]
ImageCapture_Z          0x00003dfd    0xda  Code  Gb  control.o [1]
IncPID_Calculate        0x00002e0d    0x7e  Code  Gb  PID.o [1]
IntegrationTime_Front   0x1fff0422     0x1  Data  Gb  control.o [1]
IntegrationTime_Zong    0x1fff0423     0x1  Data  Gb  control.o [1]
Kd                      0x1fff0438     0x4  Data  Gb  main.o [1]
Kd_BL                   0x1fff0464     0x4  Data  Gb  main.o [1]
Kd_WW                   0x1fff0458     0x4  Data  Gb  main.o [1]
Kd_WZ                   0x1fff045c     0x4  Data  Gb  main.o [1]
Kd_ZW                   0x1fff0454     0x4  Data  Gb  main.o [1]
Kd_ZZ                   0x1fff0460     0x4  Data  Gb  main.o [1]
Kd_hold                 0x1fff043c     0x4  Data  Gb  main.o [1]
Kp                      0x1fff0430     0x4  Data  Gb  main.o [1]
Kp_BL                   0x1fff0450     0x4  Data  Gb  main.o [1]
Kp_WW                   0x1fff0444     0x4  Data  Gb  main.o [1]
Kp_WZ                   0x1fff0448     0x4  Data  Gb  main.o [1]
Kp_ZW                   0x1fff0440     0x4  Data  Gb  main.o [1]
Kp_ZZ                   0x1fff044c     0x4  Data  Gb  main.o [1]
Kp_hold                 0x1fff0434     0x4  Data  Gb  main.o [1]
LCD_CLS                 0x00002ffb    0x38  Code  Gb  LQ12864.o [1]
LCD_DLY_ms              0x00003033    0x1a  Code  Gb  LQ12864.o [1]
LCD_Fill                0x00002fbf    0x3c  Code  Gb  LQ12864.o [1]
LCD_Init                0x0000304d   0x13a  Code  Gb  LQ12864.o [1]
LCD_P8x16Str            0x00003327    0xa8  Code  Gb  LQ12864.o [1]
LCD_P8x16_num3wei       0x000033cf    0xc2  Code  Gb  LQ12864.o [1]
LCD_P8x16_number        0x00003187    0xc4  Code  Gb  LQ12864.o [1]
LCD_P8x16_number_4      0x0000324b    0xdc  Code  Gb  LQ12864.o [1]
LCD_Set_Pos             0x00002f93    0x2c  Code  Gb  LQ12864.o [1]
LCD_WrCmd               0x00002f19    0x7a  Code  Gb  LQ12864.o [1]
LCD_WrDat               0x00002e99    0x7e  Code  Gb  LQ12864.o [1]
LHOLDdiao_flag          0x1fff08bf     0x1  Data  Gb  control.o [1]
L_aver                  0x1fff088a     0x2  Data  Gb  control.o [1]
L_fch                   0x1fff088c     0x2  Data  Gb  control.o [1]
Ldiaotou_count          0x1fff086c     0x2  Data  Gb  control.o [1]
Ldiaotou_flag           0x1fff08be     0x1  Data  Gb  control.o [1]
Lendiao                 0x1fff08c1     0x1  Data  Gb  control.o [1]
Lpre1                   0x1fff0880     0x2  Data  Gb  control.o [1]
Lpre2                   0x1fff0882     0x2  Data  Gb  control.o [1]
Lpre3                   0x1fff0884     0x2  Data  Gb  control.o [1]
Lpre4                   0x1fff0886     0x2  Data  Gb  control.o [1]
Master_Adc_Config       0x1fff04f4    0x10  Data  Gb  adc.o [1]
Motor_Lock              0x1fff08ae     0x2  Data  Gb  main.o [1]
Motor_init              0x0000668f    0xc8  Code  Gb  pwm.o [1]
PID_SetKpid             0x00002df9    0x14  Code  Gb  PID.o [1]
PID_SetPoint            0x00002df1     0x8  Code  Gb  PID.o [1]
PULSE_MAX               0x1fff0478     0x2  Data  Gb  main.o [1]
PixelAverage            0x00004023    0x28  Code  Gb  control.o [1]
PixelAverageValue_Front
                        0x1fff08b8     0x1  Data  Gb  control.o [1]
PixelAverageValue_Zong  0x1fff08ba     0x1  Data  Gb  control.o [1]
PixelAverageVoltageError
                        0x1fff085e     0x2  Data  Gb  control.o [1]
PixelAverageVoltage_Front
                        0x1fff08b9     0x1  Data  Gb  control.o [1]
PixelAverageVoltage_Zong
                        0x1fff08bb     0x1  Data  Gb  control.o [1]
Pixel_F                 0x1fff06a0    0x80  Data  Gb  isr.o [1]
Pixel_Z                 0x1fff0720    0x80  Data  Gb  isr.o [1]
RHOLDdiao_flag          0x1fff08c0     0x1  Data  Gb  control.o [1]
R_aver                  0x1fff0888     0x2  Data  Gb  control.o [1]
R_fch                   0x1fff088e     0x2  Data  Gb  control.o [1]
Rdiaotou_count          0x1fff086a     0x2  Data  Gb  control.o [1]
Rdiaotou_flag           0x1fff08bd     0x1  Data  Gb  control.o [1]
Region$$Table$$Base     0x00007b24           --   Gb  - Linker created -
Region$$Table$$Limit    0x00007b34           --   Gb  - Linker created -
Rendiao                 0x1fff08c2     0x1  Data  Gb  control.o [1]
Rpre1                   0x1fff0878     0x2  Data  Gb  control.o [1]
Rpre2                   0x1fff087a     0x2  Data  Gb  control.o [1]
Rpre3                   0x1fff087c     0x2  Data  Gb  control.o [1]
Rpre4                   0x1fff087e     0x2  Data  Gb  control.o [1]
SHACHE_TIME_1           0x1fff0424     0x1  Data  Gb  control.o [1]
SHACHE_TIME_2           0x1fff0425     0x1  Data  Gb  control.o [1]
SHACHE_TIME_3           0x1fff0426     0x1  Data  Gb  control.o [1]
SHACHE_TIME_4           0x1fff0427     0x1  Data  Gb  control.o [1]
SHACHE_TIME_5           0x1fff0428     0x1  Data  Gb  control.o [1]
SamplingDelay           0x000057c9    0x24  Code  Gb  control.o [1]
Sd                      0x1fff07a4     0x4  Data  Gb  main.o [1]
Servo_Lock              0x1fff08b0     0x2  Data  Gb  main.o [1]
SetServoVoltage         0x000057ed    0xd8  Code  Gb  control.o [1]
Si                      0x1fff07a0     0x4  Data  Gb  main.o [1]
Sp                      0x1fff0480     0x4  Data  Gb  main.o [1]
Speed_PID               0x00005943    0xb0  Code  Gb  control.o [1]
StartIntegrationFront   0x00003bcb    0xac  Code  Gb  control.o [1]
StartIntegrationZong    0x00003c77    0xac  Code  Gb  control.o [1]
TIME1flag_20ms          0x1fff08c8     0x1  Data  Gb  isr.o [1]
TIME1flag_20ms_Z        0x1fff08c9     0x1  Data  Gb  isr.o [1]
TargetPixelAverageVoltage
                        0x1fff041e     0x2  Data  Gb  control.o [1]
TargetPixelAverageVoltageAllowError
                        0x1fff0420     0x2  Data  Gb  control.o [1]
TimerCnt20ms            0x1fff08c6     0x1  Data  Gb  isr.o [1]
TimerCnt20ms_Z          0x1fff08c7     0x1  Data  Gb  isr.o [1]
WW_flag                 0x1fff08c3     0x1  Data  Gb  control.o [1]
ZONG_WIDTH              0x1fff08b6     0x2  Data  Gb  main.o [1]
ZZ_count                0x1fff086e     0x2  Data  Gb  control.o [1]
__BOOT_STACK_ADDRESS {Abs}
                        0x2000fff8           --   Gb  command line/config [2]
__PID                   0x1fff04d0    0x1c  Data  Gb  PID.o [1]
__VECTOR_RAM {Abs}      0x1fff0000           --   Gb  command line/config [2]
__VECTOR_TABLE {Abs}    0x00000000           --   Gb  command line/config [2]
__aeabi_d2f             0x00003af9          Code  Gb  DblToFlt.o [4]
__aeabi_dadd            0x00003a11          Code  Gb  DblAdd.o [4]
__aeabi_f2d             0x000039a1          Code  Gb  FltToDbl.o [4]
__aeabi_f2iz            0x0000395d          Code  Gb  FltToS32.o [4]
__aeabi_fadd            0x00006a35          Code  Gb  FltAdd.o [4]
__aeabi_fdiv            0x00006e09          Code  Gb  FltDiv.o [4]
__aeabi_fmul            0x00003885          Code  Gb  FltMul.o [4]
__aeabi_fsub            0x0000694d          Code  Gb  FltSub.o [4]
__aeabi_i2f             0x0000691d          Code  Gb  I32ToFlt.o [4]
__aeabi_memclr4         0x00006e01          Code  Gb  ABImemclr4.o [5]
__cmain                 0x00007b35          Code  Gb  cmain.o [5]
__exit                  0x00007b61    0x14  Code  Gb  exit.o [6]
__iar_Memset4_word      0x00006fb9          Code  Gb  ABImemset48.o [5]
__iar_Memset8_word      0x00006fb9          Code  Gb  ABImemset48.o [5]
__iar_SB                0x00007d58          Data  Gb  bwt_init3c.o [5]
__iar_dadd              0x00003a25          Code  Gb  DblAdd.o [4]
__iar_data_init3        0x00007af9    0x2c  Code  Gb  data_init3.o [5]
__iar_dsub              0x00006ab9          Code  Gb  DblSub.o [4]
__iar_dsubStart         0x00006acb          Code  Gb  DblSub.o [4]
__iar_fadd              0x00006a45          Code  Gb  FltAdd.o [4]
__iar_fsub              0x0000695d          Code  Gb  FltSub.o [4]
__iar_fsubStart         0x0000696d          Code  Gb  FltSub.o [4]
__iar_program_start     0x00007bd5          Code  Gb  cstartup_M.o [5]
__iar_ui2f              0x00006931          Code  Gb  I32ToFlt.o [4]
__iar_zero_init3        0x000039ef    0x22  Code  Gb  zero_init3.o [5]
__low_level_init        0x00007b4b     0x4  Code  Gb  low_level_init.o [3]
__startup               0x00000411          Code  Gb  crt0.o [1]
__vector_table          0x00000000   0x410  Data  Gb  vectors.o [1]
_call_main              0x00007b41          Code  Gb  cmain.o [5]
_exit                   0x00007b55          Code  Gb  cexit.o [5]
_main                   0x00007b47          Code  Gb  cmain.o [5]
binaryzation_F          0x00004055   0x228  Code  Gb  control.o [1]
binaryzation_Z          0x0000427d   0x20c  Code  Gb  control.o [1]
black_l                 0x1fff0896     0x2  Data  Gb  control.o [1]
black_r                 0x1fff0898     0x2  Data  Gb  control.o [1]
chafang_f               0x1fff05d4    0xc8  Data  Gb  control.o [1]
cl_f                    0x1fff07e6     0x2  Data  Gb  control.o [1]
cl_f_long               0x1fff08a2     0x2  Data  Gb  main.o [1]
cl_f_pre                0x1fff07e8     0x2  Data  Gb  control.o [1]
cl_z                    0x1fff082c     0x2  Data  Gb  control.o [1]
cl_z_long               0x1fff08a8     0x2  Data  Gb  main.o [1]
common_startup          0x00007965    0x74  Code  Gb  start.o [1]
core_clk_khz            0x1fff07b4     0x4  Data  Gb  sysinit.o [1]
core_clk_mhz            0x1fff07b8     0x4  Data  Gb  sysinit.o [1]
d_err1                  0x1fff0808     0x2  Data  Gb  control.o [1]
d_err2                  0x1fff080a     0x2  Data  Gb  control.o [1]
d_err3                  0x1fff080c     0x2  Data  Gb  control.o [1]
d_err4                  0x1fff080e     0x2  Data  Gb  control.o [1]
d_err5                  0x1fff0810     0x2  Data  Gb  control.o [1]
d_err6                  0x1fff0812     0x2  Data  Gb  control.o [1]
d_err7                  0x1fff0814     0x2  Data  Gb  control.o [1]
d_err8                  0x1fff0816     0x2  Data  Gb  control.o [1]
d_err9                  0x1fff0818     0x2  Data  Gb  control.o [1]
default_isr             0x00005f83     0x2  Code  Gb  vectors.o [1]
delay_count             0x1fff089c     0x2  Data  Gb  control.o [1]
delay_ms                0x0000383d    0x38  Code  Gb  delay.o [1]
delta_l                 0x1fff07cc     0x2  Data  Gb  control.o [1]
delta_r                 0x1fff07ce     0x2  Data  Gb  control.o [1]
enable_irq              0x00006f0b    0x90  Code  Gb  common.o [1]
enable_pit_interrupt    0x000068c3    0x4c  Code  Gb  pit.o [1]
exit                    0x00007b4f     0x4  Code  Gb  exit.o [3]
fangcha_f               0x1fff0872     0x2  Data  Gb  control.o [1]
fangcha_hou_f           0x1fff0876     0x2  Data  Gb  control.o [1]
fangcha_qian_f          0x1fff0874     0x2  Data  Gb  control.o [1]
fb_clk_init             0x00007643    0x16  Code  Gb  sysinit.o [1]
fch_dp1                 0x1fff042a     0x2  Data  Gb  main.o [1]
fch_dp2                 0x1fff042c     0x2  Data  Gb  main.o [1]
front_OFFSET            0x1fff07f2     0x2  Data  Gb  control.o [1]
front_OFFSET_KZ         0x1fff07ec     0x2  Data  Gb  control.o [1]
front_OFFSET_KZ_pre     0x1fff07f0     0x2  Data  Gb  control.o [1]
front_OFFSET_pre1       0x1fff07f4     0x2  Data  Gb  control.o [1]
front_OFFSET_pre10      0x1fff0806     0x2  Data  Gb  control.o [1]
front_OFFSET_pre2       0x1fff07f6     0x2  Data  Gb  control.o [1]
front_OFFSET_pre3       0x1fff07f8     0x2  Data  Gb  control.o [1]
front_OFFSET_pre4       0x1fff07fa     0x2  Data  Gb  control.o [1]
front_OFFSET_pre5       0x1fff07fc     0x2  Data  Gb  control.o [1]
front_OFFSET_pre6       0x1fff07fe     0x2  Data  Gb  control.o [1]
front_OFFSET_pre7       0x1fff0800     0x2  Data  Gb  control.o [1]
front_OFFSET_pre8       0x1fff0802     0x2  Data  Gb  control.o [1]
front_OFFSET_pre9       0x1fff0804     0x2  Data  Gb  control.o [1]
front_l                 0x1fff07c4     0x2  Data  Gb  control.o [1]
front_l_last            0x1fff07d0     0x2  Data  Gb  control.o [1]
front_l_long            0x1fff08a4     0x2  Data  Gb  main.o [1]
front_l_pre1            0x1fff07d4     0x2  Data  Gb  control.o [1]
front_l_pre2            0x1fff07d8     0x2  Data  Gb  control.o [1]
front_l_pre3            0x1fff07dc     0x2  Data  Gb  control.o [1]
front_l_pre4            0x1fff07e0     0x2  Data  Gb  control.o [1]
front_l_reference       0x1fff07ea     0x2  Data  Gb  control.o [1]
front_max               0x1fff07c6     0x2  Data  Gb  control.o [1]
front_min               0x1fff07c8     0x2  Data  Gb  control.o [1]
front_r                 0x1fff0414     0x2  Data  Gb  control.o [1]
front_r_last            0x1fff07d2     0x2  Data  Gb  control.o [1]
front_r_long            0x1fff08a6     0x2  Data  Gb  main.o [1]
front_r_pre1            0x1fff07d6     0x2  Data  Gb  control.o [1]
front_r_pre2            0x1fff07da     0x2  Data  Gb  control.o [1]
front_r_pre3            0x1fff07de     0x2  Data  Gb  control.o [1]
front_r_pre4            0x1fff07e2     0x2  Data  Gb  control.o [1]
front_r_reference       0x1fff0416     0x2  Data  Gb  control.o [1]
front_reference         0x1fff07ee     0x2  Data  Gb  control.o [1]
front_width             0x1fff07e4     0x2  Data  Gb  control.o [1]
g_fDirectionControlOutNew
                        0x1fff0508     0x4  Data  Gb  control.o [1]
g_fDirectionControlOutOld
                        0x1fff0504     0x4  Data  Gb  control.o [1]
g_n1msEventCount        0x1fff08ca     0x1  Data  Gb  isr.o [1]
g_nDirectionControlPeriod
                        0x1fff07c2     0x2  Data  Gb  control.o [1]
g_nMotorPulse           0x1fff07c0     0x2  Data  Gb  control.o [1]
g_nMotorPulseSigma      0x1fff085c     0x2  Data  Gb  control.o [1]
g_nSpeedControlCount    0x1fff08cb     0x1  Data  Gb  isr.o [1]
get_front               0x000044dd   0xa3a  Code  Gb  control.o [1]
get_fu                  0x00005115   0x192  Code  Gb  control.o [1]
get_zong                0x0000530d   0x442  Code  Gb  control.o [1]
gpio_init               0x00005ee1    0x7a  Code  Gb  gpio.o [1]
gpio_read               0x00005f75     0xe  Code  Gb  gpio.o [1]
high_aver_f             0x1fff0860     0x2  Data  Gb  control.o [1]
high_aver_z             0x1fff0864     0x2  Data  Gb  control.o [1]
hw_ad_once              0x00006c73    0x4a  Code  Gb  adc.o [1]
hw_adc_config_alt       0x00006db9    0x26  Code  Gb  adc.o [1]
hw_adc_convertstart     0x00006cbd    0xfc  Code  Gb  adc.o [1]
hw_adc_init             0x00006c25    0x4e  Code  Gb  adc.o [1]
hw_pit_init             0x00006865    0x5e  Code  Gb  pit.o [1]
integration_piont_Front
                        0x1fff08c4     0x1  Data  Gb  isr.o [1]
integration_piont_Zong  0x1fff08c5     0x1  Data  Gb  isr.o [1]
k_B                     0x1fff0468     0x4  Data  Gb  main.o [1]
key_no                  0x1fff047c     0x1  Data  Gb  main.o [1]
key_num                 0x1fff047b     0x1  Data  Gb  main.o [1]
keyboard_scan           0x0000352d   0x306  Code  Gb  button.o [1]
lost_all_flag           0x1fff08bc     0x1  Data  Gb  control.o [1]
low_aver_f              0x1fff0862     0x2  Data  Gb  control.o [1]
low_aver_z              0x1fff0866     0x2  Data  Gb  control.o [1]
main                    0x0000044d  0x2810  Code  Gb  main.o [1]
matrix_keyboard_init    0x000034ad    0x80  Code  Gb  button.o [1]
periph_clk_khz          0x1fff07bc     0x4  Data  Gb  sysinit.o [1]
pit0_isr                0x000077f5   0x15c  Code  Gb  isr.o [1]
pll_init                0x00007659   0x15a  Code  Gb  sysinit.o [1]
pulse_count             0x1fff069c     0x4  Data  Gb  control.o [1]
qpx_count               0x1fff0890     0x2  Data  Gb  control.o [1]
rensha_count            0x1fff0868     0x2  Data  Gb  control.o [1]
route_ave_f             0x1fff0870     0x2  Data  Gb  control.o [1]
route_f                 0x1fff050c    0xc8  Data  Gb  control.o [1]
route_type_F            0x00004f29   0x1be  Code  Gb  control.o [1]
sPID                    0x1fff0410     0x4  Data  Gb  PID.o [1]
servo_duty              0x1fff041c     0x2  Data  Gb  control.o [1]
set_sys_dividers        0x1fff0485    0x4c  Code  Gb  sysinit.o [1]
shache3                 0x00005a35   0x38e  Code  Gb  control.o [1]
shache_time             0x1fff08b2     0x2  Data  Gb  main.o [1]
sina                    0x1fff047a     0x1  Data  Gb  main.o [1]
speed                   0x1fff046c     0x2  Data  Gb  main.o [1]
speed_B                 0x1fff0474     0x2  Data  Gb  main.o [1]
speed_H                 0x1fff046e     0x2  Data  Gb  main.o [1]
speed_L                 0x1fff0472     0x2  Data  Gb  main.o [1]
speed_W                 0x1fff0470     0x2  Data  Gb  main.o [1]
speed_jian              0x1fff0476     0x2  Data  Gb  main.o [1]
speed_pwm               0x1fff089e     0x2  Data  Gb  control.o [1]
speedflag               0x1fff08a0     0x2  Data  Gb  isr.o [1]
start                   0x00007951    0x14  Code  Gb  start.o [1]
stop_count              0x1fff0894     0x2  Data  Gb  control.o [1]
stop_flag               0x1fff0892     0x2  Data  Gb  control.o [1]
sysinit                 0x000075e5    0x48  Code  Gb  sysinit.o [1]
system_init             0x00002c75    0x76  Code  Gb  main.o [1]
trace_clk_init          0x0000762d    0x16  Code  Gb  sysinit.o [1]
uart_init               0x00005f85   0x1ba  Code  Gb  uart.o [1]
wdog_disable            0x00007a01    0x16  Code  Gb  wdog.o [1]
wdog_unlock             0x00007a19    0x16  Code  Gb  wdog.o [1]
write_vtor              0x00006f05     0x6  Code  Gb  common.o [1]
z_err1                  0x1fff0848     0x2  Data  Gb  control.o [1]
z_err2                  0x1fff084a     0x2  Data  Gb  control.o [1]
z_err3                  0x1fff084c     0x2  Data  Gb  control.o [1]
z_err4                  0x1fff084e     0x2  Data  Gb  control.o [1]
z_err5                  0x1fff0850     0x2  Data  Gb  control.o [1]
z_err6                  0x1fff0852     0x2  Data  Gb  control.o [1]
z_err7                  0x1fff0854     0x2  Data  Gb  control.o [1]
z_err8                  0x1fff0856     0x2  Data  Gb  control.o [1]
z_err9                  0x1fff0858     0x2  Data  Gb  control.o [1]
zheng                   0x1fff089a     0x2  Data  Gb  control.o [1]
zhming                  0x1fff047d     0x1  Data  Gb  main.o [1]
zong_OFFSET             0x1fff0832     0x2  Data  Gb  control.o [1]
zong_OFFSET_pre1        0x1fff0834     0x2  Data  Gb  control.o [1]
zong_OFFSET_pre10       0x1fff0846     0x2  Data  Gb  control.o [1]
zong_OFFSET_pre2        0x1fff0836     0x2  Data  Gb  control.o [1]
zong_OFFSET_pre3        0x1fff0838     0x2  Data  Gb  control.o [1]
zong_OFFSET_pre4        0x1fff083a     0x2  Data  Gb  control.o [1]
zong_OFFSET_pre5        0x1fff083c     0x2  Data  Gb  control.o [1]
zong_OFFSET_pre6        0x1fff083e     0x2  Data  Gb  control.o [1]
zong_OFFSET_pre7        0x1fff0840     0x2  Data  Gb  control.o [1]
zong_OFFSET_pre8        0x1fff0842     0x2  Data  Gb  control.o [1]
zong_OFFSET_pre9        0x1fff0844     0x2  Data  Gb  control.o [1]
zong_l                  0x1fff081a     0x2  Data  Gb  control.o [1]
zong_l_last             0x1fff0822     0x2  Data  Gb  control.o [1]
zong_l_long             0x1fff08aa     0x2  Data  Gb  main.o [1]
zong_l_pre              0x1fff0826     0x2  Data  Gb  control.o [1]
zong_l_reference        0x1fff082e     0x2  Data  Gb  control.o [1]
zong_max                0x1fff081c     0x2  Data  Gb  control.o [1]
zong_min                0x1fff081e     0x2  Data  Gb  control.o [1]
zong_r                  0x1fff0418     0x2  Data  Gb  control.o [1]
zong_r_last             0x1fff0824     0x2  Data  Gb  control.o [1]
zong_r_long             0x1fff08ac     0x2  Data  Gb  main.o [1]
zong_r_pre              0x1fff0828     0x2  Data  Gb  control.o [1]
zong_r_reference        0x1fff041a     0x2  Data  Gb  control.o [1]
zong_reference          0x1fff0830     0x2  Data  Gb  control.o [1]
zong_width              0x1fff082a     0x2  Data  Gb  control.o [1]


[1] = D:\FREESCALEÖÇÄÜ³µ¾ºÈü\freescale(¾Å)\³ÌÐò\PE V1.4 2014.06.29 isr\bin\Flash\Obj
[2] = command line
[3] = dl7M_tln.a
[4] = m7M_tl.a
[5] = rt7M_tl.a
[6] = shb_l.a

  28 846 bytes of readonly  code memory
      76 bytes of readwrite code memory
   3 242 bytes of readonly  data memory
   1 136 bytes of readwrite data memory

Errors: none
Warnings: none
