###############################################################################
#                                                                             #
# IAR ELF Linker V6.30.4.53288/W32 for ARM              03/Apr/2014  21:49:57 #
# Copyright 2007-2011 IAR Systems AB.                                         #
#                                                                             #
#    Output file  =  D:\FREESCALE智能车竞赛\freescale(九)\程序\PhotoelectricC #
#                    ar V1.1 2014.3.30\bin\Flash\Exe\PhotoelectricCar         #
#                    V1.1.out                                                 #
#    Map file     =  D:\FREESCALE智能车竞赛\freescale(九)\程序\PhotoelectricC #
#                    ar V1.1 2014.3.30\bin\Flash\List\PhotoelectricCar        #
#                    V1.1.map                                                 #
#    Command line =  "D:\FREESCALE智能车竞赛\freescale(九)\程序\Photoelectric #
#                    Car V1.1 2014.3.30\bin\Flash\Obj\LQ12864.o"              #
#                    "D:\FREESCALE智能车竞赛\freescale(九)\程序\Photoelectric #
#                    Car V1.1 2014.3.30\bin\Flash\Obj\PID.o"                  #
#                    "D:\FREESCALE智能车竞赛\freescale(九)\程序\Photoelectric #
#                    Car V1.1 2014.3.30\bin\Flash\Obj\adc.o"                  #
#                    "D:\FREESCALE智能车竞赛\freescale(九)\程序\Photoelectric #
#                    Car V1.1 2014.3.30\bin\Flash\Obj\button.o"               #
#                    "D:\FREESCALE智能车竞赛\freescale(九)\程序\Photoelectric #
#                    Car V1.1 2014.3.30\bin\Flash\Obj\common.o"               #
#                    "D:\FREESCALE智能车竞赛\freescale(九)\程序\Photoelectric #
#                    Car V1.1 2014.3.30\bin\Flash\Obj\control.o"              #
#                    "D:\FREESCALE智能车竞赛\freescale(九)\程序\Photoelectric #
#                    Car V1.1 2014.3.30\bin\Flash\Obj\crt0.o"                 #
#                    "D:\FREESCALE智能车竞赛\freescale(九)\程序\Photoelectric #
#                    Car V1.1 2014.3.30\bin\Flash\Obj\decoder.o"              #
#                    "D:\FREESCALE智能车竞赛\freescale(九)\程序\Photoelectric #
#                    Car V1.1 2014.3.30\bin\Flash\Obj\delay.o"                #
#                    "D:\FREESCALE智能车竞赛\freescale(九)\程序\Photoelectric #
#                    Car V1.1 2014.3.30\bin\Flash\Obj\gpio.o"                 #
#                    "D:\FREESCALE智能车竞赛\freescale(九)\程序\Photoelectric #
#                    Car V1.1 2014.3.30\bin\Flash\Obj\i2c.o"                  #
#                    "D:\FREESCALE智能车竞赛\freescale(九)\程序\Photoelectric #
#                    Car V1.1 2014.3.30\bin\Flash\Obj\isr.o"                  #
#                    "D:\FREESCALE智能车竞赛\freescale(九)\程序\Photoelectric #
#                    Car V1.1 2014.3.30\bin\Flash\Obj\light.o"                #
#                    "D:\FREESCALE智能车竞赛\freescale(九)\程序\Photoelectric #
#                    Car V1.1 2014.3.30\bin\Flash\Obj\main.o"                 #
#                    "D:\FREESCALE智能车竞赛\freescale(九)\程序\Photoelectric #
#                    Car V1.1 2014.3.30\bin\Flash\Obj\pit.o"                  #
#                    "D:\FREESCALE智能车竞赛\freescale(九)\程序\Photoelectric #
#                    Car V1.1 2014.3.30\bin\Flash\Obj\pwm.o"                  #
#                    "D:\FREESCALE智能车竞赛\freescale(九)\程序\Photoelectric #
#                    Car V1.1 2014.3.30\bin\Flash\Obj\start.o"                #
#                    "D:\FREESCALE智能车竞赛\freescale(九)\程序\Photoelectric #
#                    Car V1.1 2014.3.30\bin\Flash\Obj\sysinit.o"              #
#                    "D:\FREESCALE智能车竞赛\freescale(九)\程序\Photoelectric #
#                    Car V1.1 2014.3.30\bin\Flash\Obj\uart.o"                 #
#                    "D:\FREESCALE智能车竞赛\freescale(九)\程序\Photoelectric #
#                    Car V1.1 2014.3.30\bin\Flash\Obj\vectors.o"              #
#                    "D:\FREESCALE智能车竞赛\freescale(九)\程序\Photoelectric #
#                    Car V1.1 2014.3.30\bin\Flash\Obj\wdog.o" --redirect      #
#                    _Printf=_PrintfFull --redirect _Scanf=_ScanfFull -o      #
#                    "D:\FREESCALE智能车竞赛\freescale(九)\程序\Photoelectric #
#                    Car V1.1 2014.3.30\bin\Flash\Exe\PhotoelectricCar        #
#                    V1.1.out" --map "D:\FREESCALE智能车竞赛\freescale(九)\程 #
#                    序\PhotoelectricCar V1.1 2014.3.30\bin\Flash\List\Photoe #
#                    lectricCar V1.1.map" --config                            #
#                    "D:\FREESCALE智能车竞赛\freescale(九)\程序\Photoelectric #
#                    Car V1.1 2014.3.30\src\Project_Settings\Link\Pflash.icf" #
#                     --semihosting --entry __iar_program_start --vfe         #
#                                                                             #
#                                                                             #
###############################################################################

*******************************************************************************
*** RUNTIME MODEL ATTRIBUTES
***

CppFlavor       = *
__SystemLibrary = DLib


*******************************************************************************
*** PLACEMENT SUMMARY
***

"A1":  place at 0x00000000 { ro section .intvec };
"A2":  place at 0x00000410 { ro section .noinit };
"P1":  place in [from 0x00000000 to 0x00080000] { ro, block CodeRelocate };
"P2":  place in [from 0x1fff0410 to 0x20010000] {
          rw, block CodeRelocateRam, block CSTACK, block HEAP };

  Section              Kind        Address    Size  Object
  -------              ----        -------    ----  ------
"A1":                                        0x410
  .intvec              const    0x00000000   0x410  vectors.o [1]
                              - 0x00000410   0x410

"A2":                                         0x3c
  .noinit              ro code  0x00000410    0x3c  crt0.o [1]
                              - 0x0000044c    0x3c

"P1":                                       0x34f0
  .text                ro code  0x0000044c   0xd4c  control.o [1]
  .text                ro code  0x00001198    0xa2  gpio.o [1]
  .text                ro code  0x0000123a    0x22  zero_init3.o [5]
  .text                ro code  0x0000125c   0x1dc  adc.o [1]
  .text                ro code  0x00001438   0x474  LQ12864.o [1]
  .text                ro code  0x000018ac   0x214  uart.o [1]
  .text                ro code  0x00001ac0    0x2e  I32ToFlt.o [4]
  .text                ro code  0x00001aee     0x2  vectors.o [1]
  .text                ro code  0x00001af0    0xd8  FltMul.o [4]
  .text                ro code  0x00001bc8    0x84  FltAdd.o [4]
  .text                ro code  0x00001c4c    0x44  FltToS32.o [4]
  .text                ro code  0x00001c90   0x6d4  pwm.o [1]
  .text                ro code  0x00002364    0xa8  PID.o [1]
  .text                ro code  0x0000240c    0x48  delay.o [1]
  .text                ro code  0x00002454    0xe6  FltSub.o [4]
  .rodata              const    0x0000253c   0x5f0  LQ12864.o [1]
  .text                ro code  0x00002b2c   0x414  button.o [1]
  .text                ro code  0x00002f40   0x388  main.o [1]
  .text                ro code  0x000032c8    0xb8  pit.o [1]
  .text                ro code  0x00003380    0xb4  common.o [1]
  Veneer               ro code  0x00003434     0x8  - Linker created -
  .text                ro code  0x0000343c   0x210  sysinit.o [1]
  .text                ro code  0x0000364c   0x114  isr.o [1]
  .text                ro code  0x00003760    0xb0  start.o [1]
  .text                ro code  0x00003810    0x38  wdog.o [1]
  CodeRelocate                  0x00003848    0x4c  <Block>
    Initializer bytes  ro data  0x00003848    0x4c  <for CodeRelocateRam-1>
  .text                ro code  0x00003894    0x2c  data_init3.o [5]
  .iar.init_table      const    0x000038c0    0x10  - Linker created -
  .data_init                    0x000038d0    0x20  <Block>
    Initializer bytes  ro data  0x000038d0    0x20  <for .data-1>
  .text                ro code  0x000038f0    0x16  cmain.o [5]
  .text                ro code  0x00003906     0x4  low_level_init.o [3]
  .text                ro code  0x0000390a     0x4  exit.o [3]
  .text                ro code  0x00003910     0xa  cexit.o [5]
  .text                ro code  0x0000391c    0x14  exit.o [6]
  .text                ro code  0x00003930     0xc  cstartup_M.o [5]
  .rodata              const    0x0000393c     0x0  bwt_init3c.o [5]
                              - 0x0000393c  0x34f0

"P2", part 1 of 2:                            0x6c
  CodeRelocateRam               0x1fff0410    0x4c  <Block>
    CodeRelocateRam-1           0x1fff0410    0x4c  <Init block>
      .textrw          inited   0x1fff0410    0x4c  sysinit.o [1]
  .data                         0x1fff045c    0x20  <Block>
    .data-1                     0x1fff045c    0x1e  <Init block>
      .data            inited   0x1fff045c     0x4  PID.o [1]
      .data            inited   0x1fff0460     0x2  control.o [1]
      .data            inited   0x1fff0462     0x2  control.o [1]
      .data            inited   0x1fff0464     0x2  control.o [1]
      .data            inited   0x1fff0466     0x2  control.o [1]
      .data            inited   0x1fff0468     0x2  control.o [1]
      .data            inited   0x1fff046a     0x1  control.o [1]
      .data            inited   0x1fff046c     0x4  control.o [1]
      .data            inited   0x1fff0470     0x4  control.o [1]
      .data            inited   0x1fff0474     0x2  control.o [1]
      .data            inited   0x1fff0476     0x1  main.o [1]
      .data            inited   0x1fff0477     0x1  main.o [1]
      .data            inited   0x1fff0478     0x1  main.o [1]
      .data            inited   0x1fff0479     0x1  main.o [1]
                              - 0x1fff047c    0x6c

"P2", part 2 of 2:                           0x111
  .bss                          0x1fff047c   0x111  <Block>
    .bss               zero     0x1fff047c    0x1c  PID.o [1]
    .bss               zero     0x1fff0498     0x4  PID.o [1]
    .bss               zero     0x1fff049c     0x4  PID.o [1]
    .bss               zero     0x1fff04a0    0x10  adc.o [1]
    .bss               zero     0x1fff04b0     0x4  control.o [1]
    .bss               zero     0x1fff04b4     0x4  control.o [1]
    .bss               zero     0x1fff04b8    0x80  isr.o [1]
    .bss               zero     0x1fff0538     0x4  pwm.o [1]
    .bss               zero     0x1fff053c     0x4  pwm.o [1]
    .bss               zero     0x1fff0540     0x4  pwm.o [1]
    .bss               zero     0x1fff0544     0x4  sysinit.o [1]
    .bss               zero     0x1fff0548     0x4  sysinit.o [1]
    .bss               zero     0x1fff054c     0x4  sysinit.o [1]
    .bss               zero     0x1fff0550     0x2  control.o [1]
    .bss               zero     0x1fff0552     0x2  control.o [1]
    .bss               zero     0x1fff0554     0x2  control.o [1]
    .bss               zero     0x1fff0556     0x2  control.o [1]
    .bss               zero     0x1fff0558     0x2  control.o [1]
    .bss               zero     0x1fff055a     0x2  control.o [1]
    .bss               zero     0x1fff055c     0x2  control.o [1]
    .bss               zero     0x1fff055e     0x2  control.o [1]
    .bss               zero     0x1fff0560     0x2  control.o [1]
    .bss               zero     0x1fff0562     0x2  control.o [1]
    .bss               zero     0x1fff0564     0x2  control.o [1]
    .bss               zero     0x1fff0566     0x2  control.o [1]
    .bss               zero     0x1fff0568     0x2  control.o [1]
    .bss               zero     0x1fff056a     0x2  control.o [1]
    .bss               zero     0x1fff056c     0x2  control.o [1]
    .bss               zero     0x1fff056e     0x2  control.o [1]
    .bss               zero     0x1fff0570     0x2  control.o [1]
    .bss               zero     0x1fff0572     0x2  control.o [1]
    .bss               zero     0x1fff0574     0x2  control.o [1]
    .bss               zero     0x1fff0576     0x2  control.o [1]
    .bss               zero     0x1fff0578     0x2  isr.o [1]
    .bss               zero     0x1fff057a     0x2  main.o [1]
    .bss               zero     0x1fff057c     0x2  main.o [1]
    .bss               zero     0x1fff057e     0x2  main.o [1]
    .bss               zero     0x1fff0580     0x2  main.o [1]
    .bss               zero     0x1fff0582     0x2  main.o [1]
    .bss               zero     0x1fff0584     0x1  control.o [1]
    .bss               zero     0x1fff0585     0x1  control.o [1]
    .bss               zero     0x1fff0586     0x1  isr.o [1]
    .bss               zero     0x1fff0587     0x1  isr.o [1]
    .bss               zero     0x1fff0588     0x1  isr.o [1]
    .bss               zero     0x1fff0589     0x1  isr.o [1]
    .bss               zero     0x1fff058a     0x1  isr.o [1]
    .bss               zero     0x1fff058b     0x1  main.o [1]
    .bss               zero     0x1fff058c     0x1  main.o [1]
                              - 0x1fff058d   0x111


*******************************************************************************
*** INIT TABLE
***

          Address     Size
          -------     ----
Zero (__iar_zero_init3)
    1 destination range, total size 0x111:
          0x1fff047c  0x111



*******************************************************************************
*** MODULE SUMMARY
***

    Module            ro code  rw code  ro data  rw data
    ------            -------  -------  -------  -------
D:\FREESCALE智能车竞赛\freescale(九)\程序\PhotoelectricCar V1.1 2014.3.30\bin\Flash\Obj: [1]
    LQ12864.o           1 140             1 520
    PID.o                 168                 4       40
    adc.o                 476                         16
    button.o            1 044
    common.o              180
    control.o           3 404                22       71
    crt0.o                 60
    delay.o                72
    gpio.o                162
    isr.o                 276                        135
    main.o                904                 4       16
    pit.o                 184
    pwm.o               1 748                         12
    start.o               176
    sysinit.o             528       76       76       12
    uart.o                532
    vectors.o               2             1 040
    wdog.o                 56
    ----------------------------------------------------
    Total:             11 112       76    2 666      302

command line: [2]
    ----------------------------------------------------
    Total:

dl7M_tln.a: [3]
    exit.o                  4
    low_level_init.o        4
    ----------------------------------------------------
    Total:                  8

m7M_tl.a: [4]
    FltAdd.o              132
    FltMul.o              216
    FltSub.o              230
    FltToS32.o             68
    I32ToFlt.o             46
    ----------------------------------------------------
    Total:                692

rt7M_tl.a: [5]
    bwt_init3c.o
    cexit.o                10
    cmain.o                22
    cstartup_M.o           12
    data_init3.o           44
    zero_init3.o           34
    ----------------------------------------------------
    Total:                122

shb_l.a: [6]
    exit.o                 20
    ----------------------------------------------------
    Total:                 20

    Gaps                    4                 2        1
    Linker created          8                18
--------------------------------------------------------
    Grand Total:       11 966       76    2 686      303


*******************************************************************************
*** ENTRY LIST
***

Entry                      Address   Size  Type      Object
-----                      -------   ----  ----      ------
.bss$$Base              0x1fff047c          --   Gb  - Linker created -
.bss$$Limit             0x1fff058d          --   Gb  - Linker created -
.data$$Base             0x1fff045c          --   Gb  - Linker created -
.data$$Limit            0x1fff047c          --   Gb  - Linker created -
.data_init$$Base        0x000038d0          --   Gb  - Linker created -
.data_init$$Limit       0x000038f0          --   Gb  - Linker created -
?main                   0x000038f1         Code  Gb  cmain.o [5]
Abs                     0x000006e3    0xa  Code  Gb  control.o [1]
Aver                    0x1fff0558    0x2  Data  Gb  control.o [1]
BK                      0x1fff0476    0x1  Data  Gb  main.o [1]
CCD_init                0x0000044d   0x42  Code  Gb  control.o [1]
CalculateIntegrationTimeFront
                        0x00000615   0xa6  Code  Gb  control.o [1]
CodeRelocate$$Base      0x00003848          --   Gb  - Linker created -
CodeRelocate$$Limit     0x00003894          --   Gb  - Linker created -
CodeRelocateRam$$Base   0x1fff0410          --   Gb  - Linker created -
CodeRelocateRam$$Limit  0x1fff045c          --   Gb  - Linker created -
D_err                   0x1fff056e    0x2  Data  Gb  control.o [1]
F8X16                   0x0000253c  0x5f0  Data  Gb  LQ12864.o [1]
FTM2_QUAD_Iint          0x00002257   0x62  Code  Gb  pwm.o [1]
FTM_MOD0                0x1fff0538    0x4  Data  Gb  pwm.o [1]
FTM_MOD1                0x1fff053c    0x4  Data  Gb  pwm.o [1]
FTM_MOD2                0x1fff0540    0x4  Data  Gb  pwm.o [1]
FTM_PWM_ChangeDuty      0x000020d9   0xb6  Code  Gb  pwm.o [1]
FTM_PWM_Init            0x00001c91  0x2ea  Code  Gb  pwm.o [1]
FTM_PWM_Open            0x00001f7b  0x15e  Code  Gb  pwm.o [1]
GetMotorPulse           0x0000105f   0x2a  Code  Gb  control.o [1]
ImageCapture_F          0x0000053b   0xda  Code  Gb  control.o [1]
IncPID_Calculate        0x00002381   0x7e  Code  Gb  PID.o [1]
IntegrationTime_Front   0x1fff046a    0x1  Data  Gb  control.o [1]
Kd                      0x1fff0470    0x4  Data  Gb  control.o [1]
Kp                      0x1fff046c    0x4  Data  Gb  control.o [1]
LCD_CLS                 0x0000159b   0x38  Code  Gb  LQ12864.o [1]
LCD_DLY_ms              0x000015d3   0x1a  Code  Gb  LQ12864.o [1]
LCD_Fill                0x0000155f   0x3c  Code  Gb  LQ12864.o [1]
LCD_Init                0x000015ed  0x13a  Code  Gb  LQ12864.o [1]
LCD_P8x16Str            0x000017eb   0xa4  Code  Gb  LQ12864.o [1]
LCD_P8x16_number        0x00001727   0xc4  Code  Gb  LQ12864.o [1]
LCD_Set_Pos             0x00001533   0x2c  Code  Gb  LQ12864.o [1]
LCD_WrCmd               0x000014b9   0x7a  Code  Gb  LQ12864.o [1]
LCD_WrDat               0x00001439   0x7e  Code  Gb  LQ12864.o [1]
LCD_show                0x00000e99   0x34  Code  Gb  control.o [1]
Master_Adc_Config       0x1fff04a0   0x10  Data  Gb  adc.o [1]
Motor_Lock              0x1fff0580    0x2  Data  Gb  main.o [1]
Motor_init              0x0000218f   0xc8  Code  Gb  pwm.o [1]
PID_SetKpid             0x0000236d   0x14  Code  Gb  PID.o [1]
PID_SetPoint            0x00002365    0x8  Code  Gb  PID.o [1]
PixelAverage            0x000006bb   0x28  Code  Gb  control.o [1]
PixelAverageValue_Front
                        0x1fff0584    0x1  Data  Gb  control.o [1]
PixelAverageVoltageError
                        0x1fff0572    0x2  Data  Gb  control.o [1]
PixelAverageVoltage_Front
                        0x1fff0585    0x1  Data  Gb  control.o [1]
Pixel_F                 0x1fff04b8   0x80  Data  Gb  isr.o [1]
Region$$Table$$Base     0x000038c0          --   Gb  - Linker created -
Region$$Table$$Limit    0x000038d0          --   Gb  - Linker created -
SamplingDelay           0x00000f8d   0x24  Code  Gb  control.o [1]
SendHex                 0x00000f31   0x56  Code  Gb  control.o [1]
SendImageData           0x00000ecd   0x64  Code  Gb  control.o [1]
Servo_Lock              0x1fff0582    0x2  Data  Gb  main.o [1]
SetServoVoltage         0x00000fb1   0xae  Code  Gb  control.o [1]
Speed_PID               0x00001089   0x7e  Code  Gb  control.o [1]
StartIntegrationFront   0x0000048f   0xac  Code  Gb  control.o [1]
TIME1flag_20ms          0x1fff058a    0x1  Data  Gb  isr.o [1]
TargetPixelAverageVoltage
                        0x1fff0466    0x2  Data  Gb  control.o [1]
TargetPixelAverageVoltageAllowError
                        0x1fff0468    0x2  Data  Gb  control.o [1]
TimerCnt20ms            0x1fff0587    0x1  Data  Lc  isr.o [1]
__BOOT_STACK_ADDRESS {Abs}
                        0x2000fff8          --   Gb  command line/config [2]
__PID                   0x1fff047c   0x1c  Data  Gb  PID.o [1]
__VECTOR_RAM {Abs}      0x1fff0000          --   Gb  command line/config [2]
__VECTOR_TABLE {Abs}    0x00000000          --   Gb  command line/config [2]
__aeabi_f2iz            0x00001c4d         Code  Gb  FltToS32.o [4]
__aeabi_fadd            0x00001bc9         Code  Gb  FltAdd.o [4]
__aeabi_fmul            0x00001af1         Code  Gb  FltMul.o [4]
__aeabi_fsub            0x00002455         Code  Gb  FltSub.o [4]
__aeabi_i2f             0x00001ac1         Code  Gb  I32ToFlt.o [4]
__cmain                 0x000038f1         Code  Gb  cmain.o [5]
__exit                  0x0000391d   0x14  Code  Gb  exit.o [6]
__iar_SB                0x0000393c         Data  Gb  bwt_init3c.o [5]
__iar_data_init3        0x00003895   0x2c  Code  Gb  data_init3.o [5]
__iar_fadd              0x00001bd9         Code  Gb  FltAdd.o [4]
__iar_fsub              0x00002465         Code  Gb  FltSub.o [4]
__iar_fsubStart         0x00002475         Code  Gb  FltSub.o [4]
__iar_program_start     0x00003931         Code  Gb  cstartup_M.o [5]
__iar_ui2f              0x00001ad5         Code  Gb  I32ToFlt.o [4]
__iar_zero_init3        0x0000123b   0x22  Code  Gb  zero_init3.o [5]
__low_level_init        0x00003907    0x4  Code  Gb  low_level_init.o [3]
__startup               0x00000411         Code  Gb  crt0.o [1]
__vector_table          0x00000000  0x410  Data  Gb  vectors.o [1]
_call_main              0x000038fd         Code  Gb  cmain.o [5]
_exit                   0x00003911         Code  Gb  cexit.o [5]
_main                   0x00003903         Code  Gb  cmain.o [5]
binaryzation            0x000006ed  0x274  Code  Gb  control.o [1]
button_init             0x00002b2d   0x62  Code  Gb  button.o [1]
cl_f                    0x1fff0564    0x2  Data  Gb  control.o [1]
cl_f_long               0x1fff057a    0x2  Data  Gb  main.o [1]
common_startup          0x00003775   0x74  Code  Gb  start.o [1]
core_clk_khz            0x1fff0544    0x4  Data  Gb  sysinit.o [1]
core_clk_mhz            0x1fff0548    0x4  Data  Gb  sysinit.o [1]
default_isr             0x00001aef    0x2  Code  Gb  vectors.o [1]
delay_ms                0x0000240d   0x38  Code  Gb  delay.o [1]
enable_irq              0x00003387   0x90  Code  Gb  common.o [1]
enable_pit_interrupt    0x00003327   0x4c  Code  Gb  pit.o [1]
exit                    0x0000390b    0x4  Code  Gb  exit.o [3]
fb_clk_init             0x0000349b   0x16  Code  Gb  sysinit.o [1]
front_OFFSET            0x1fff0568    0x2  Data  Gb  control.o [1]
front_OFFSET_pre        0x1fff056c    0x2  Data  Gb  control.o [1]
front_l                 0x1fff0552    0x2  Data  Gb  control.o [1]
front_l_last            0x1fff055a    0x2  Data  Gb  control.o [1]
front_l_long            0x1fff057c    0x2  Data  Gb  main.o [1]
front_l_pre             0x1fff055e    0x2  Data  Gb  control.o [1]
front_l_reference       0x1fff0566    0x2  Data  Gb  control.o [1]
front_max               0x1fff0554    0x2  Data  Gb  control.o [1]
front_min               0x1fff0556    0x2  Data  Gb  control.o [1]
front_r                 0x1fff0460    0x2  Data  Gb  control.o [1]
front_r_last            0x1fff055c    0x2  Data  Gb  control.o [1]
front_r_long            0x1fff057e    0x2  Data  Gb  main.o [1]
front_r_pre             0x1fff0560    0x2  Data  Gb  control.o [1]
front_r_reference       0x1fff0462    0x2  Data  Gb  control.o [1]
front_reference         0x1fff056a    0x2  Data  Gb  control.o [1]
front_width             0x1fff0562    0x2  Data  Gb  control.o [1]
g_n1msEventCount        0x1fff0586    0x1  Data  Gb  isr.o [1]
g_nDirectionControlCount
                        0x1fff0589    0x1  Data  Gb  isr.o [1]
g_nMotorPulse           0x1fff0550    0x2  Data  Gb  control.o [1]
g_nMotorPulseSigma      0x1fff0570    0x2  Data  Gb  control.o [1]
g_nSpeedControlCount    0x1fff0588    0x1  Data  Gb  isr.o [1]
get_front               0x00000961  0x530  Code  Gb  control.o [1]
gpio_init               0x00001199   0x7a  Code  Gb  gpio.o [1]
gpio_read               0x0000122d    0xe  Code  Gb  gpio.o [1]
high_aver               0x1fff0574    0x2  Data  Gb  control.o [1]
hw_ad_once              0x000012ab   0x4a  Code  Gb  adc.o [1]
hw_adc_config_alt       0x000013f1   0x26  Code  Gb  adc.o [1]
hw_adc_convertstart     0x000012f5   0xfc  Code  Gb  adc.o [1]
hw_adc_init             0x0000125d   0x4e  Code  Gb  adc.o [1]
hw_pit_init             0x000032c9   0x5e  Code  Gb  pit.o [1]
integration_piont_Front
                        0x1fff058b    0x1  Data  Gb  main.o [1]
key_no                  0x1fff0478    0x1  Data  Gb  main.o [1]
key_num                 0x1fff0477    0x1  Data  Gb  main.o [1]
keyboard_scan           0x00002c0f  0x306  Code  Gb  button.o [1]
low_aver                0x1fff0576    0x2  Data  Gb  control.o [1]
main                    0x00002f41  0x2aa  Code  Gb  main.o [1]
matrix_keyboard_init    0x00002b8f   0x80  Code  Gb  button.o [1]
periph_clk_khz          0x1fff054c    0x4  Data  Gb  sysinit.o [1]
pit0_isr                0x0000364d  0x114  Code  Gb  isr.o [1]
pll_init                0x000034b1  0x15a  Code  Gb  sysinit.o [1]
pulse_count             0x1fff04b0    0x4  Data  Gb  control.o [1]
sPID                    0x1fff045c    0x4  Data  Gb  PID.o [1]
servo_duty              0x1fff0464    0x2  Data  Gb  control.o [1]
set_sys_dividers        0x1fff0411   0x4c  Code  Gb  sysinit.o [1]
showcnt                 0x1fff058c    0x1  Data  Gb  main.o [1]
speed                   0x1fff0474    0x2  Data  Gb  control.o [1]
speed_pwm               0x1fff04b4    0x4  Data  Gb  control.o [1]
speedflag               0x1fff0578    0x2  Data  Gb  isr.o [1]
start                   0x00003761   0x14  Code  Gb  start.o [1]
sysinit                 0x0000343d   0x48  Code  Gb  sysinit.o [1]
system_init             0x000031f1   0x72  Code  Gb  main.o [1]
trace_clk_init          0x00003485   0x16  Code  Gb  sysinit.o [1]
uart_init               0x000018ad  0x1ba  Code  Gb  uart.o [1]
uart_send1              0x00001a67    0xa  Code  Gb  uart.o [1]
wdog_disable            0x00003811   0x16  Code  Gb  wdog.o [1]
wdog_unlock             0x00003829   0x16  Code  Gb  wdog.o [1]
write_vtor              0x00003381    0x6  Code  Gb  common.o [1]
zhming                  0x1fff0479    0x1  Data  Gb  main.o [1]


[1] = D:\FREESCALE智能车竞赛\freescale(九)\程序\PhotoelectricCar V1.1 2014.3.30\bin\Flash\Obj
[2] = command line
[3] = dl7M_tln.a
[4] = m7M_tl.a
[5] = rt7M_tl.a
[6] = shb_l.a

  11 966 bytes of readonly  code memory
      76 bytes of readwrite code memory
   2 686 bytes of readonly  data memory
     303 bytes of readwrite data memory

Errors: none
Warnings: none
