###############################################################################
#                                                                             #
# IAR ELF Linker V6.30.4.53288/W32 for ARM              20/Apr/2014  20:39:15 #
# Copyright 2007-2011 IAR Systems AB.                                         #
#                                                                             #
#    Output file  =  D:\FREESCALE智能车竞赛\freescale(九)\程序\PhotoelectricC #
#                    ar V1.2 NCar\bin\Flash\Exe\PhotoelectricCar V1.2         #
#                    NCar.out                                                 #
#    Map file     =  D:\FREESCALE智能车竞赛\freescale(九)\程序\PhotoelectricC #
#                    ar V1.2 NCar\bin\Flash\List\PhotoelectricCar V1.2        #
#                    NCar.map                                                 #
#    Command line =  "D:\FREESCALE智能车竞赛\freescale(九)\程序\Photoelectric #
#                    Car V1.2 NCar\bin\Flash\Obj\LQ12864.o"                   #
#                    "D:\FREESCALE智能车竞赛\freescale(九)\程序\Photoelectric #
#                    Car V1.2 NCar\bin\Flash\Obj\PID.o"                       #
#                    "D:\FREESCALE智能车竞赛\freescale(九)\程序\Photoelectric #
#                    Car V1.2 NCar\bin\Flash\Obj\adc.o"                       #
#                    "D:\FREESCALE智能车竞赛\freescale(九)\程序\Photoelectric #
#                    Car V1.2 NCar\bin\Flash\Obj\button.o"                    #
#                    "D:\FREESCALE智能车竞赛\freescale(九)\程序\Photoelectric #
#                    Car V1.2 NCar\bin\Flash\Obj\common.o"                    #
#                    "D:\FREESCALE智能车竞赛\freescale(九)\程序\Photoelectric #
#                    Car V1.2 NCar\bin\Flash\Obj\control.o"                   #
#                    "D:\FREESCALE智能车竞赛\freescale(九)\程序\Photoelectric #
#                    Car V1.2 NCar\bin\Flash\Obj\crt0.o"                      #
#                    "D:\FREESCALE智能车竞赛\freescale(九)\程序\Photoelectric #
#                    Car V1.2 NCar\bin\Flash\Obj\decoder.o"                   #
#                    "D:\FREESCALE智能车竞赛\freescale(九)\程序\Photoelectric #
#                    Car V1.2 NCar\bin\Flash\Obj\delay.o"                     #
#                    "D:\FREESCALE智能车竞赛\freescale(九)\程序\Photoelectric #
#                    Car V1.2 NCar\bin\Flash\Obj\gpio.o"                      #
#                    "D:\FREESCALE智能车竞赛\freescale(九)\程序\Photoelectric #
#                    Car V1.2 NCar\bin\Flash\Obj\i2c.o"                       #
#                    "D:\FREESCALE智能车竞赛\freescale(九)\程序\Photoelectric #
#                    Car V1.2 NCar\bin\Flash\Obj\isr.o"                       #
#                    "D:\FREESCALE智能车竞赛\freescale(九)\程序\Photoelectric #
#                    Car V1.2 NCar\bin\Flash\Obj\light.o"                     #
#                    "D:\FREESCALE智能车竞赛\freescale(九)\程序\Photoelectric #
#                    Car V1.2 NCar\bin\Flash\Obj\main.o"                      #
#                    "D:\FREESCALE智能车竞赛\freescale(九)\程序\Photoelectric #
#                    Car V1.2 NCar\bin\Flash\Obj\pit.o"                       #
#                    "D:\FREESCALE智能车竞赛\freescale(九)\程序\Photoelectric #
#                    Car V1.2 NCar\bin\Flash\Obj\pwm.o"                       #
#                    "D:\FREESCALE智能车竞赛\freescale(九)\程序\Photoelectric #
#                    Car V1.2 NCar\bin\Flash\Obj\start.o"                     #
#                    "D:\FREESCALE智能车竞赛\freescale(九)\程序\Photoelectric #
#                    Car V1.2 NCar\bin\Flash\Obj\sysinit.o"                   #
#                    "D:\FREESCALE智能车竞赛\freescale(九)\程序\Photoelectric #
#                    Car V1.2 NCar\bin\Flash\Obj\uart.o"                      #
#                    "D:\FREESCALE智能车竞赛\freescale(九)\程序\Photoelectric #
#                    Car V1.2 NCar\bin\Flash\Obj\vectors.o"                   #
#                    "D:\FREESCALE智能车竞赛\freescale(九)\程序\Photoelectric #
#                    Car V1.2 NCar\bin\Flash\Obj\wdog.o" --redirect           #
#                    _Printf=_PrintfFull --redirect _Scanf=_ScanfFull -o      #
#                    "D:\FREESCALE智能车竞赛\freescale(九)\程序\Photoelectric #
#                    Car V1.2 NCar\bin\Flash\Exe\PhotoelectricCar V1.2        #
#                    NCar.out" --map "D:\FREESCALE智能车竞赛\freescale(九)\程 #
#                    序\PhotoelectricCar V1.2 NCar\bin\Flash\List\Photoelectr #
#                    icCar V1.2 NCar.map" --config                            #
#                    "D:\FREESCALE智能车竞赛\freescale(九)\程序\Photoelectric #
#                    Car V1.2 NCar\src\Project_Settings\Link\Pflash.icf"      #
#                    --semihosting --entry __iar_program_start --vfe          #
#                                                                             #
#                                                                             #
###############################################################################

*******************************************************************************
*** RUNTIME MODEL ATTRIBUTES
***

CppFlavor       = *
__SystemLibrary = DLib


*******************************************************************************
*** PLACEMENT SUMMARY
***

"A1":  place at 0x00000000 { ro section .intvec };
"A2":  place at 0x00000410 { ro section .noinit };
"P1":  place in [from 0x00000000 to 0x00080000] { ro, block CodeRelocate };
"P2":  place in [from 0x1fff0410 to 0x20010000] {
          rw, block CodeRelocateRam, block CSTACK, block HEAP };

  Section              Kind        Address    Size  Object
  -------              ----        -------    ----  ------
"A1":                                        0x410
  .intvec              const    0x00000000   0x410  vectors.o [1]
                              - 0x00000410   0x410

"A2":                                         0x3c
  .noinit              ro code  0x00000410    0x3c  crt0.o [1]
                              - 0x0000044c    0x3c

"P1":                                       0x59dc
  .text                ro code  0x0000044c  0x2070  main.o [1]
  .text                ro code  0x000024bc   0x538  LQ12864.o [1]
  .text                ro code  0x000029f4   0x390  button.o [1]
  .text                ro code  0x00002d84    0x48  delay.o [1]
  .text                ro code  0x00002dcc    0xd8  FltMul.o [4]
  .text                ro code  0x00002ea4    0x44  FltToS32.o [4]
  .text                ro code  0x00002ee8    0x4e  FltToDbl.o [4]
  .text                ro code  0x00002f36    0x22  zero_init3.o [5]
  .text                ro code  0x00002f58    0xe8  DblAdd.o [4]
  .text                ro code  0x00003040    0x90  DblToFlt.o [4]
  .text                ro code  0x000030d0   0xf04  control.o [1]
  .text                ro code  0x00003fd4    0xa2  gpio.o [1]
  .text                ro code  0x00004076     0x2  vectors.o [1]
  .text                ro code  0x00004078   0x214  uart.o [1]
  .text                ro code  0x0000428c    0xce  common.o [1]
  .text                ro code  0x0000435c   0x6d4  pwm.o [1]
  .text                ro code  0x00004a30    0xa8  PID.o [1]
  .text                ro code  0x00004ad8    0xb8  pit.o [1]
  .text                ro code  0x00004b90   0x16c  DblSub.o [4]
  .text                ro code  0x00004cfc   0x1dc  adc.o [1]
  .text                ro code  0x00004ed8    0x2e  I32ToFlt.o [4]
  .text                ro code  0x00004f08    0x84  FltAdd.o [4]
  .text                ro code  0x00004f8c    0xe6  FltSub.o [4]
  .text                ro code  0x00005074    0xfc  FltDiv.o [4]
  .rodata              const    0x00005170   0x5f0  LQ12864.o [1]
  Veneer               ro code  0x00005760     0x8  - Linker created -
  .text                ro code  0x00005768   0x210  sysinit.o [1]
  .text                ro code  0x00005978   0x110  isr.o [1]
  .text                ro code  0x00005a88    0xb0  start.o [1]
  .text                ro code  0x00005b38    0x38  wdog.o [1]
  .data_init                    0x00005b70    0x5c  <Block>
    Initializer bytes  ro data  0x00005b70    0x5c  <for .data-1>
  CodeRelocate                  0x00005bcc    0x4c  <Block>
    Initializer bytes  ro data  0x00005bcc    0x4c  <for CodeRelocateRam-1>
  .text                ro code  0x00005c18    0x2c  data_init3.o [5]
  .iar.init_table      const    0x00005c44    0x10  - Linker created -
  .text                ro code  0x00005c54    0x16  cmain.o [5]
  .text                ro code  0x00005c6a     0x4  low_level_init.o [3]
  .text                ro code  0x00005c6e     0x4  exit.o [3]
  .text                ro code  0x00005c74     0xa  cexit.o [5]
  .text                ro code  0x00005c80    0x14  exit.o [6]
  .rodata              const    0x00005c94     0xc  main.o [1]
  .rodata              const    0x00005ca0     0xc  main.o [1]
  .rodata              const    0x00005cac     0xc  main.o [1]
  .rodata              const    0x00005cb8     0xc  main.o [1]
  .rodata              const    0x00005cc4     0xc  main.o [1]
  .rodata              const    0x00005cd0     0xc  main.o [1]
  .rodata              const    0x00005cdc     0xc  main.o [1]
  .rodata              const    0x00005ce8     0xc  main.o [1]
  .text                ro code  0x00005cf4     0xc  cstartup_M.o [5]
  .rodata              const    0x00005d00     0x8  main.o [1]
  .rodata              const    0x00005d08     0x8  main.o [1]
  .rodata              const    0x00005d10     0x8  main.o [1]
  .rodata              const    0x00005d18     0x8  main.o [1]
  .rodata              const    0x00005d20     0x8  main.o [1]
  .rodata              const    0x00005d28     0x8  main.o [1]
  .rodata              const    0x00005d30     0x8  main.o [1]
  .rodata              const    0x00005d38     0x8  main.o [1]
  .rodata              const    0x00005d40     0x8  main.o [1]
  .rodata              const    0x00005d48     0x8  main.o [1]
  .rodata              const    0x00005d50     0x8  main.o [1]
  .rodata              const    0x00005d58     0x8  main.o [1]
  .rodata              const    0x00005d60     0x8  main.o [1]
  .rodata              const    0x00005d68     0x8  main.o [1]
  .rodata              const    0x00005d70     0x8  main.o [1]
  .rodata              const    0x00005d78     0x8  main.o [1]
  .rodata              const    0x00005d80     0x8  main.o [1]
  .rodata              const    0x00005d88     0x8  main.o [1]
  .rodata              const    0x00005d90     0x8  main.o [1]
  .rodata              const    0x00005d98     0x8  main.o [1]
  .rodata              const    0x00005da0     0x8  main.o [1]
  .rodata              const    0x00005da8     0x8  main.o [1]
  .rodata              const    0x00005db0     0x8  main.o [1]
  .rodata              const    0x00005db8     0x8  main.o [1]
  .rodata              const    0x00005dc0     0x8  main.o [1]
  .rodata              const    0x00005dc8     0x8  main.o [1]
  .rodata              const    0x00005dd0     0x8  main.o [1]
  .rodata              const    0x00005dd8     0x8  main.o [1]
  .rodata              const    0x00005de0     0x8  main.o [1]
  .rodata              const    0x00005de8     0x8  main.o [1]
  .rodata              const    0x00005df0     0x8  main.o [1]
  .rodata              const    0x00005df8     0x8  main.o [1]
  .rodata              const    0x00005e00     0x8  main.o [1]
  .rodata              const    0x00005e08     0x8  main.o [1]
  .rodata              const    0x00005e10     0x8  main.o [1]
  .rodata              const    0x00005e18     0x8  main.o [1]
  .rodata              const    0x00005e20     0x8  main.o [1]
  .rodata              const    0x00005e28     0x0  bwt_init3c.o [5]
                              - 0x00005e28  0x59dc

"P2", part 1 of 2:                            0xa8
  .data                         0x1fff0410    0x5c  <Block>
    .data-1                     0x1fff0410    0x59  <Init block>
      .data            inited   0x1fff0410     0x4  PID.o [1]
      .data            inited   0x1fff0414     0x2  control.o [1]
      .data            inited   0x1fff0416     0x2  control.o [1]
      .data            inited   0x1fff0418     0x2  control.o [1]
      .data            inited   0x1fff041a     0x2  control.o [1]
      .data            inited   0x1fff041c     0x2  control.o [1]
      .data            inited   0x1fff041e     0x1  control.o [1]
      .data            inited   0x1fff0420     0x2  main.o [1]
      .data            inited   0x1fff0422     0x2  main.o [1]
      .data            inited   0x1fff0424     0x4  main.o [1]
      .data            inited   0x1fff0428     0x4  main.o [1]
      .data            inited   0x1fff042c     0x4  main.o [1]
      .data            inited   0x1fff0430     0x4  main.o [1]
      .data            inited   0x1fff0434     0x4  main.o [1]
      .data            inited   0x1fff0438     0x4  main.o [1]
      .data            inited   0x1fff043c     0x4  main.o [1]
      .data            inited   0x1fff0440     0x4  main.o [1]
      .data            inited   0x1fff0444     0x4  main.o [1]
      .data            inited   0x1fff0448     0x4  main.o [1]
      .data            inited   0x1fff044c     0x4  main.o [1]
      .data            inited   0x1fff0450     0x4  main.o [1]
      .data            inited   0x1fff0454     0x4  main.o [1]
      .data            inited   0x1fff0458     0x4  main.o [1]
      .data            inited   0x1fff045c     0x2  main.o [1]
      .data            inited   0x1fff045e     0x2  main.o [1]
      .data            inited   0x1fff0460     0x2  main.o [1]
      .data            inited   0x1fff0462     0x2  main.o [1]
      .data            inited   0x1fff0464     0x1  main.o [1]
      .data            inited   0x1fff0465     0x1  main.o [1]
      .data            inited   0x1fff0466     0x1  main.o [1]
      .data            inited   0x1fff0467     0x1  main.o [1]
      .data            inited   0x1fff0468     0x1  main.o [1]
  CodeRelocateRam               0x1fff046c    0x4c  <Block>
    CodeRelocateRam-1           0x1fff046c    0x4c  <Init block>
      .textrw          inited   0x1fff046c    0x4c  sysinit.o [1]
                              - 0x1fff04b8    0xa8

"P2", part 2 of 2:                           0x2dc
  .bss                          0x1fff04b8   0x2dc  <Block>
    .bss               zero     0x1fff04b8    0x1c  PID.o [1]
    .bss               zero     0x1fff04d4     0x4  PID.o [1]
    .bss               zero     0x1fff04d8     0x4  PID.o [1]
    .bss               zero     0x1fff04dc    0x10  adc.o [1]
    .bss               zero     0x1fff04ec     0x4  control.o [1]
    .bss               zero     0x1fff04f0     0x4  control.o [1]
    .bss               zero     0x1fff04f4    0xc8  control.o [1]
    .bss               zero     0x1fff05bc    0xc8  control.o [1]
    .bss               zero     0x1fff0684     0x4  control.o [1]
    .bss               zero     0x1fff0688     0x4  control.o [1]
    .bss               zero     0x1fff068c    0x80  isr.o [1]
    .bss               zero     0x1fff070c     0x4  pwm.o [1]
    .bss               zero     0x1fff0710     0x4  pwm.o [1]
    .bss               zero     0x1fff0714     0x4  pwm.o [1]
    .bss               zero     0x1fff0718     0x4  sysinit.o [1]
    .bss               zero     0x1fff071c     0x4  sysinit.o [1]
    .bss               zero     0x1fff0720     0x4  sysinit.o [1]
    .bss               zero     0x1fff0724     0x2  control.o [1]
    .bss               zero     0x1fff0726     0x2  control.o [1]
    .bss               zero     0x1fff0728     0x2  control.o [1]
    .bss               zero     0x1fff072a     0x2  control.o [1]
    .bss               zero     0x1fff072c     0x2  control.o [1]
    .bss               zero     0x1fff072e     0x2  control.o [1]
    .bss               zero     0x1fff0730     0x2  control.o [1]
    .bss               zero     0x1fff0732     0x2  control.o [1]
    .bss               zero     0x1fff0734     0x2  control.o [1]
    .bss               zero     0x1fff0736     0x2  control.o [1]
    .bss               zero     0x1fff0738     0x2  control.o [1]
    .bss               zero     0x1fff073a     0x2  control.o [1]
    .bss               zero     0x1fff073c     0x2  control.o [1]
    .bss               zero     0x1fff073e     0x2  control.o [1]
    .bss               zero     0x1fff0740     0x2  control.o [1]
    .bss               zero     0x1fff0742     0x2  control.o [1]
    .bss               zero     0x1fff0744     0x2  control.o [1]
    .bss               zero     0x1fff0746     0x2  control.o [1]
    .bss               zero     0x1fff0748     0x2  control.o [1]
    .bss               zero     0x1fff074a     0x2  control.o [1]
    .bss               zero     0x1fff074c     0x2  control.o [1]
    .bss               zero     0x1fff074e     0x2  control.o [1]
    .bss               zero     0x1fff0750     0x2  control.o [1]
    .bss               zero     0x1fff0752     0x2  control.o [1]
    .bss               zero     0x1fff0754     0x2  control.o [1]
    .bss               zero     0x1fff0756     0x2  control.o [1]
    .bss               zero     0x1fff0758     0x2  control.o [1]
    .bss               zero     0x1fff075a     0x2  control.o [1]
    .bss               zero     0x1fff075c     0x2  control.o [1]
    .bss               zero     0x1fff075e     0x2  control.o [1]
    .bss               zero     0x1fff0760     0x2  control.o [1]
    .bss               zero     0x1fff0762     0x2  control.o [1]
    .bss               zero     0x1fff0764     0x2  control.o [1]
    .bss               zero     0x1fff0766     0x2  control.o [1]
    .bss               zero     0x1fff0768     0x2  control.o [1]
    .bss               zero     0x1fff076a     0x2  control.o [1]
    .bss               zero     0x1fff076c     0x2  control.o [1]
    .bss               zero     0x1fff076e     0x2  control.o [1]
    .bss               zero     0x1fff0770     0x2  control.o [1]
    .bss               zero     0x1fff0772     0x2  control.o [1]
    .bss               zero     0x1fff0774     0x2  control.o [1]
    .bss               zero     0x1fff0776     0x2  control.o [1]
    .bss               zero     0x1fff0778     0x2  control.o [1]
    .bss               zero     0x1fff077a     0x2  control.o [1]
    .bss               zero     0x1fff077c     0x2  control.o [1]
    .bss               zero     0x1fff077e     0x2  isr.o [1]
    .bss               zero     0x1fff0780     0x2  main.o [1]
    .bss               zero     0x1fff0782     0x2  main.o [1]
    .bss               zero     0x1fff0784     0x2  main.o [1]
    .bss               zero     0x1fff0786     0x2  main.o [1]
    .bss               zero     0x1fff0788     0x2  main.o [1]
    .bss               zero     0x1fff078a     0x2  main.o [1]
    .bss               zero     0x1fff078c     0x1  control.o [1]
    .bss               zero     0x1fff078d     0x1  control.o [1]
    .bss               zero     0x1fff078e     0x1  isr.o [1]
    .bss               zero     0x1fff078f     0x1  isr.o [1]
    .bss               zero     0x1fff0790     0x1  isr.o [1]
    .bss               zero     0x1fff0791     0x1  isr.o [1]
    .bss               zero     0x1fff0792     0x1  main.o [1]
    .bss               zero     0x1fff0793     0x1  main.o [1]
                              - 0x1fff0794   0x2dc


*******************************************************************************
*** INIT TABLE
***

          Address     Size
          -------     ----
Zero (__iar_zero_init3)
    1 destination range, total size 0x2dc:
          0x1fff04b8  0x2dc



*******************************************************************************
*** MODULE SUMMARY
***

    Module            ro code  rw code  ro data  rw data
    ------            -------  -------  -------  -------
D:\FREESCALE智能车竞赛\freescale(九)\程序\PhotoelectricCar V1.2 NCar\bin\Flash\Obj: [1]
    LQ12864.o           1 336             1 520
    PID.o                 168                 4       40
    adc.o                 476                         16
    button.o              912
    common.o              206
    control.o           3 844                11      519
    crt0.o                 60
    delay.o                72
    gpio.o                162
    isr.o                 272                        134
    main.o              8 304               466       87
    pit.o                 184
    pwm.o               1 748                         12
    start.o               176
    sysinit.o             528       76       76       12
    uart.o                532
    vectors.o               2             1 040
    wdog.o                 56
    ----------------------------------------------------
    Total:             19 038       76    3 117      820

command line: [2]
    ----------------------------------------------------
    Total:

dl7M_tln.a: [3]
    exit.o                  4
    low_level_init.o        4
    ----------------------------------------------------
    Total:                  8

m7M_tl.a: [4]
    DblAdd.o              232
    DblSub.o              364
    DblToFlt.o            144
    FltAdd.o              132
    FltDiv.o              252
    FltMul.o              216
    FltSub.o              230
    FltToDbl.o             78
    FltToS32.o             68
    I32ToFlt.o             46
    ----------------------------------------------------
    Total:              1 762

rt7M_tl.a: [5]
    bwt_init3c.o
    cexit.o                10
    cmain.o                22
    cstartup_M.o           12
    data_init3.o           44
    zero_init3.o           34
    ----------------------------------------------------
    Total:                122

shb_l.a: [6]
    exit.o                 20
    ----------------------------------------------------
    Total:                 20

    Gaps                   10                          1
    Linker created          8                19
--------------------------------------------------------
    Grand Total:       20 968       76    3 136      821


*******************************************************************************
*** ENTRY LIST
***

Entry                      Address    Size  Type      Object
-----                      -------    ----  ----      ------
.bss$$Base              0x1fff04b8           --   Gb  - Linker created -
.bss$$Limit             0x1fff0794           --   Gb  - Linker created -
.data$$Base             0x1fff0410           --   Gb  - Linker created -
.data$$Limit            0x1fff046c           --   Gb  - Linker created -
.data_init$$Base        0x00005b70           --   Gb  - Linker created -
.data_init$$Limit       0x00005bcc           --   Gb  - Linker created -
?main                   0x00005c55          Code  Gb  cmain.o [5]
Abs                     0x00003367     0xa  Code  Gb  control.o [1]
Aver                    0x1fff072e     0x2  Data  Gb  control.o [1]
BK                      0x1fff0468     0x1  Data  Gb  main.o [1]
CCD_init                0x000030d1    0x42  Code  Gb  control.o [1]
CalculateIntegrationTimeFront
                        0x00003299    0xa6  Code  Gb  control.o [1]
CodeRelocate$$Base      0x00005bcc           --   Gb  - Linker created -
CodeRelocate$$Limit     0x00005c18           --   Gb  - Linker created -
CodeRelocateRam$$Base   0x1fff046c           --   Gb  - Linker created -
CodeRelocateRam$$Limit  0x1fff04b8           --   Gb  - Linker created -
D_err                   0x1fff076c     0x2  Data  Gb  control.o [1]
DirectionControlOutput  0x00003de1    0x46  Code  Gb  control.o [1]
F8X16                   0x00005170   0x5f0  Data  Gb  LQ12864.o [1]
FRONT_WIDTH             0x1fff078a     0x2  Data  Gb  main.o [1]
FTM2_QUAD_Iint          0x00004923    0x62  Code  Gb  pwm.o [1]
FTM_MOD0                0x1fff070c     0x4  Data  Gb  pwm.o [1]
FTM_MOD1                0x1fff0710     0x4  Data  Gb  pwm.o [1]
FTM_MOD2                0x1fff0714     0x4  Data  Gb  pwm.o [1]
FTM_PWM_ChangeDuty      0x000047a5    0xb6  Code  Gb  pwm.o [1]
FTM_PWM_Init            0x0000435d   0x2ea  Code  Gb  pwm.o [1]
FTM_PWM_Open            0x00004647   0x15e  Code  Gb  pwm.o [1]
GetMotorPulse           0x00003e27    0x2a  Code  Gb  control.o [1]
ImageCapture_F          0x000031bf    0xda  Code  Gb  control.o [1]
IncPID_Calculate        0x00004a4d    0x7e  Code  Gb  PID.o [1]
IntegrationTime_Front   0x1fff041e     0x1  Data  Gb  control.o [1]
Kd                      0x1fff0440     0x4  Data  Gb  main.o [1]
Kd_BL                   0x1fff0458     0x4  Data  Gb  main.o [1]
Kd_WW                   0x1fff044c     0x4  Data  Gb  main.o [1]
Kd_WZ                   0x1fff0450     0x4  Data  Gb  main.o [1]
Kd_ZW                   0x1fff0448     0x4  Data  Gb  main.o [1]
Kd_ZZ                   0x1fff0454     0x4  Data  Gb  main.o [1]
Kd_hold                 0x1fff0444     0x4  Data  Gb  main.o [1]
Kp                      0x1fff0424     0x4  Data  Gb  main.o [1]
Kp_BL                   0x1fff043c     0x4  Data  Gb  main.o [1]
Kp_WW                   0x1fff0430     0x4  Data  Gb  main.o [1]
Kp_WZ                   0x1fff0434     0x4  Data  Gb  main.o [1]
Kp_ZW                   0x1fff042c     0x4  Data  Gb  main.o [1]
Kp_ZZ                   0x1fff0438     0x4  Data  Gb  main.o [1]
Kp_hold                 0x1fff0428     0x4  Data  Gb  main.o [1]
LCD_CLS                 0x0000261f    0x38  Code  Gb  LQ12864.o [1]
LCD_DLY_ms              0x00002657    0x1a  Code  Gb  LQ12864.o [1]
LCD_Fill                0x000025e3    0x3c  Code  Gb  LQ12864.o [1]
LCD_Init                0x00002671   0x13a  Code  Gb  LQ12864.o [1]
LCD_P8x16Str            0x0000286f    0xa8  Code  Gb  LQ12864.o [1]
LCD_P8x16_num3wei       0x00002917    0xc2  Code  Gb  LQ12864.o [1]
LCD_P8x16_number        0x000027ab    0xc4  Code  Gb  LQ12864.o [1]
LCD_Set_Pos             0x000025b7    0x2c  Code  Gb  LQ12864.o [1]
LCD_WrCmd               0x0000253d    0x7a  Code  Gb  LQ12864.o [1]
LCD_WrDat               0x000024bd    0x7e  Code  Gb  LQ12864.o [1]
LCD_show                0x00003be9    0x24  Code  Gb  control.o [1]
Master_Adc_Config       0x1fff04dc    0x10  Data  Gb  adc.o [1]
Motor_Lock              0x1fff0786     0x2  Data  Gb  main.o [1]
Motor_init              0x0000485b    0xc8  Code  Gb  pwm.o [1]
PID_SetKpid             0x00004a39    0x14  Code  Gb  PID.o [1]
PID_SetPoint            0x00004a31     0x8  Code  Gb  PID.o [1]
PixelAverage            0x0000333f    0x28  Code  Gb  control.o [1]
PixelAverageValue_Front
                        0x1fff078c     0x1  Data  Gb  control.o [1]
PixelAverageVoltageError
                        0x1fff0770     0x2  Data  Gb  control.o [1]
PixelAverageVoltage_Front
                        0x1fff078d     0x1  Data  Gb  control.o [1]
Pixel_F                 0x1fff068c    0x80  Data  Gb  isr.o [1]
Region$$Table$$Base     0x00005c44           --   Gb  - Linker created -
Region$$Table$$Limit    0x00005c54           --   Gb  - Linker created -
SamplingDelay           0x00003ce5    0x24  Code  Gb  control.o [1]
SendHex                 0x00003c75    0x56  Code  Gb  control.o [1]
SendImageData           0x00003c11    0x64  Code  Gb  control.o [1]
Servo_Lock              0x1fff0788     0x2  Data  Gb  main.o [1]
SetServoVoltage         0x00003d09    0xd6  Code  Gb  control.o [1]
Speed_PID               0x00003e59    0x90  Code  Gb  control.o [1]
StartIntegrationFront   0x00003113    0xac  Code  Gb  control.o [1]
TIME1flag_20ms          0x1fff0791     0x1  Data  Gb  isr.o [1]
TargetPixelAverageVoltage
                        0x1fff041a     0x2  Data  Gb  control.o [1]
TargetPixelAverageVoltageAllowError
                        0x1fff041c     0x2  Data  Gb  control.o [1]
TimerCnt20ms            0x1fff078f     0x1  Data  Lc  isr.o [1]
__BOOT_STACK_ADDRESS {Abs}
                        0x2000fff8           --   Gb  command line/config [2]
__PID                   0x1fff04b8    0x1c  Data  Gb  PID.o [1]
__VECTOR_RAM {Abs}      0x1fff0000           --   Gb  command line/config [2]
__VECTOR_TABLE {Abs}    0x00000000           --   Gb  command line/config [2]
__aeabi_d2f             0x00003041          Code  Gb  DblToFlt.o [4]
__aeabi_dadd            0x00002f59          Code  Gb  DblAdd.o [4]
__aeabi_f2d             0x00002ee9          Code  Gb  FltToDbl.o [4]
__aeabi_f2iz            0x00002ea5          Code  Gb  FltToS32.o [4]
__aeabi_fadd            0x00004f09          Code  Gb  FltAdd.o [4]
__aeabi_fdiv            0x00005075          Code  Gb  FltDiv.o [4]
__aeabi_fmul            0x00002dcd          Code  Gb  FltMul.o [4]
__aeabi_fsub            0x00004f8d          Code  Gb  FltSub.o [4]
__aeabi_i2f             0x00004ed9          Code  Gb  I32ToFlt.o [4]
__cmain                 0x00005c55          Code  Gb  cmain.o [5]
__exit                  0x00005c81    0x14  Code  Gb  exit.o [6]
__iar_SB                0x00005e28          Data  Gb  bwt_init3c.o [5]
__iar_dadd              0x00002f6d          Code  Gb  DblAdd.o [4]
__iar_data_init3        0x00005c19    0x2c  Code  Gb  data_init3.o [5]
__iar_dsub              0x00004b91          Code  Gb  DblSub.o [4]
__iar_dsubStart         0x00004ba3          Code  Gb  DblSub.o [4]
__iar_fadd              0x00004f19          Code  Gb  FltAdd.o [4]
__iar_fsub              0x00004f9d          Code  Gb  FltSub.o [4]
__iar_fsubStart         0x00004fad          Code  Gb  FltSub.o [4]
__iar_program_start     0x00005cf5          Code  Gb  cstartup_M.o [5]
__iar_ui2f              0x00004eed          Code  Gb  I32ToFlt.o [4]
__iar_zero_init3        0x00002f37    0x22  Code  Gb  zero_init3.o [5]
__low_level_init        0x00005c6b     0x4  Code  Gb  low_level_init.o [3]
__startup               0x00000411          Code  Gb  crt0.o [1]
__vector_table          0x00000000   0x410  Data  Gb  vectors.o [1]
_call_main              0x00005c61          Code  Gb  cmain.o [5]
_exit                   0x00005c75          Code  Gb  cexit.o [5]
_main                   0x00005c67          Code  Gb  cmain.o [5]
binaryzation            0x00003371   0x274  Code  Gb  control.o [1]
chafang                 0x1fff05bc    0xc8  Data  Gb  control.o [1]
cl_f                    0x1fff073a     0x2  Data  Gb  control.o [1]
cl_f_long               0x1fff0780     0x2  Data  Gb  main.o [1]
common_startup          0x00005a9d    0x74  Code  Gb  start.o [1]
core_clk_khz            0x1fff0718     0x4  Data  Gb  sysinit.o [1]
core_clk_mhz            0x1fff071c     0x4  Data  Gb  sysinit.o [1]
d_err1                  0x1fff075a     0x2  Data  Gb  control.o [1]
d_err2                  0x1fff075c     0x2  Data  Gb  control.o [1]
d_err3                  0x1fff075e     0x2  Data  Gb  control.o [1]
d_err4                  0x1fff0760     0x2  Data  Gb  control.o [1]
d_err5                  0x1fff0762     0x2  Data  Gb  control.o [1]
d_err6                  0x1fff0764     0x2  Data  Gb  control.o [1]
d_err7                  0x1fff0766     0x2  Data  Gb  control.o [1]
d_err8                  0x1fff0768     0x2  Data  Gb  control.o [1]
d_err9                  0x1fff076a     0x2  Data  Gb  control.o [1]
default_isr             0x00004077     0x2  Code  Gb  vectors.o [1]
delay_ms                0x00002d85    0x38  Code  Gb  delay.o [1]
enable_irq              0x00004293    0x90  Code  Gb  common.o [1]
enable_pit_interrupt    0x00004b37    0x4c  Code  Gb  pit.o [1]
exit                    0x00005c6f     0x4  Code  Gb  exit.o [3]
fangcha                 0x1fff0778     0x2  Data  Gb  control.o [1]
fangcha_hou             0x1fff077c     0x2  Data  Gb  control.o [1]
fangcha_qian            0x1fff077a     0x2  Data  Gb  control.o [1]
fb_clk_init             0x000057c7    0x16  Code  Gb  sysinit.o [1]
fch_dp1                 0x1fff0420     0x2  Data  Gb  main.o [1]
fch_dp2                 0x1fff0422     0x2  Data  Gb  main.o [1]
front_OFFSET            0x1fff0744     0x2  Data  Gb  control.o [1]
front_OFFSET_KZ         0x1fff073e     0x2  Data  Gb  control.o [1]
front_OFFSET_KZ_pre     0x1fff0742     0x2  Data  Gb  control.o [1]
front_OFFSET_pre1       0x1fff0746     0x2  Data  Gb  control.o [1]
front_OFFSET_pre10      0x1fff0758     0x2  Data  Gb  control.o [1]
front_OFFSET_pre2       0x1fff0748     0x2  Data  Gb  control.o [1]
front_OFFSET_pre3       0x1fff074a     0x2  Data  Gb  control.o [1]
front_OFFSET_pre4       0x1fff074c     0x2  Data  Gb  control.o [1]
front_OFFSET_pre5       0x1fff074e     0x2  Data  Gb  control.o [1]
front_OFFSET_pre6       0x1fff0750     0x2  Data  Gb  control.o [1]
front_OFFSET_pre7       0x1fff0752     0x2  Data  Gb  control.o [1]
front_OFFSET_pre8       0x1fff0754     0x2  Data  Gb  control.o [1]
front_OFFSET_pre9       0x1fff0756     0x2  Data  Gb  control.o [1]
front_l                 0x1fff0728     0x2  Data  Gb  control.o [1]
front_l_last            0x1fff0730     0x2  Data  Gb  control.o [1]
front_l_long            0x1fff0782     0x2  Data  Gb  main.o [1]
front_l_pre             0x1fff0734     0x2  Data  Gb  control.o [1]
front_l_reference       0x1fff073c     0x2  Data  Gb  control.o [1]
front_max               0x1fff072a     0x2  Data  Gb  control.o [1]
front_min               0x1fff072c     0x2  Data  Gb  control.o [1]
front_r                 0x1fff0414     0x2  Data  Gb  control.o [1]
front_r_last            0x1fff0732     0x2  Data  Gb  control.o [1]
front_r_long            0x1fff0784     0x2  Data  Gb  main.o [1]
front_r_pre             0x1fff0736     0x2  Data  Gb  control.o [1]
front_r_reference       0x1fff0416     0x2  Data  Gb  control.o [1]
front_reference         0x1fff0740     0x2  Data  Gb  control.o [1]
front_width             0x1fff0738     0x2  Data  Gb  control.o [1]
g_fDirectionControlOutNew
                        0x1fff04f0     0x4  Data  Gb  control.o [1]
g_fDirectionControlOutOld
                        0x1fff04ec     0x4  Data  Gb  control.o [1]
g_n1msEventCount        0x1fff078e     0x1  Data  Gb  isr.o [1]
g_nDirectionControlPeriod
                        0x1fff0726     0x2  Data  Gb  control.o [1]
g_nMotorPulse           0x1fff0724     0x2  Data  Gb  control.o [1]
g_nMotorPulseSigma      0x1fff076e     0x2  Data  Gb  control.o [1]
g_nSpeedControlCount    0x1fff0790     0x1  Data  Gb  isr.o [1]
get_front               0x000035e5   0x43c  Code  Gb  control.o [1]
gpio_init               0x00003fd5    0x7a  Code  Gb  gpio.o [1]
gpio_read               0x00004069     0xe  Code  Gb  gpio.o [1]
high_aver               0x1fff0772     0x2  Data  Gb  control.o [1]
hw_ad_once              0x00004d4b    0x4a  Code  Gb  adc.o [1]
hw_adc_config_alt       0x00004e91    0x26  Code  Gb  adc.o [1]
hw_adc_convertstart     0x00004d95    0xfc  Code  Gb  adc.o [1]
hw_adc_init             0x00004cfd    0x4e  Code  Gb  adc.o [1]
hw_pit_init             0x00004ad9    0x5e  Code  Gb  pit.o [1]
integration_piont_Front
                        0x1fff0792     0x1  Data  Gb  main.o [1]
key_no                  0x1fff0466     0x1  Data  Gb  main.o [1]
key_num                 0x1fff0465     0x1  Data  Gb  main.o [1]
keyboard_scan           0x00002a75   0x306  Code  Gb  button.o [1]
low_aver                0x1fff0774     0x2  Data  Gb  control.o [1]
main                    0x0000044d  0x1f10  Code  Gb  main.o [1]
matrix_keyboard_init    0x000029f5    0x80  Code  Gb  button.o [1]
periph_clk_khz          0x1fff0720     0x4  Data  Gb  sysinit.o [1]
pit0_isr                0x00005979   0x110  Code  Gb  isr.o [1]
pll_init                0x000057dd   0x15a  Code  Gb  sysinit.o [1]
pulse_count             0x1fff0684     0x4  Data  Gb  control.o [1]
route                   0x1fff04f4    0xc8  Data  Gb  control.o [1]
route_ave               0x1fff0776     0x2  Data  Gb  control.o [1]
route_type              0x00003a29   0x1c0  Code  Gb  control.o [1]
sPID                    0x1fff0410     0x4  Data  Gb  PID.o [1]
servo_duty              0x1fff0418     0x2  Data  Gb  control.o [1]
set_irq_priority        0x00004341    0x1a  Code  Gb  common.o [1]
set_sys_dividers        0x1fff046d    0x4c  Code  Gb  sysinit.o [1]
showcnt                 0x1fff0793     0x1  Data  Gb  main.o [1]
sina                    0x1fff0464     0x1  Data  Gb  main.o [1]
speed                   0x1fff045c     0x2  Data  Gb  main.o [1]
speed_B                 0x1fff0462     0x2  Data  Gb  main.o [1]
speed_H                 0x1fff045e     0x2  Data  Gb  main.o [1]
speed_L                 0x1fff0460     0x2  Data  Gb  main.o [1]
speed_pwm               0x1fff0688     0x4  Data  Gb  control.o [1]
speedflag               0x1fff077e     0x2  Data  Gb  isr.o [1]
start                   0x00005a89    0x14  Code  Gb  start.o [1]
sysinit                 0x00005769    0x48  Code  Gb  sysinit.o [1]
system_init             0x0000238d    0x86  Code  Gb  main.o [1]
trace_clk_init          0x000057b1    0x16  Code  Gb  sysinit.o [1]
uart_init               0x00004079   0x1ba  Code  Gb  uart.o [1]
uart_send1              0x00004233     0xa  Code  Gb  uart.o [1]
wdog_disable            0x00005b39    0x16  Code  Gb  wdog.o [1]
wdog_unlock             0x00005b51    0x16  Code  Gb  wdog.o [1]
write_vtor              0x0000428d     0x6  Code  Gb  common.o [1]
zhming                  0x1fff0467     0x1  Data  Gb  main.o [1]


[1] = D:\FREESCALE智能车竞赛\freescale(九)\程序\PhotoelectricCar V1.2 NCar\bin\Flash\Obj
[2] = command line
[3] = dl7M_tln.a
[4] = m7M_tl.a
[5] = rt7M_tl.a
[6] = shb_l.a

  20 968 bytes of readonly  code memory
      76 bytes of readwrite code memory
   3 136 bytes of readonly  data memory
     821 bytes of readwrite data memory

Errors: none
Warnings: none
