###############################################################################
#                                                                             #
# IAR ELF Linker V6.30.4.53288/W32 for ARM              02/Mar/2014  21:19:25 #
# Copyright 2007-2011 IAR Systems AB.                                         #
#                                                                             #
#    Output file  =  D:\FREESCALE智能车竞赛\freescale(九)\程序\PhotoelectricC #
#                    ar V1.1\bin\Ram\Exe\PhotoelectricCar V1.1.out            #
#    Map file     =  D:\FREESCALE智能车竞赛\freescale(九)\程序\PhotoelectricC #
#                    ar V1.1\bin\Ram\List\PhotoelectricCar V1.1.map           #
#    Command line =  "D:\FREESCALE智能车竞赛\freescale(九)\程序\Photoelectric #
#                    Car V1.1\bin\Ram\Obj\I2C.o"                              #
#                    "D:\FREESCALE智能车竞赛\freescale(九)\程序\Photoelectric #
#                    Car V1.1\bin\Ram\Obj\LQ12864.o"                          #
#                    "D:\FREESCALE智能车竞赛\freescale(九)\程序\Photoelectric #
#                    Car V1.1\bin\Ram\Obj\adc.o"                              #
#                    "D:\FREESCALE智能车竞赛\freescale(九)\程序\Photoelectric #
#                    Car V1.1\bin\Ram\Obj\common.o"                           #
#                    "D:\FREESCALE智能车竞赛\freescale(九)\程序\Photoelectric #
#                    Car V1.1\bin\Ram\Obj\control.o"                          #
#                    "D:\FREESCALE智能车竞赛\freescale(九)\程序\Photoelectric #
#                    Car V1.1\bin\Ram\Obj\crt0.o"                             #
#                    "D:\FREESCALE智能车竞赛\freescale(九)\程序\Photoelectric #
#                    Car V1.1\bin\Ram\Obj\decoder.o"                          #
#                    "D:\FREESCALE智能车竞赛\freescale(九)\程序\Photoelectric #
#                    Car V1.1\bin\Ram\Obj\delay.o"                            #
#                    "D:\FREESCALE智能车竞赛\freescale(九)\程序\Photoelectric #
#                    Car V1.1\bin\Ram\Obj\gpio.o"                             #
#                    "D:\FREESCALE智能车竞赛\freescale(九)\程序\Photoelectric #
#                    Car V1.1\bin\Ram\Obj\isr.o"                              #
#                    "D:\FREESCALE智能车竞赛\freescale(九)\程序\Photoelectric #
#                    Car V1.1\bin\Ram\Obj\light.o"                            #
#                    "D:\FREESCALE智能车竞赛\freescale(九)\程序\Photoelectric #
#                    Car V1.1\bin\Ram\Obj\main.o"                             #
#                    "D:\FREESCALE智能车竞赛\freescale(九)\程序\Photoelectric #
#                    Car V1.1\bin\Ram\Obj\pit.o"                              #
#                    "D:\FREESCALE智能车竞赛\freescale(九)\程序\Photoelectric #
#                    Car V1.1\bin\Ram\Obj\pwm.o"                              #
#                    "D:\FREESCALE智能车竞赛\freescale(九)\程序\Photoelectric #
#                    Car V1.1\bin\Ram\Obj\start.o"                            #
#                    "D:\FREESCALE智能车竞赛\freescale(九)\程序\Photoelectric #
#                    Car V1.1\bin\Ram\Obj\sysinit.o"                          #
#                    "D:\FREESCALE智能车竞赛\freescale(九)\程序\Photoelectric #
#                    Car V1.1\bin\Ram\Obj\uart.o"                             #
#                    "D:\FREESCALE智能车竞赛\freescale(九)\程序\Photoelectric #
#                    Car V1.1\bin\Ram\Obj\vectors.o"                          #
#                    "D:\FREESCALE智能车竞赛\freescale(九)\程序\Photoelectric #
#                    Car V1.1\bin\Ram\Obj\wdog.o" --redirect                  #
#                    _Printf=_PrintfFull --redirect _Scanf=_ScanfFull -o      #
#                    "D:\FREESCALE智能车竞赛\freescale(九)\程序\Photoelectric #
#                    Car V1.1\bin\Ram\Exe\PhotoelectricCar V1.1.out" --map    #
#                    "D:\FREESCALE智能车竞赛\freescale(九)\程序\Photoelectric #
#                    Car V1.1\bin\Ram\List\PhotoelectricCar V1.1.map"         #
#                    --config "D:\FREESCALE智能车竞赛\freescale(九)\程序\Phot #
#                    oelectricCar V1.1\src\Project_Settings\Link\Ram.icf"     #
#                    --semihosting --entry __iar_program_start --vfe          #
#                                                                             #
#                                                                             #
###############################################################################

*******************************************************************************
*** RUNTIME MODEL ATTRIBUTES
***

CppFlavor       = *
__SystemLibrary = DLib


*******************************************************************************
*** PLACEMENT SUMMARY
***

"A1":  place at 0x1fff0000 { ro section .intvec };
"A2":  place at 0x1fff0410 { ro section .noinit };
"P1":  place in [from 0x1fff0000 to 0x20010000] { ro, block CodeRelocate };
"P2":  place in [from 0x1fff0000 to 0x20010000] {
          rw, block CodeRelocateRam, block CSTACK, block HEAP };

  Section              Kind        Address    Size  Object
  -------              ----        -------    ----  ------
"A1":                                        0x410
  .intvec              const    0x1fff0000   0x410  vectors.o [1]
                              - 0x1fff0410   0x410

"A2":                                         0x3c
  .noinit              ro code  0x1fff0410    0x3c  crt0.o [1]
                              - 0x1fff044c    0x3c

"P1":                                       0x2a08
  .text                ro code  0x1fff044c   0xa4c  control.o [1]
  .text                ro code  0x1fff0e98    0x94  gpio.o [1]
  .text                ro code  0x1fff0f2c   0x1dc  adc.o [1]
  .text                ro code  0x1fff1108   0x398  LQ12864.o [1]
  .text                ro code  0x1fff14a0    0x84  FltAdd.o [4]
  .text                ro code  0x1fff1524    0x2e  I32ToFlt.o [4]
  .text                ro code  0x1fff1552    0x22  zero_init3.o [5]
  .text                ro code  0x1fff1574    0xd8  FltMul.o [4]
  .text                ro code  0x1fff164c    0xe6  FltSub.o [4]
  .text                ro code  0x1fff1732     0x2  vectors.o [1]
  .text                ro code  0x1fff1734    0x44  FltToS32.o [4]
  .text                ro code  0x1fff1778   0x664  pwm.o [1]
  .text                ro code  0x1fff1ddc    0x24  FltCmpGe.o [4]
  .text                ro code  0x1fff1e00    0x24  FltCmpLe.o [4]
  .text                ro code  0x1fff1e24    0x48  delay.o [1]
  .rodata              const    0x1fff1e6c   0x5f0  LQ12864.o [1]
  .text                ro code  0x1fff245c   0x210  sysinit.o [1]
  .text                ro code  0x1fff266c   0x20c  uart.o [1]
  .text                ro code  0x1fff2878   0x194  main.o [1]
  .text                ro code  0x1fff2a0c    0xb8  pit.o [1]
  .text                ro code  0x1fff2ac4    0xb4  common.o [1]
  .text                ro code  0x1fff2b78   0x108  isr.o [1]
  .text                ro code  0x1fff2c80    0xb0  start.o [1]
  .text                ro code  0x1fff2d30    0x38  wdog.o [1]
  CodeRelocate                  0x1fff2d68    0x4c  <Block>
    Initializer bytes  ro data  0x1fff2d68    0x4c  <for CodeRelocateRam-1>
  .text                ro code  0x1fff2db4    0x2c  data_init3.o [5]
  .iar.init_table      const    0x1fff2de0    0x10  - Linker created -
  .text                ro code  0x1fff2df0    0x16  cmain.o [5]
  .text                ro code  0x1fff2e06     0x4  low_level_init.o [3]
  .text                ro code  0x1fff2e0a     0x4  exit.o [3]
  .text                ro code  0x1fff2e10     0xa  cexit.o [5]
  .text                ro code  0x1fff2e1c    0x14  exit.o [6]
  .data_init                    0x1fff2e30    0x18  <Block>
    Initializer bytes  ro data  0x1fff2e30    0x18  <for .data-1>
  .text                ro code  0x1fff2e48     0xc  cstartup_M.o [5]
  .rodata              const    0x1fff2e54     0x0  bwt_init3c.o [5]
                              - 0x1fff2e54  0x2a08

"P2", part 1 of 2:                            0x64
  CodeRelocateRam               0x1fff2e54    0x4c  <Block>
    CodeRelocateRam-1           0x1fff2e54    0x4c  <Init block>
      .textrw          inited   0x1fff2e54    0x4c  sysinit.o [1]
  .data                         0x1fff2ea0    0x18  <Block>
    .data-1                     0x1fff2ea0    0x16  <Init block>
      .data            inited   0x1fff2ea0     0x2  control.o [1]
      .data            inited   0x1fff2ea2     0x2  control.o [1]
      .data            inited   0x1fff2ea4     0x2  control.o [1]
      .data            inited   0x1fff2ea8     0x4  control.o [1]
      .data            inited   0x1fff2eac     0x4  control.o [1]
      .data            inited   0x1fff2eb0     0x2  control.o [1]
      .data            inited   0x1fff2eb2     0x2  control.o [1]
      .data            inited   0x1fff2eb4     0x1  control.o [1]
      .data            inited   0x1fff2eb5     0x1  control.o [1]
                              - 0x1fff2eb8    0x64

"P2", part 2 of 2:                           0x14f
  .bss                          0x1fff2eb8   0x14f  <Block>
    .bss               zero     0x1fff2eb8    0x10  adc.o [1]
    .bss               zero     0x1fff2ec8    0x80  isr.o [1]
    .bss               zero     0x1fff2f48    0x80  isr.o [1]
    .bss               zero     0x1fff2fc8     0x4  pwm.o [1]
    .bss               zero     0x1fff2fcc     0x4  pwm.o [1]
    .bss               zero     0x1fff2fd0     0x4  pwm.o [1]
    .bss               zero     0x1fff2fd4     0x4  sysinit.o [1]
    .bss               zero     0x1fff2fd8     0x4  sysinit.o [1]
    .bss               zero     0x1fff2fdc     0x4  sysinit.o [1]
    .bss               zero     0x1fff2fe0     0x2  control.o [1]
    .bss               zero     0x1fff2fe2     0x2  control.o [1]
    .bss               zero     0x1fff2fe4     0x2  control.o [1]
    .bss               zero     0x1fff2fe6     0x2  control.o [1]
    .bss               zero     0x1fff2fe8     0x2  control.o [1]
    .bss               zero     0x1fff2fea     0x2  control.o [1]
    .bss               zero     0x1fff2fec     0x2  control.o [1]
    .bss               zero     0x1fff2fee     0x2  control.o [1]
    .bss               zero     0x1fff2ff0     0x2  control.o [1]
    .bss               zero     0x1fff2ff2     0x2  control.o [1]
    .bss               zero     0x1fff2ff4     0x2  control.o [1]
    .bss               zero     0x1fff2ff6     0x2  control.o [1]
    .bss               zero     0x1fff2ff8     0x2  control.o [1]
    .bss               zero     0x1fff2ffa     0x2  main.o [1]
    .bss               zero     0x1fff2ffc     0x1  control.o [1]
    .bss               zero     0x1fff2ffd     0x1  control.o [1]
    .bss               zero     0x1fff2ffe     0x1  control.o [1]
    .bss               zero     0x1fff2fff     0x1  control.o [1]
    .bss               zero     0x1fff3000     0x1  isr.o [1]
    .bss               zero     0x1fff3001     0x1  isr.o [1]
    .bss               zero     0x1fff3002     0x1  isr.o [1]
    .bss               zero     0x1fff3003     0x1  main.o [1]
    .bss               zero     0x1fff3004     0x1  main.o [1]
    .bss               zero     0x1fff3005     0x1  main.o [1]
    .bss               zero     0x1fff3006     0x1  main.o [1]
                              - 0x1fff3007   0x14f


*******************************************************************************
*** INIT TABLE
***

          Address     Size
          -------     ----
Zero (__iar_zero_init3)
    1 destination range, total size 0x14f:
          0x1fff2eb8  0x14f



*******************************************************************************
*** MODULE SUMMARY
***

    Module            ro code  rw code  ro data  rw data
    ------            -------  -------  -------  -------
D:\FREESCALE智能车竞赛\freescale(九)\程序\PhotoelectricCar V1.1\bin\Ram\Obj: [1]
    LQ12864.o             920             1 520
    adc.o                 476                         16
    common.o              180
    control.o           2 636                22       50
    crt0.o                 60
    delay.o                72
    gpio.o                148
    isr.o                 264                        259
    main.o                404                          6
    pit.o                 184
    pwm.o               1 636                         12
    start.o               176
    sysinit.o             528       76       76       12
    uart.o                524
    vectors.o               2             1 040
    wdog.o                 56
    ----------------------------------------------------
    Total:              8 266       76    2 658      355

command line: [2]
    ----------------------------------------------------
    Total:

dl7M_tln.a: [3]
    exit.o                  4
    low_level_init.o        4
    ----------------------------------------------------
    Total:                  8

m7M_tl.a: [4]
    FltAdd.o              132
    FltCmpGe.o             36
    FltCmpLe.o             36
    FltMul.o              216
    FltSub.o              230
    FltToS32.o             68
    I32ToFlt.o             46
    ----------------------------------------------------
    Total:                764

rt7M_tl.a: [5]
    bwt_init3c.o
    cexit.o                10
    cmain.o                22
    cstartup_M.o           12
    data_init3.o           44
    zero_init3.o           34
    ----------------------------------------------------
    Total:                122

shb_l.a: [6]
    exit.o                 20
    ----------------------------------------------------
    Total:                 20

    Gaps                    4                          2
    Linker created                           18
--------------------------------------------------------
    Grand Total:        9 184       76    2 676      357


*******************************************************************************
*** ENTRY LIST
***

Entry                      Address   Size  Type      Object
-----                      -------   ----  ----      ------
.bss$$Base              0x1fff2eb8          --   Gb  - Linker created -
.bss$$Limit             0x1fff3007          --   Gb  - Linker created -
.data$$Base             0x1fff2ea0          --   Gb  - Linker created -
.data$$Limit            0x1fff2eb8          --   Gb  - Linker created -
.data_init$$Base        0x1fff2e30          --   Gb  - Linker created -
.data_init$$Limit       0x1fff2e48          --   Gb  - Linker created -
?main                   0x1fff2df1         Code  Gb  cmain.o [5]
CCD_init                0x1fff044d   0x42  Code  Gb  control.o [1]
CalculateIntegrationTimeBack
                        0x1fff086f   0xa6  Code  Gb  control.o [1]
CalculateIntegrationTimeFront
                        0x1fff07c9   0xa6  Code  Gb  control.o [1]
CodeRelocate$$Base      0x1fff2d68          --   Gb  - Linker created -
CodeRelocate$$Limit     0x1fff2db4          --   Gb  - Linker created -
CodeRelocateRam$$Base   0x1fff2e54          --   Gb  - Linker created -
CodeRelocateRam$$Limit  0x1fff2ea0          --   Gb  - Linker created -
D_err                   0x1fff2ff6    0x2  Data  Gb  control.o [1]
F8X16                   0x1fff1e6c  0x5f0  Data  Gb  LQ12864.o [1]
FTM_MOD0                0x1fff2fc8    0x4  Data  Gb  pwm.o [1]
FTM_MOD1                0x1fff2fcc    0x4  Data  Gb  pwm.o [1]
FTM_MOD2                0x1fff2fd0    0x4  Data  Gb  pwm.o [1]
FTM_PWM_ChangeDuty      0x1fff1bb7   0xb6  Code  Gb  pwm.o [1]
FTM_PWM_Init            0x1fff1779  0x2ea  Code  Gb  pwm.o [1]
FTM_PWM_Open            0x1fff1a63  0x154  Code  Gb  pwm.o [1]
ImageCapture_B          0x1fff06ef   0xda  Code  Gb  control.o [1]
ImageCapture_F          0x1fff0615   0xda  Code  Gb  control.o [1]
IntegrationTime_Back    0x1fff2eb5    0x1  Data  Gb  control.o [1]
IntegrationTime_Front   0x1fff2eb4    0x1  Data  Gb  control.o [1]
Kd                      0x1fff2eac    0x4  Data  Gb  control.o [1]
KeyScan                 0x1fff0dd3   0x34  Code  Gb  control.o [1]
Kp_real                 0x1fff2ea8    0x4  Data  Gb  control.o [1]
LCD_DLY_ms              0x1fff126b   0x1a  Code  Gb  LQ12864.o [1]
LCD_Fill                0x1fff122f   0x3c  Code  Gb  LQ12864.o [1]
LCD_Init                0x1fff1285  0x13a  Code  Gb  LQ12864.o [1]
LCD_P8x16_number        0x1fff13bf   0xc4  Code  Gb  LQ12864.o [1]
LCD_Set_Pos             0x1fff1203   0x2c  Code  Gb  LQ12864.o [1]
LCD_WrCmd               0x1fff1189   0x7a  Code  Gb  LQ12864.o [1]
LCD_WrDat               0x1fff1109   0x7e  Code  Gb  LQ12864.o [1]
LCD_show                0x1fff0c17   0x34  Code  Gb  control.o [1]
Master_Adc_Config       0x1fff2eb8   0x10  Data  Gb  adc.o [1]
Motor_Lock              0x1fff2ffa    0x2  Data  Gb  main.o [1]
Motor_init              0x1fff1c6d   0xd4  Code  Gb  pwm.o [1]
PixelAverage            0x1fff0915   0x28  Code  Gb  control.o [1]
PixelAverageValue_Back  0x1fff2ffe    0x1  Data  Gb  control.o [1]
PixelAverageValue_Front
                        0x1fff2ffc    0x1  Data  Gb  control.o [1]
PixelAverageVoltageError
                        0x1fff2ff8    0x2  Data  Gb  control.o [1]
PixelAverageVoltage_Back
                        0x1fff2fff    0x1  Data  Gb  control.o [1]
PixelAverageVoltage_Front
                        0x1fff2ffd    0x1  Data  Gb  control.o [1]
Pixel_B                 0x1fff2f48   0x80  Data  Gb  isr.o [1]
Pixel_F                 0x1fff2ec8   0x80  Data  Gb  isr.o [1]
Region$$Table$$Base     0x1fff2de0          --   Gb  - Linker created -
Region$$Table$$Limit    0x1fff2df0          --   Gb  - Linker created -
SamplingDelay           0x1fff0c4d   0x24  Code  Gb  control.o [1]
SetMotorVoltage         0x1fff0d4d   0x86  Code  Gb  control.o [1]
SetServoVoltage         0x1fff0c71   0xce  Code  Gb  control.o [1]
StartIntegrationBack    0x1fff0569   0xac  Code  Gb  control.o [1]
StartIntegrationFront   0x1fff04bd   0xac  Code  Gb  control.o [1]
TIME1flag_20ms          0x1fff3002    0x1  Data  Gb  isr.o [1]
TargetPixelAverageVoltage
                        0x1fff2eb0    0x2  Data  Gb  control.o [1]
TargetPixelAverageVoltageAllowError
                        0x1fff2eb2    0x2  Data  Gb  control.o [1]
TimerCnt20ms            0x1fff3001    0x1  Data  Lc  isr.o [1]
__BOOT_STACK_ADDRESS {Abs}
                        0x2000fff8          --   Gb  command line/config [2]
__VECTOR_RAM {Abs}      0x1fff0000          --   Gb  command line/config [2]
__VECTOR_TABLE {Abs}    0x1fff0000          --   Gb  command line/config [2]
__aeabi_cfcmple         0x1fff1e01         Code  Gb  FltCmpLe.o [4]
__aeabi_cfrcmple        0x1fff1ddd         Code  Gb  FltCmpGe.o [4]
__aeabi_f2iz            0x1fff1735         Code  Gb  FltToS32.o [4]
__aeabi_fadd            0x1fff14a1         Code  Gb  FltAdd.o [4]
__aeabi_fmul            0x1fff1575         Code  Gb  FltMul.o [4]
__aeabi_fsub            0x1fff164d         Code  Gb  FltSub.o [4]
__aeabi_i2f             0x1fff1525         Code  Gb  I32ToFlt.o [4]
__cmain                 0x1fff2df1         Code  Gb  cmain.o [5]
__exit                  0x1fff2e1d   0x14  Code  Gb  exit.o [6]
__iar_SB                0x1fff2e54         Data  Gb  bwt_init3c.o [5]
__iar_data_init3        0x1fff2db5   0x2c  Code  Gb  data_init3.o [5]
__iar_fadd              0x1fff14b1         Code  Gb  FltAdd.o [4]
__iar_fsub              0x1fff165d         Code  Gb  FltSub.o [4]
__iar_fsubStart         0x1fff166d         Code  Gb  FltSub.o [4]
__iar_program_start     0x1fff2e49         Code  Gb  cstartup_M.o [5]
__iar_ui2f              0x1fff1539         Code  Gb  I32ToFlt.o [4]
__iar_zero_init3        0x1fff1553   0x22  Code  Gb  zero_init3.o [5]
__low_level_init        0x1fff2e07    0x4  Code  Gb  low_level_init.o [3]
__startup               0x1fff0411         Code  Gb  crt0.o [1]
__vector_table          0x1fff0000  0x410  Data  Gb  vectors.o [1]
_call_main              0x1fff2dfd         Code  Gb  cmain.o [5]
_exit                   0x1fff2e11         Code  Gb  cexit.o [5]
_main                   0x1fff2e03         Code  Gb  cmain.o [5]
a                       0x1fff3005    0x1  Data  Gb  main.o [1]
back_OFFSET             0x1fff2fee    0x2  Data  Gb  control.o [1]
back_reference          0x1fff2ff2    0x2  Data  Gb  control.o [1]
button_init             0x1fff048f   0x2e  Code  Gb  control.o [1]
cl_b                    0x1fff2fe4    0x2  Data  Gb  control.o [1]
cl_b_long               0x1fff2fea    0x2  Data  Gb  control.o [1]
cl_f                    0x1fff2fe6    0x2  Data  Gb  control.o [1]
cl_f_long               0x1fff2fe8    0x2  Data  Gb  control.o [1]
common_startup          0x1fff2c95   0x74  Code  Gb  start.o [1]
core_clk_khz            0x1fff2fd4    0x4  Data  Gb  sysinit.o [1]
core_clk_mhz            0x1fff2fd8    0x4  Data  Gb  sysinit.o [1]
default_isr             0x1fff1733    0x2  Code  Gb  vectors.o [1]
delay_ms                0x1fff1e25   0x38  Code  Gb  delay.o [1]
enable_irq              0x1fff2acb   0x90  Code  Gb  common.o [1]
enable_pit_interrupt    0x1fff2a6b   0x4c  Code  Gb  pit.o [1]
exit                    0x1fff2e0b    0x4  Code  Gb  exit.o [3]
fb_clk_init             0x1fff24bb   0x16  Code  Gb  sysinit.o [1]
front_OFFSET            0x1fff2fec    0x2  Data  Gb  control.o [1]
front_OFFSET_pre        0x1fff2ff4    0x2  Data  Gb  control.o [1]
front_l                 0x1fff2ea0    0x2  Data  Gb  control.o [1]
front_l_pre             0x1fff2fe0    0x2  Data  Gb  control.o [1]
front_r                 0x1fff2ea2    0x2  Data  Gb  control.o [1]
front_r_pre             0x1fff2fe2    0x2  Data  Gb  control.o [1]
front_reference         0x1fff2ff0    0x2  Data  Gb  control.o [1]
g_n1msEventCount        0x1fff3000    0x1  Data  Gb  isr.o [1]
get_back                0x1fff0b7f   0x98  Code  Gb  control.o [1]
get_front               0x1fff093d  0x242  Code  Gb  control.o [1]
gpio_init               0x1fff0e99   0x7a  Code  Gb  gpio.o [1]
hw_ad_once              0x1fff0f7b   0x4a  Code  Gb  adc.o [1]
hw_adc_config_alt       0x1fff10c1   0x26  Code  Gb  adc.o [1]
hw_adc_convertstart     0x1fff0fc5   0xfc  Code  Gb  adc.o [1]
hw_adc_init             0x1fff0f2d   0x4e  Code  Gb  adc.o [1]
hw_pit_init             0x1fff2a0d   0x5e  Code  Gb  pit.o [1]
integration_piont_Back  0x1fff3004    0x1  Data  Gb  main.o [1]
integration_piont_Front
                        0x1fff3003    0x1  Data  Gb  main.o [1]
main                    0x1fff2879   0xfe  Code  Gb  main.o [1]
periph_clk_khz          0x1fff2fdc    0x4  Data  Gb  sysinit.o [1]
pit0_isr                0x1fff2b79  0x108  Code  Gb  isr.o [1]
pll_init                0x1fff24d1  0x15a  Code  Gb  sysinit.o [1]
servo_duty              0x1fff2ea4    0x2  Data  Gb  control.o [1]
set_sys_dividers        0x1fff2e55   0x4c  Code  Gb  sysinit.o [1]
showcnt                 0x1fff3006    0x1  Data  Gb  main.o [1]
start                   0x1fff2c81   0x14  Code  Gb  start.o [1]
sysinit                 0x1fff245d   0x48  Code  Gb  sysinit.o [1]
system_init             0x1fff2979   0x56  Code  Gb  main.o [1]
trace_clk_init          0x1fff24a5   0x16  Code  Gb  sysinit.o [1]
uart_init               0x1fff266d  0x1ba  Code  Gb  uart.o [1]
wdog_disable            0x1fff2d31   0x16  Code  Gb  wdog.o [1]
wdog_unlock             0x1fff2d49   0x16  Code  Gb  wdog.o [1]
write_vtor              0x1fff2ac5    0x6  Code  Gb  common.o [1]


[1] = D:\FREESCALE智能车竞赛\freescale(九)\程序\PhotoelectricCar V1.1\bin\Ram\Obj
[2] = command line
[3] = dl7M_tln.a
[4] = m7M_tl.a
[5] = rt7M_tl.a
[6] = shb_l.a

  9 184 bytes of readonly  code memory
     76 bytes of readwrite code memory
  2 676 bytes of readonly  data memory
    357 bytes of readwrite data memory

Errors: none
Warnings: none
