###############################################################################
#                                                                             #
# IAR ELF Linker V6.30.4.53288/W32 for ARM              06/Nov/2013  18:49:33 #
# Copyright 2007-2011 IAR Systems AB.                                         #
#                                                                             #
#    Output file  =  D:\FREESCALE智能车竞赛\freescale(九)\PhotoelectricCar\bi #
#                    n\Ram\Exe\PhotoelectricCar.out                           #
#    Map file     =  D:\FREESCALE智能车竞赛\freescale(九)\PhotoelectricCar\bi #
#                    n\Ram\List\PhotoelectricCar.map                          #
#    Command line =  "D:\FREESCALE智能车竞赛\freescale(九)\PhotoelectricCar\b #
#                    in\Ram\Obj\I2C.o" "D:\FREESCALE智能车竞赛\freescale(九)\ #
#                    PhotoelectricCar\bin\Ram\Obj\LQ12864.o"                  #
#                    "D:\FREESCALE智能车竞赛\freescale(九)\PhotoelectricCar\b #
#                    in\Ram\Obj\adc.o" "D:\FREESCALE智能车竞赛\freescale(九)\ #
#                    PhotoelectricCar\bin\Ram\Obj\common.o"                   #
#                    "D:\FREESCALE智能车竞赛\freescale(九)\PhotoelectricCar\b #
#                    in\Ram\Obj\control.o" "D:\FREESCALE智能车竞赛\freescale( #
#                    九)\PhotoelectricCar\bin\Ram\Obj\crt0.o"                 #
#                    "D:\FREESCALE智能车竞赛\freescale(九)\PhotoelectricCar\b #
#                    in\Ram\Obj\decoder.o" "D:\FREESCALE智能车竞赛\freescale( #
#                    九)\PhotoelectricCar\bin\Ram\Obj\delay.o"                #
#                    "D:\FREESCALE智能车竞赛\freescale(九)\PhotoelectricCar\b #
#                    in\Ram\Obj\gpio.o" "D:\FREESCALE智能车竞赛\freescale(九) #
#                    \PhotoelectricCar\bin\Ram\Obj\isr.o"                     #
#                    "D:\FREESCALE智能车竞赛\freescale(九)\PhotoelectricCar\b #
#                    in\Ram\Obj\light.o" "D:\FREESCALE智能车竞赛\freescale(九 #
#                    )\PhotoelectricCar\bin\Ram\Obj\main.o"                   #
#                    "D:\FREESCALE智能车竞赛\freescale(九)\PhotoelectricCar\b #
#                    in\Ram\Obj\pit.o" "D:\FREESCALE智能车竞赛\freescale(九)\ #
#                    PhotoelectricCar\bin\Ram\Obj\pwm.o"                      #
#                    "D:\FREESCALE智能车竞赛\freescale(九)\PhotoelectricCar\b #
#                    in\Ram\Obj\pwm_servo.o" "D:\FREESCALE智能车竞赛\freescal #
#                    e(九)\PhotoelectricCar\bin\Ram\Obj\start.o"              #
#                    "D:\FREESCALE智能车竞赛\freescale(九)\PhotoelectricCar\b #
#                    in\Ram\Obj\sysinit.o" "D:\FREESCALE智能车竞赛\freescale( #
#                    九)\PhotoelectricCar\bin\Ram\Obj\uart.o"                 #
#                    "D:\FREESCALE智能车竞赛\freescale(九)\PhotoelectricCar\b #
#                    in\Ram\Obj\vectors.o" "D:\FREESCALE智能车竞赛\freescale( #
#                    九)\PhotoelectricCar\bin\Ram\Obj\wdog.o" --redirect      #
#                    _Printf=_PrintfFull --redirect _Scanf=_ScanfFull -o      #
#                    "D:\FREESCALE智能车竞赛\freescale(九)\PhotoelectricCar\b #
#                    in\Ram\Exe\PhotoelectricCar.out" --map                   #
#                    "D:\FREESCALE智能车竞赛\freescale(九)\PhotoelectricCar\b #
#                    in\Ram\List\PhotoelectricCar.map" --config               #
#                    "D:\FREESCALE智能车竞赛\freescale(九)\PhotoelectricCar\s #
#                    rc\Project_Settings\Link\Ram.icf" --semihosting --entry  #
#                    __iar_program_start --vfe                                #
#                                                                             #
#                                                                             #
###############################################################################

*******************************************************************************
*** RUNTIME MODEL ATTRIBUTES
***

CppFlavor       = *
__SystemLibrary = DLib


*******************************************************************************
*** PLACEMENT SUMMARY
***

"A1":  place at 0x1fff0000 { ro section .intvec };
"A2":  place at 0x1fff0410 { ro section .noinit };
"P1":  place in [from 0x1fff0000 to 0x20010000] { ro, block CodeRelocate };
"P2":  place in [from 0x1fff0000 to 0x20010000] {
          rw, block CodeRelocateRam, block CSTACK, block HEAP };

  Section              Kind        Address    Size  Object
  -------              ----        -------    ----  ------
"A1":                                        0x410
  .intvec              const    0x1fff0000   0x410  vectors.o [1]
                              - 0x1fff0410   0x410

"A2":                                         0x3c
  .noinit              ro code  0x1fff0410    0x3c  crt0.o [1]
                              - 0x1fff044c    0x3c

"P1":                                       0x2b9c
  .text                ro code  0x1fff044c   0xad0  control.o [1]
  .text                ro code  0x1fff0f1c    0x94  gpio.o [1]
  .text                ro code  0x1fff0fb0   0x1dc  adc.o [1]
  .text                ro code  0x1fff118c   0x398  LQ12864.o [1]
  .text                ro code  0x1fff1524    0x48  delay.o [1]
  .text                ro code  0x1fff156c    0x24  FltCmpGe.o [4]
  .text                ro code  0x1fff1590    0x2e  I32ToFlt.o [4]
  .text                ro code  0x1fff15be    0x22  zero_init3.o [5]
  .text                ro code  0x1fff15e0    0x4e  FltToDbl.o [4]
  .text                ro code  0x1fff162e     0x2  vectors.o [1]
  .text                ro code  0x1fff1630   0x1a2  DblMul.o [4]
  .text                ro code  0x1fff17d4    0x90  DblToFlt.o [4]
  .text                ro code  0x1fff1864    0x24  FltCmpLe.o [4]
  .text                ro code  0x1fff1888    0x84  FltAdd.o [4]
  .text                ro code  0x1fff190c    0xe6  FltSub.o [4]
  .text                ro code  0x1fff19f4    0xd8  FltMul.o [4]
  .text                ro code  0x1fff1acc    0xfc  FltDiv.o [4]
  .text                ro code  0x1fff1bc8    0x44  FltToS32.o [4]
  .rodata              const    0x1fff1c0c   0x5f0  LQ12864.o [1]
  .text                ro code  0x1fff21fc   0x210  sysinit.o [1]
  .text                ro code  0x1fff240c   0x20c  uart.o [1]
  .text                ro code  0x1fff2618   0x1a4  main.o [1]
  .text                ro code  0x1fff27bc   0x164  pwm.o [1]
  .text                ro code  0x1fff2920   0x114  decoder.o [1]
  .text                ro code  0x1fff2a34    0xb8  pit.o [1]
  .text                ro code  0x1fff2aec    0xb4  common.o [1]
  .text                ro code  0x1fff2ba0   0x148  pwm_servo.o [1]
  .text                ro code  0x1fff2ce8   0x13c  isr.o [1]
  .text                ro code  0x1fff2e24    0xb0  start.o [1]
  .text                ro code  0x1fff2ed4    0x38  wdog.o [1]
  CodeRelocate                  0x1fff2f0c    0x4c  <Block>
    Initializer bytes  ro data  0x1fff2f0c    0x4c  <for CodeRelocateRam-1>
  .text                ro code  0x1fff2f58    0x2c  data_init3.o [5]
  .iar.init_table      const    0x1fff2f84    0x10  - Linker created -
  .text                ro code  0x1fff2f94    0x16  cmain.o [5]
  .text                ro code  0x1fff2faa     0x4  low_level_init.o [3]
  .text                ro code  0x1fff2fae     0x4  exit.o [3]
  .text                ro code  0x1fff2fb4     0xa  cexit.o [5]
  .text                ro code  0x1fff2fc0    0x14  exit.o [6]
  .text                ro code  0x1fff2fd4     0xc  cstartup_M.o [5]
  .data_init                    0x1fff2fe0     0x8  <Block>
    Initializer bytes  ro data  0x1fff2fe0     0x8  <for .data-1>
  .rodata              const    0x1fff2fe8     0x0  bwt_init3c.o [5]
                              - 0x1fff2fe8  0x2b9c

"P2", part 1 of 2:                            0x54
  CodeRelocateRam               0x1fff2fe8    0x4c  <Block>
    CodeRelocateRam-1           0x1fff2fe8    0x4c  <Init block>
      .textrw          inited   0x1fff2fe8    0x4c  sysinit.o [1]
  .data                         0x1fff3034     0x8  <Block>
    .data-1                     0x1fff3034     0x6  <Init block>
      .data            inited   0x1fff3034     0x2  control.o [1]
      .data            inited   0x1fff3036     0x2  control.o [1]
      .data            inited   0x1fff3038     0x1  control.o [1]
      .data            inited   0x1fff3039     0x1  control.o [1]
                              - 0x1fff303c    0x54

"P2", part 2 of 2:                           0x15e
  .bss                          0x1fff303c   0x15e  <Block>
    .bss               zero     0x1fff303c    0x10  adc.o [1]
    .bss               zero     0x1fff304c     0x4  control.o [1]
    .bss               zero     0x1fff3050     0x4  control.o [1]
    .bss               zero     0x1fff3054     0x4  control.o [1]
    .bss               zero     0x1fff3058     0x4  control.o [1]
    .bss               zero     0x1fff305c     0x4  control.o [1]
    .bss               zero     0x1fff3060     0x4  control.o [1]
    .bss               zero     0x1fff3064     0x4  control.o [1]
    .bss               zero     0x1fff3068    0x80  isr.o [1]
    .bss               zero     0x1fff30e8    0x80  isr.o [1]
    .bss               zero     0x1fff3168     0x4  sysinit.o [1]
    .bss               zero     0x1fff316c     0x4  sysinit.o [1]
    .bss               zero     0x1fff3170     0x4  sysinit.o [1]
    .bss               zero     0x1fff3174     0x2  control.o [1]
    .bss               zero     0x1fff3176     0x2  control.o [1]
    .bss               zero     0x1fff3178     0x2  control.o [1]
    .bss               zero     0x1fff317a     0x2  control.o [1]
    .bss               zero     0x1fff317c     0x2  control.o [1]
    .bss               zero     0x1fff317e     0x2  control.o [1]
    .bss               zero     0x1fff3180     0x2  control.o [1]
    .bss               zero     0x1fff3182     0x2  control.o [1]
    .bss               zero     0x1fff3184     0x2  control.o [1]
    .bss               zero     0x1fff3186     0x2  control.o [1]
    .bss               zero     0x1fff3188     0x2  control.o [1]
    .bss               zero     0x1fff318a     0x2  control.o [1]
    .bss               zero     0x1fff318c     0x2  isr.o [1]
    .bss               zero     0x1fff318e     0x1  control.o [1]
    .bss               zero     0x1fff318f     0x1  control.o [1]
    .bss               zero     0x1fff3190     0x1  control.o [1]
    .bss               zero     0x1fff3191     0x1  control.o [1]
    .bss               zero     0x1fff3192     0x1  control.o [1]
    .bss               zero     0x1fff3193     0x1  isr.o [1]
    .bss               zero     0x1fff3194     0x1  isr.o [1]
    .bss               zero     0x1fff3195     0x1  isr.o [1]
    .bss               zero     0x1fff3196     0x1  isr.o [1]
    .bss               zero     0x1fff3197     0x1  main.o [1]
    .bss               zero     0x1fff3198     0x1  main.o [1]
    .bss               zero     0x1fff3199     0x1  main.o [1]
                              - 0x1fff319a   0x15e


*******************************************************************************
*** INIT TABLE
***

          Address     Size
          -------     ----
Zero (__iar_zero_init3)
    1 destination range, total size 0x15e:
          0x1fff303c  0x15e



*******************************************************************************
*** MODULE SUMMARY
***

    Module            ro code  rw code  ro data  rw data
    ------            -------  -------  -------  -------
D:\FREESCALE智能车竞赛\freescale(九)\PhotoelectricCar\bin\Ram\Obj: [1]
    LQ12864.o             920             1 520
    adc.o                 476                         16
    common.o              180
    control.o           2 768                 6       63
    crt0.o                 60
    decoder.o             276
    delay.o                72
    gpio.o                148
    isr.o                 316                        262
    main.o                420                          3
    pit.o                 184
    pwm.o                 356
    pwm_servo.o           328
    start.o               176
    sysinit.o             528       76       76       12
    uart.o                524
    vectors.o               2             1 040
    wdog.o                 56
    ----------------------------------------------------
    Total:              7 790       76    2 642      356

command line: [2]
    ----------------------------------------------------
    Total:

dl7M_tln.a: [3]
    exit.o                  4
    low_level_init.o        4
    ----------------------------------------------------
    Total:                  8

m7M_tl.a: [4]
    DblMul.o              418
    DblToFlt.o            144
    FltAdd.o              132
    FltCmpGe.o             36
    FltCmpLe.o             36
    FltDiv.o              252
    FltMul.o              216
    FltSub.o              230
    FltToDbl.o             78
    FltToS32.o             68
    I32ToFlt.o             46
    ----------------------------------------------------
    Total:              1 656

rt7M_tl.a: [5]
    bwt_init3c.o
    cexit.o                10
    cmain.o                22
    cstartup_M.o           12
    data_init3.o           44
    zero_init3.o           34
    ----------------------------------------------------
    Total:                122

shb_l.a: [6]
    exit.o                 20
    ----------------------------------------------------
    Total:                 20

    Gaps                    8
    Linker created                           18
--------------------------------------------------------
    Grand Total:        9 604       76    2 660      356


*******************************************************************************
*** ENTRY LIST
***

Entry                      Address   Size  Type      Object
-----                      -------   ----  ----      ------
.bss$$Base              0x1fff303c          --   Gb  - Linker created -
.bss$$Limit             0x1fff319a          --   Gb  - Linker created -
.data$$Base             0x1fff3034          --   Gb  - Linker created -
.data$$Limit            0x1fff303c          --   Gb  - Linker created -
.data_init$$Base        0x1fff2fe0          --   Gb  - Linker created -
.data_init$$Limit       0x1fff2fe8          --   Gb  - Linker created -
?main                   0x1fff2f95         Code  Gb  cmain.o [5]
BlackManange            0x1fff0a1f   0xae  Code  Gb  control.o [1]
CCD_init                0x1fff044d   0x42  Code  Gb  control.o [1]
CalculateIntegrationTime
                        0x1fff07c9   0xa6  Code  Gb  control.o [1]
CalculateIntegrationTimeRight
                        0x1fff086f   0xa6  Code  Gb  control.o [1]
CodeRelocate$$Base      0x1fff2f0c          --   Gb  - Linker created -
CodeRelocate$$Limit     0x1fff2f58          --   Gb  - Linker created -
CodeRelocateRam$$Base   0x1fff2fe8          --   Gb  - Linker created -
CodeRelocateRam$$Limit  0x1fff3034          --   Gb  - Linker created -
F8X16                   0x1fff1c0c  0x5f0  Data  Gb  LQ12864.o [1]
FTM_QUAD_init           0x1fff2921  0x114  Code  Gb  decoder.o [1]
GetMotorPulse           0x1fff0b3d   0x4c  Code  Gb  control.o [1]
ImageCapture            0x1fff0615   0xda  Code  Gb  control.o [1]
ImageCapture_1          0x1fff06ef   0xda  Code  Gb  control.o [1]
IntegrationTime         0x1fff3038    0x1  Data  Gb  control.o [1]
IntegrationTime_Right   0x1fff3039    0x1  Data  Gb  control.o [1]
KeyScan                 0x1fff0e09   0x34  Code  Gb  control.o [1]
LCD_DLY_ms              0x1fff12ef   0x1a  Code  Gb  LQ12864.o [1]
LCD_Fill                0x1fff12b3   0x3c  Code  Gb  LQ12864.o [1]
LCD_Init                0x1fff1309  0x13a  Code  Gb  LQ12864.o [1]
LCD_P8x16_number        0x1fff1443   0xc4  Code  Gb  LQ12864.o [1]
LCD_Set_Pos             0x1fff1287   0x2c  Code  Gb  LQ12864.o [1]
LCD_WrCmd               0x1fff120d   0x7a  Code  Gb  LQ12864.o [1]
LCD_WrDat               0x1fff118d   0x7e  Code  Gb  LQ12864.o [1]
LCD_show                0x1fff0acd   0x4a  Code  Gb  control.o [1]
Master_Adc_Config       0x1fff303c   0x10  Data  Gb  adc.o [1]
MotorOutput             0x1fff0d21   0x30  Code  Gb  control.o [1]
MotorSpeedOut           0x1fff0d51   0x28  Code  Gb  control.o [1]
Motor_init              0x1fff27bd  0x106  Code  Gb  pwm.o [1]
Pixel                   0x1fff3068   0x80  Data  Gb  isr.o [1]
PixelAverage            0x1fff0915   0x28  Code  Gb  control.o [1]
PixelAverageValue       0x1fff318f    0x1  Data  Gb  control.o [1]
PixelAverageValue_Right
                        0x1fff3191    0x1  Data  Gb  control.o [1]
PixelAverageVoltage     0x1fff3190    0x1  Data  Gb  control.o [1]
PixelAverageVoltageError
                        0x1fff318a    0x2  Data  Gb  control.o [1]
PixelAverageVoltage_Right
                        0x1fff3192    0x1  Data  Gb  control.o [1]
Pixel_1                 0x1fff30e8   0x80  Data  Gb  isr.o [1]
Region$$Table$$Base     0x1fff2f84          --   Gb  - Linker created -
Region$$Table$$Limit    0x1fff2f94          --   Gb  - Linker created -
SamplingDelay           0x1fff0b19   0x24  Code  Gb  control.o [1]
SetMotorVoltage         0x1fff0d79   0x88  Code  Gb  control.o [1]
SpeedControl            0x1fff0b89  0x158  Code  Gb  control.o [1]
SpeedControlOutput      0x1fff0ce1   0x40  Code  Gb  control.o [1]
StartIntegration        0x1fff04bd   0xac  Code  Gb  control.o [1]
StartIntegrationRight   0x1fff0569   0xac  Code  Gb  control.o [1]
TIME1flag_20ms          0x1fff3196    0x1  Data  Gb  isr.o [1]
TargetPixelAverageVoltage
                        0x1fff3034    0x2  Data  Gb  control.o [1]
TargetPixelAverageVoltageAllowError
                        0x1fff3036    0x2  Data  Gb  control.o [1]
TimerCnt20ms            0x1fff3194    0x1  Data  Lc  isr.o [1]
__BOOT_STACK_ADDRESS {Abs}
                        0x2000fff8          --   Gb  command line/config [2]
__VECTOR_RAM {Abs}      0x1fff0000          --   Gb  command line/config [2]
__VECTOR_TABLE {Abs}    0x1fff0000          --   Gb  command line/config [2]
__aeabi_cfcmple         0x1fff1865         Code  Gb  FltCmpLe.o [4]
__aeabi_cfrcmple        0x1fff156d         Code  Gb  FltCmpGe.o [4]
__aeabi_d2f             0x1fff17d5         Code  Gb  DblToFlt.o [4]
__aeabi_dmul            0x1fff1631         Code  Gb  DblMul.o [4]
__aeabi_f2d             0x1fff15e1         Code  Gb  FltToDbl.o [4]
__aeabi_f2iz            0x1fff1bc9         Code  Gb  FltToS32.o [4]
__aeabi_fadd            0x1fff1889         Code  Gb  FltAdd.o [4]
__aeabi_fdiv            0x1fff1acd         Code  Gb  FltDiv.o [4]
__aeabi_fmul            0x1fff19f5         Code  Gb  FltMul.o [4]
__aeabi_fsub            0x1fff190d         Code  Gb  FltSub.o [4]
__aeabi_i2f             0x1fff1591         Code  Gb  I32ToFlt.o [4]
__cmain                 0x1fff2f95         Code  Gb  cmain.o [5]
__exit                  0x1fff2fc1   0x14  Code  Gb  exit.o [6]
__iar_SB                0x1fff2fe8         Data  Gb  bwt_init3c.o [5]
__iar_data_init3        0x1fff2f59   0x2c  Code  Gb  data_init3.o [5]
__iar_fadd              0x1fff1899         Code  Gb  FltAdd.o [4]
__iar_fsub              0x1fff191d         Code  Gb  FltSub.o [4]
__iar_fsubStart         0x1fff192d         Code  Gb  FltSub.o [4]
__iar_program_start     0x1fff2fd5         Code  Gb  cstartup_M.o [5]
__iar_ui2f              0x1fff15a5         Code  Gb  I32ToFlt.o [4]
__iar_zero_init3        0x1fff15bf   0x22  Code  Gb  zero_init3.o [5]
__low_level_init        0x1fff2fab    0x4  Code  Gb  low_level_init.o [3]
__startup               0x1fff0411         Code  Gb  crt0.o [1]
__vector_table          0x1fff0000  0x410  Data  Gb  vectors.o [1]
_call_main              0x1fff2fa1         Code  Gb  cmain.o [5]
_exit                   0x1fff2fb5         Code  Gb  cexit.o [5]
_main                   0x1fff2fa7         Code  Gb  cmain.o [5]
a                       0x1fff3199    0x1  Data  Gb  main.o [1]
button_init             0x1fff048f   0x2e  Code  Gb  control.o [1]
common_startup          0x1fff2e39   0x74  Code  Gb  start.o [1]
core_clk_khz            0x1fff3168    0x4  Data  Gb  sysinit.o [1]
core_clk_mhz            0x1fff316c    0x4  Data  Gb  sysinit.o [1]
default_isr             0x1fff162f    0x2  Code  Gb  vectors.o [1]
delay_ms                0x1fff1525   0x38  Code  Gb  delay.o [1]
dev                     0x1fff3178    0x2  Data  Gb  control.o [1]
enable_irq              0x1fff2af3   0x90  Code  Gb  common.o [1]
enable_pit_interrupt    0x1fff2a93   0x4c  Code  Gb  pit.o [1]
exit                    0x1fff2faf    0x4  Code  Gb  exit.o [3]
fb_clk_init             0x1fff225b   0x16  Code  Gb  sysinit.o [1]
g_fCarSpeed             0x1fff304c    0x4  Data  Gb  control.o [1]
g_fCarSpeedstart        0x1fff3050    0x4  Data  Gb  control.o [1]
g_fLeftMotorOut         0x1fff3064    0x4  Data  Gb  control.o [1]
g_fSpeedControlIntegral
                        0x1fff3054    0x4  Data  Gb  control.o [1]
g_fSpeedControlOut      0x1fff3060    0x4  Data  Gb  control.o [1]
g_fSpeedControlOutNew   0x1fff305c    0x4  Data  Gb  control.o [1]
g_fSpeedControlOutOld   0x1fff3058    0x4  Data  Gb  control.o [1]
g_n1MSEventCount        0x1fff3193    0x1  Data  Gb  isr.o [1]
g_nLeftMotorPulse       0x1fff317a    0x2  Data  Gb  control.o [1]
g_nLeftMotorPulseSigma  0x1fff3188    0x2  Data  Gb  control.o [1]
g_nSpeedControlCount    0x1fff3195    0x1  Data  Gb  isr.o [1]
g_nSpeedControlPeriod   0x1fff318e    0x1  Data  Gb  control.o [1]
getCCD                  0x1fff09d3   0x4c  Code  Gb  control.o [1]
get_left                0x1fff093d   0x4c  Code  Gb  control.o [1]
get_right               0x1fff0989   0x4a  Code  Gb  control.o [1]
gpio_init               0x1fff0f1d   0x7a  Code  Gb  gpio.o [1]
hw_FTM1_init            0x1fff2ba1   0xfa  Code  Gb  pwm_servo.o [1]
hw_ad_once              0x1fff0fff   0x4a  Code  Gb  adc.o [1]
hw_adc_config_alt       0x1fff1145   0x26  Code  Gb  adc.o [1]
hw_adc_convertstart     0x1fff1049   0xfc  Code  Gb  adc.o [1]
hw_adc_init             0x1fff0fb1   0x4e  Code  Gb  adc.o [1]
hw_pit_init             0x1fff2a35   0x5e  Code  Gb  pit.o [1]
integration_piont       0x1fff3197    0x1  Data  Gb  main.o [1]
integration_piont_Right
                        0x1fff3198    0x1  Data  Gb  main.o [1]
left                    0x1fff317c    0x2  Data  Gb  control.o [1]
left_OFFSET             0x1fff3184    0x2  Data  Gb  control.o [1]
left_c                  0x1fff3180    0x2  Data  Gb  control.o [1]
left_l                  0x1fff3174    0x2  Data  Gb  control.o [1]
main                    0x1fff2619   0x6a  Code  Gb  main.o [1]
periph_clk_khz          0x1fff3170    0x4  Data  Gb  sysinit.o [1]
pit0_isr                0x1fff2ce9  0x13c  Code  Gb  isr.o [1]
pll_init                0x1fff2271  0x15a  Code  Gb  sysinit.o [1]
right                   0x1fff317e    0x2  Data  Gb  control.o [1]
right_OFFSET            0x1fff3186    0x2  Data  Gb  control.o [1]
right_c                 0x1fff3182    0x2  Data  Gb  control.o [1]
right_l                 0x1fff3176    0x2  Data  Gb  control.o [1]
set_sys_dividers        0x1fff2fe9   0x4c  Code  Gb  sysinit.o [1]
speedflag               0x1fff318c    0x2  Data  Gb  isr.o [1]
start                   0x1fff2e25   0x14  Code  Gb  start.o [1]
sysinit                 0x1fff21fd   0x48  Code  Gb  sysinit.o [1]
system_init             0x1fff2685   0xfa  Code  Gb  main.o [1]
trace_clk_init          0x1fff2245   0x16  Code  Gb  sysinit.o [1]
uart_init               0x1fff240d  0x1ba  Code  Gb  uart.o [1]
wdog_disable            0x1fff2ed5   0x16  Code  Gb  wdog.o [1]
wdog_unlock             0x1fff2eed   0x16  Code  Gb  wdog.o [1]
write_vtor              0x1fff2aed    0x6  Code  Gb  common.o [1]


[1] = D:\FREESCALE智能车竞赛\freescale(九)\PhotoelectricCar\bin\Ram\Obj
[2] = command line
[3] = dl7M_tln.a
[4] = m7M_tl.a
[5] = rt7M_tl.a
[6] = shb_l.a

  9 604 bytes of readonly  code memory
     76 bytes of readwrite code memory
  2 660 bytes of readonly  data memory
    356 bytes of readwrite data memory

Errors: none
Warnings: none
